#
# There is insufficient memory for the Java Runtime Environment to continue.
# Native memory allocation (malloc) failed to allocate 114744 bytes. Error detail: Chunk::new
# Possible reasons:
#   The system is out of physical RAM or swap space
#   This process is running with CompressedOops enabled, and the Java Heap may be blocking the growth of the native heap
# Possible solutions:
#   Reduce memory load on the system
#   Increase physical memory or swap space
#   Check if swap backing store is full
#   Decrease Java heap size (-Xmx/-Xms)
#   Decrease number of Java threads
#   Decrease Java thread stack sizes (-Xss)
#   Set larger code cache with -XX:ReservedCodeCacheSize=
#   JVM is running with Unscaled Compressed Oops mode in which the Java heap is
#     placed in the first 4GB address space. The Java Heap base address is the
#     maximum limit for the native heap growth. Please use -XX:HeapBaseMinAddress
#     to set the Java Heap base and to place the Java Heap above 4GB virtual address.
# This output file may be truncated or incomplete.
#
#  Out of Memory Error (arena.cpp:186), pid=4660, tid=13928
#
# JRE version: Java(TM) SE Runtime Environment (25.0+37) (build 25+37-LTS-3491)
# Java VM: Java HotSpot(TM) 64-Bit Server VM (25+37-LTS-3491, mixed mode, sharing, tiered, compressed oops, compressed class ptrs, g1 gc, windows-amd64)
# No core dump will be written. Minidumps are not enabled by default on client versions of Windows
#

---------------  S U M M A R Y ------------

Command Line: -Xmx64m -Xms64m -Dorg.gradle.appname=gradlew C:\Users\Administrador\AndroidStudioProjects\Transporte_Interiorano\\gradle\wrapper\gradle-wrapper.jar assembleDebug --no-daemon --max-workers=1

Host: Intel(R) Core(TM) i5-1035G1 CPU @ 1.00GHz, 4 cores, 11G,  Windows 10 , 64 bit Build 19041 (10.0.19041.7291)
Time: Fri Jun 26 09:35:26 2026 Hora oficial do Brasil elapsed time: 36.669112 seconds (0d 0h 0m 36s)

---------------  T H R E A D  ---------------

Current thread (0x0000017ef4d00af0):  JavaThread "C2 CompilerThread0" daemon [_thread_in_native, id=13928, stack(0x00000007fd300000,0x00000007fd400000) (1024K)]


Current CompileTask:
C2:36669 2632       4       org.gradle.internal.logging.text.AbstractLineChoppingStyledTextOutput$1::execute (140 bytes)

Stack: [0x00000007fd300000,0x00000007fd400000]
Native frames: (J=compiled Java code, j=interpreted, Vv=VM code, C=native code)
V  [jvm.dll+0x7a6a39]  (no source info available)
V  [jvm.dll+0x7727ed]  (no source info available)
V  [jvm.dll+0x965f33]  (no source info available)
V  [jvm.dll+0x968531]  (no source info available)
V  [jvm.dll+0x968c33]  (no source info available)
V  [jvm.dll+0x2fc756]  (no source info available)
V  [jvm.dll+0x111b26]  (no source info available)
V  [jvm.dll+0x111e4e]  (no source info available)
V  [jvm.dll+0x381801]  (no source info available)
V  [jvm.dll+0x6b8b29]  (no source info available)
V  [jvm.dll+0x2c9bfa]  (no source info available)
V  [jvm.dll+0x2c210d]  (no source info available)
V  [jvm.dll+0x2bf995]  (no source info available)
V  [jvm.dll+0x237b60]  (no source info available)
V  [jvm.dll+0x2cfb56]  (no source info available)
V  [jvm.dll+0x2cddd5]  (no source info available)
V  [jvm.dll+0x48e671]  (no source info available)
V  [jvm.dll+0x90681d]  (no source info available)
V  [jvm.dll+0x7a5015]  (no source info available)
C  [ucrtbase.dll+0x21bb2]  (no source info available)
C  [KERNEL32.DLL+0x17374]  (no source info available)
C  [ntdll.dll+0x4cc91]  (no source info available)

Lock stack of current Java thread (top to bottom):


---------------  P R O C E S S  ---------------

Threads class SMR info:
_java_thread_list=0x0000017efa905410, length=21, elements={
0x0000017ed8d02170, 0x0000017edafedcd0, 0x0000017ef4cccf40, 0x0000017ef4ccea00,
0x0000017ef4ccf910, 0x0000017ef4cd05a0, 0x0000017ef4cd9240, 0x0000017ef4d00af0,
0x0000017ef4d08830, 0x0000017ef4dbe1d0, 0x0000017ef4dbe990, 0x0000017ef9d63920,
0x0000017efa719260, 0x0000017efa81f480, 0x0000017efa765380, 0x0000017efa6f1c60,
0x0000017efa80ffb0, 0x0000017efa977610, 0x0000017efa96f170, 0x0000017efa96e9a0,
0x0000017efa96bac0
}

Java Threads: ( => current thread )
  0x0000017ed8d02170 JavaThread "main"                              [_thread_in_native, id=21372, stack(0x00000007fc500000,0x00000007fc600000) (1024K)]
  0x0000017edafedcd0 JavaThread "Reference Handler"          daemon [_thread_blocked, id=12740, stack(0x00000007fcd00000,0x00000007fce00000) (1024K)]
  0x0000017ef4cccf40 JavaThread "Finalizer"                  daemon [_thread_blocked, id=4848, stack(0x00000007fce00000,0x00000007fcf00000) (1024K)]
  0x0000017ef4ccea00 JavaThread "Signal Dispatcher"          daemon [_thread_blocked, id=13336, stack(0x00000007fcf00000,0x00000007fd000000) (1024K)]
  0x0000017ef4ccf910 JavaThread "Attach Listener"            daemon [_thread_blocked, id=19564, stack(0x00000007fd000000,0x00000007fd100000) (1024K)]
  0x0000017ef4cd05a0 JavaThread "Service Thread"             daemon [_thread_blocked, id=12504, stack(0x00000007fd100000,0x00000007fd200000) (1024K)]
  0x0000017ef4cd9240 JavaThread "Monitor Deflation Thread"   daemon [_thread_blocked, id=22344, stack(0x00000007fd200000,0x00000007fd300000) (1024K)]
=>0x0000017ef4d00af0 JavaThread "C2 CompilerThread0"         daemon [_thread_in_native, id=13928, stack(0x00000007fd300000,0x00000007fd400000) (1024K)]
  0x0000017ef4d08830 JavaThread "C1 CompilerThread0"         daemon [_thread_blocked, id=18724, stack(0x00000007fd400000,0x00000007fd500000) (1024K)]
  0x0000017ef4dbe1d0 JavaThread "Notification Thread"        daemon [_thread_blocked, id=9780, stack(0x00000007fd500000,0x00000007fd600000) (1024K)]
  0x0000017ef4dbe990 JavaThread "Common-Cleaner"             daemon [_thread_blocked, id=9848, stack(0x00000007fd600000,0x00000007fd700000) (1024K)]
  0x0000017ef9d63920 JavaThread "pool-1-thread-1"                   [_thread_in_native, id=17660, stack(0x00000007fd900000,0x00000007fda00000) (1024K)]
  0x0000017efa719260 JavaThread "ForkJoinPool.commonPool-worker-1" daemon [_thread_blocked, id=10900, stack(0x00000007fdc00000,0x00000007fdd00000) (1024K)]
  0x0000017efa81f480 JavaThread "ForkJoinPool.commonPool-worker-2" daemon [_thread_blocked, id=15004, stack(0x00000007fdd00000,0x00000007fde00000) (1024K)]
  0x0000017efa765380 JavaThread "ForkJoinPool.commonPool-worker-3" daemon [_thread_blocked, id=3708, stack(0x00000007fde00000,0x00000007fdf00000) (1024K)]
  0x0000017efa6f1c60 JavaThread "Exec process"                      [_thread_blocked, id=20340, stack(0x00000007fdf00000,0x00000007fe000000) (1024K)]
  0x0000017efa80ffb0 JavaThread "Exec process Thread 2"      daemon [_thread_blocked, id=4532, stack(0x00000007fe000000,0x00000007fe100000) (1024K)]
  0x0000017efa977610 JavaThread "Exec process Thread 3"             [_thread_blocked, id=16404, stack(0x00000007fe100000,0x00000007fe200000) (1024K)]
  0x0000017efa96f170 JavaThread "Exec process Thread 4"             [_thread_blocked, id=9944, stack(0x00000007fe200000,0x00000007fe300000) (1024K)]
  0x0000017efa96e9a0 JavaThread "Exec process Thread 5"      daemon [_thread_blocked, id=14704, stack(0x00000007fe300000,0x00000007fe400000) (1024K)]
  0x0000017efa96bac0 JavaThread "Exec process Thread 6"      daemon [_thread_blocked, id=17108, stack(0x00000007fe400000,0x00000007fe500000) (1024K)]
Total: 21

Other Threads:
  0x0000017edafda370 VMThread "VM Thread"                           [id=16660, stack(0x00000007fcc00000,0x00000007fcd00000) (1024K)]
  0x0000017edafc9210 WatcherThread "VM Periodic Task Thread"        [id=16548, stack(0x00000007fcb00000,0x00000007fcc00000) (1024K)]
  0x0000017edaf45e00 WorkerThread "GC Thread#0"                     [id=3636, stack(0x00000007fc600000,0x00000007fc700000) (1024K)]
  0x0000017ef9867010 WorkerThread "GC Thread#1"                     [id=21636, stack(0x00000007fd800000,0x00000007fd900000) (1024K)]
  0x0000017efa59d2d0 WorkerThread "GC Thread#2"                     [id=21368, stack(0x00000007fda00000,0x00000007fdb00000) (1024K)]
  0x0000017efa594c70 WorkerThread "GC Thread#3"                     [id=14404, stack(0x00000007fdb00000,0x00000007fdc00000) (1024K)]
  0x0000017edaf47ad0 ConcurrentGCThread "G1 Main Marker"            [id=13820, stack(0x00000007fc700000,0x00000007fc800000) (1024K)]
  0x0000017edaf488c0 WorkerThread "G1 Conc#0"                       [id=19724, stack(0x00000007fc800000,0x00000007fc900000) (1024K)]
  0x0000017edaf79bf0 ConcurrentGCThread "G1 Refine#0"               [id=20052, stack(0x00000007fc900000,0x00000007fca00000) (1024K)]
  0x0000017edaf7a600 ConcurrentGCThread "G1 Service"                [id=12176, stack(0x00000007fca00000,0x00000007fcb00000) (1024K)]
Total: 10

Threads with active compile tasks:
C2 CompilerThread0  36712 2632       4       org.gradle.internal.logging.text.AbstractLineChoppingStyledTextOutput$1::execute (140 bytes)
Total: 1

VM state: not at safepoint (normal execution)

VM Mutex/Monitor currently owned by a thread: None

Heap address: 0x00000000fc000000, size: 64 MB, Compressed Oops mode: 32-bit

CDS archive(s) mapped at: [0x0000000082000000-0x0000000082dd0000-0x0000000082dd0000), size 14483456, SharedBaseAddress: 0x0000000082000000, ArchiveRelocationMode: 1.
Compressed class space mapped at: 0x0000000083000000-0x00000000c3000000, reserved size: 1073741824
UseCompressedClassPointers 1, UseCompactObjectHeaders 0
Narrow klass pointer bits 32, Max shift 3
Narrow klass base: 0x0000000082000000, Narrow klass shift: 0
Encoding Range: [0x0000000082000000 - 0x0000000182000000), (4294967296 bytes)
Klass Range:    [0x0000000082010000 - 0x00000000c3000000), (1090453504 bytes)
Klass ID Range:  [65536 - 1090519033) (1090453497)
Protection zone: [0x0000000082000000 - 0x0000000082010000), (65536 bytes)

GC Precious Log:
 CardTable entry size: 512
 Card Set container configuration: InlinePtr #cards 5 size 8 Array Of Cards #cards 10 size 36 Howl #buckets 4 coarsen threshold 1843 Howl Bitmap #cards 512 size 80 coarsen threshold 460 Card regions per heap region 1 cards per card region 2048
 CPUs: 4 total, 4 available
 Memory: 12083M
 Large Page Support: Disabled
 NUMA Support: Disabled
 Compressed Oops: Enabled (32-bit)
 Heap Region Size: 1M
 Heap Min Capacity: 64M
 Heap Initial Capacity: 64M
 Heap Max Capacity: 64M
 Pre-touch: Disabled
 Parallel Workers: 4
 Concurrent Workers: 1
 Concurrent Refinement Workers: 4
 Periodic GC: Disabled

Heap:
 garbage-first heap   total reserved 65536K, committed 65536K, used 36473K [0x00000000fc000000, 0x0000000100000000)
  region size 1024K, 29 young (29696K), 4 survivors (4096K)

Heap Regions: E=young(eden), S=young(survivor), O=old, HS=humongous(starts), HC=humongous(continues), CS=collection set, F=free, TAMS=top-at-mark-start, PB=parsable bottom
|   0|0x00000000fc000000, 0x00000000fc100000, 0x00000000fc100000|100%|HS|  |TAMS 0x00000000fc000000| PB 0x00000000fc000000| Complete |  0
|   1|0x00000000fc100000, 0x00000000fc200000, 0x00000000fc200000|100%|HC|  |TAMS 0x00000000fc100000| PB 0x00000000fc100000| Complete |  0
|   2|0x00000000fc200000, 0x00000000fc300000, 0x00000000fc300000|100%|HC|  |TAMS 0x00000000fc200000| PB 0x00000000fc200000| Complete |  0
|   3|0x00000000fc300000, 0x00000000fc400000, 0x00000000fc400000|100%|HC|  |TAMS 0x00000000fc300000| PB 0x00000000fc300000| Complete |  0
|   4|0x00000000fc400000, 0x00000000fc500000, 0x00000000fc500000|100%| O|  |TAMS 0x00000000fc400000| PB 0x00000000fc400000| Untracked |  0
|   5|0x00000000fc500000, 0x00000000fc600000, 0x00000000fc600000|100%| O|  |TAMS 0x00000000fc500000| PB 0x00000000fc500000| Untracked |  0
|   6|0x00000000fc600000, 0x00000000fc700000, 0x00000000fc700000|100%| O|  |TAMS 0x00000000fc600000| PB 0x00000000fc600000| Untracked |  0
|   7|0x00000000fc700000, 0x00000000fc778f00, 0x00000000fc800000| 47%| O|  |TAMS 0x00000000fc700000| PB 0x00000000fc700000| Untracked |  0
|   8|0x00000000fc800000, 0x00000000fc800000, 0x00000000fc900000|  0%| F|  |TAMS 0x00000000fc800000| PB 0x00000000fc800000| Untracked |  0
|   9|0x00000000fc900000, 0x00000000fc900000, 0x00000000fca00000|  0%| F|  |TAMS 0x00000000fc900000| PB 0x00000000fc900000| Untracked |  0
|  10|0x00000000fca00000, 0x00000000fca00000, 0x00000000fcb00000|  0%| F|  |TAMS 0x00000000fca00000| PB 0x00000000fca00000| Untracked |  0
|  11|0x00000000fcb00000, 0x00000000fcb00000, 0x00000000fcc00000|  0%| F|  |TAMS 0x00000000fcb00000| PB 0x00000000fcb00000| Untracked |  0
|  12|0x00000000fcc00000, 0x00000000fcc00000, 0x00000000fcd00000|  0%| F|  |TAMS 0x00000000fcc00000| PB 0x00000000fcc00000| Untracked |  0
|  13|0x00000000fcd00000, 0x00000000fcd00000, 0x00000000fce00000|  0%| F|  |TAMS 0x00000000fcd00000| PB 0x00000000fcd00000| Untracked |  0
|  14|0x00000000fce00000, 0x00000000fce00000, 0x00000000fcf00000|  0%| F|  |TAMS 0x00000000fce00000| PB 0x00000000fce00000| Untracked |  0
|  15|0x00000000fcf00000, 0x00000000fcf00000, 0x00000000fd000000|  0%| F|  |TAMS 0x00000000fcf00000| PB 0x00000000fcf00000| Untracked |  0
|  16|0x00000000fd000000, 0x00000000fd000000, 0x00000000fd100000|  0%| F|  |TAMS 0x00000000fd000000| PB 0x00000000fd000000| Untracked |  0
|  17|0x00000000fd100000, 0x00000000fd100000, 0x00000000fd200000|  0%| F|  |TAMS 0x00000000fd100000| PB 0x00000000fd100000| Untracked |  0
|  18|0x00000000fd200000, 0x00000000fd200000, 0x00000000fd300000|  0%| F|  |TAMS 0x00000000fd200000| PB 0x00000000fd200000| Untracked |  0
|  19|0x00000000fd300000, 0x00000000fd300000, 0x00000000fd400000|  0%| F|  |TAMS 0x00000000fd300000| PB 0x00000000fd300000| Untracked |  0
|  20|0x00000000fd400000, 0x00000000fd400000, 0x00000000fd500000|  0%| F|  |TAMS 0x00000000fd400000| PB 0x00000000fd400000| Untracked |  0
|  21|0x00000000fd500000, 0x00000000fd500000, 0x00000000fd600000|  0%| F|  |TAMS 0x00000000fd500000| PB 0x00000000fd500000| Untracked |  0
|  22|0x00000000fd600000, 0x00000000fd600000, 0x00000000fd700000|  0%| F|  |TAMS 0x00000000fd600000| PB 0x00000000fd600000| Untracked |  0
|  23|0x00000000fd700000, 0x00000000fd700000, 0x00000000fd800000|  0%| F|  |TAMS 0x00000000fd700000| PB 0x00000000fd700000| Untracked |  0
|  24|0x00000000fd800000, 0x00000000fd800000, 0x00000000fd900000|  0%| F|  |TAMS 0x00000000fd800000| PB 0x00000000fd800000| Untracked |  0
|  25|0x00000000fd900000, 0x00000000fd900000, 0x00000000fda00000|  0%| F|  |TAMS 0x00000000fd900000| PB 0x00000000fd900000| Untracked |  0
|  26|0x00000000fda00000, 0x00000000fda00000, 0x00000000fdb00000|  0%| F|  |TAMS 0x00000000fda00000| PB 0x00000000fda00000| Untracked |  0
|  27|0x00000000fdb00000, 0x00000000fdb00000, 0x00000000fdc00000|  0%| F|  |TAMS 0x00000000fdb00000| PB 0x00000000fdb00000| Untracked |  0
|  28|0x00000000fdc00000, 0x00000000fdd00000, 0x00000000fdd00000|100%| S|CS|TAMS 0x00000000fdc00000| PB 0x00000000fdc00000| Complete |  0
|  29|0x00000000fdd00000, 0x00000000fde00000, 0x00000000fde00000|100%| S|CS|TAMS 0x00000000fdd00000| PB 0x00000000fdd00000| Complete |  0
|  30|0x00000000fde00000, 0x00000000fde00000, 0x00000000fdf00000|  0%| F|  |TAMS 0x00000000fde00000| PB 0x00000000fde00000| Untracked |  0
|  31|0x00000000fdf00000, 0x00000000fdf00000, 0x00000000fe000000|  0%| F|  |TAMS 0x00000000fdf00000| PB 0x00000000fdf00000| Untracked |  0
|  32|0x00000000fe000000, 0x00000000fe000000, 0x00000000fe100000|  0%| F|  |TAMS 0x00000000fe000000| PB 0x00000000fe000000| Untracked |  0
|  33|0x00000000fe100000, 0x00000000fe100000, 0x00000000fe200000|  0%| F|  |TAMS 0x00000000fe100000| PB 0x00000000fe100000| Untracked |  0
|  34|0x00000000fe200000, 0x00000000fe300000, 0x00000000fe300000|100%| S|CS|TAMS 0x00000000fe200000| PB 0x00000000fe200000| Complete |  0
|  35|0x00000000fe300000, 0x00000000fe400000, 0x00000000fe400000|100%| S|CS|TAMS 0x00000000fe300000| PB 0x00000000fe300000| Complete |  0
|  36|0x00000000fe400000, 0x00000000fe400000, 0x00000000fe500000|  0%| F|  |TAMS 0x00000000fe400000| PB 0x00000000fe400000| Untracked |  0
|  37|0x00000000fe500000, 0x00000000fe5c4aa0, 0x00000000fe600000| 76%| E|  |TAMS 0x00000000fe500000| PB 0x00000000fe500000| Complete |  0
|  38|0x00000000fe600000, 0x00000000fe700000, 0x00000000fe700000|100%| E|CS|TAMS 0x00000000fe600000| PB 0x00000000fe600000| Complete |  0
|  39|0x00000000fe700000, 0x00000000fe800000, 0x00000000fe800000|100%| E|CS|TAMS 0x00000000fe700000| PB 0x00000000fe700000| Complete |  0
|  40|0x00000000fe800000, 0x00000000fe900000, 0x00000000fe900000|100%| E|CS|TAMS 0x00000000fe800000| PB 0x00000000fe800000| Complete |  0
|  41|0x00000000fe900000, 0x00000000fea00000, 0x00000000fea00000|100%| E|CS|TAMS 0x00000000fe900000| PB 0x00000000fe900000| Complete |  0
|  42|0x00000000fea00000, 0x00000000feb00000, 0x00000000feb00000|100%| E|CS|TAMS 0x00000000fea00000| PB 0x00000000fea00000| Complete |  0
|  43|0x00000000feb00000, 0x00000000fec00000, 0x00000000fec00000|100%| E|CS|TAMS 0x00000000feb00000| PB 0x00000000feb00000| Complete |  0
|  44|0x00000000fec00000, 0x00000000fed00000, 0x00000000fed00000|100%| E|  |TAMS 0x00000000fec00000| PB 0x00000000fec00000| Complete |  0
|  45|0x00000000fed00000, 0x00000000fee00000, 0x00000000fee00000|100%| E|CS|TAMS 0x00000000fed00000| PB 0x00000000fed00000| Complete |  0
|  46|0x00000000fee00000, 0x00000000fef00000, 0x00000000fef00000|100%| E|CS|TAMS 0x00000000fee00000| PB 0x00000000fee00000| Complete |  0
|  47|0x00000000fef00000, 0x00000000ff000000, 0x00000000ff000000|100%| E|CS|TAMS 0x00000000fef00000| PB 0x00000000fef00000| Complete |  0
|  48|0x00000000ff000000, 0x00000000ff100000, 0x00000000ff100000|100%| E|CS|TAMS 0x00000000ff000000| PB 0x00000000ff000000| Complete |  0
|  49|0x00000000ff100000, 0x00000000ff200000, 0x00000000ff200000|100%| E|CS|TAMS 0x00000000ff100000| PB 0x00000000ff100000| Complete |  0
|  50|0x00000000ff200000, 0x00000000ff300000, 0x00000000ff300000|100%| E|CS|TAMS 0x00000000ff200000| PB 0x00000000ff200000| Complete |  0
|  51|0x00000000ff300000, 0x00000000ff400000, 0x00000000ff400000|100%| E|CS|TAMS 0x00000000ff300000| PB 0x00000000ff300000| Complete |  0
|  52|0x00000000ff400000, 0x00000000ff500000, 0x00000000ff500000|100%| E|CS|TAMS 0x00000000ff400000| PB 0x00000000ff400000| Complete |  0
|  53|0x00000000ff500000, 0x00000000ff600000, 0x00000000ff600000|100%| E|CS|TAMS 0x00000000ff500000| PB 0x00000000ff500000| Complete |  0
|  54|0x00000000ff600000, 0x00000000ff700000, 0x00000000ff700000|100%| E|CS|TAMS 0x00000000ff600000| PB 0x00000000ff600000| Complete |  0
|  55|0x00000000ff700000, 0x00000000ff800000, 0x00000000ff800000|100%| E|CS|TAMS 0x00000000ff700000| PB 0x00000000ff700000| Complete |  0
|  56|0x00000000ff800000, 0x00000000ff900000, 0x00000000ff900000|100%| E|CS|TAMS 0x00000000ff800000| PB 0x00000000ff800000| Complete |  0
|  57|0x00000000ff900000, 0x00000000ffa00000, 0x00000000ffa00000|100%| E|CS|TAMS 0x00000000ff900000| PB 0x00000000ff900000| Complete |  0
|  58|0x00000000ffa00000, 0x00000000ffb00000, 0x00000000ffb00000|100%| E|CS|TAMS 0x00000000ffa00000| PB 0x00000000ffa00000| Complete |  0
|  59|0x00000000ffb00000, 0x00000000ffc00000, 0x00000000ffc00000|100%| E|CS|TAMS 0x00000000ffb00000| PB 0x00000000ffb00000| Complete |  0
|  60|0x00000000ffc00000, 0x00000000ffd00000, 0x00000000ffd00000|100%| E|CS|TAMS 0x00000000ffc00000| PB 0x00000000ffc00000| Complete |  0
|  61|0x00000000ffd00000, 0x00000000ffe00000, 0x00000000ffe00000|100%| E|CS|TAMS 0x00000000ffd00000| PB 0x00000000ffd00000| Complete |  0
|  62|0x00000000ffe00000, 0x00000000fff00000, 0x00000000fff00000|100%| O|  |TAMS 0x00000000ffe00000| PB 0x00000000ffe00000| Untracked |  0
|  63|0x00000000fff00000, 0x00000000fff25608, 0x0000000100000000| 14%| O|  |TAMS 0x00000000fff00000| PB 0x00000000fff00000| Untracked |  0

Card table byte_map: [0x0000017ed8c90000,0x0000017ed8cb0000] _byte_map_base: 0x0000017ed84b0000

Marking Bits: (CMBitMap*) 0x0000017edaf46590
 Bits: [0x0000017edad10000, 0x0000017edae10000)

Polling page: 0x0000017ed8c40000

Metaspace:
Metaspace        used 13462K, committed 13824K, reserved 1114112K
 class space     used 1399K, committed 1536K, reserved 1048576K

Usage:
  Non-class:     11.78 MB used.
      Class:      1.37 MB used.
       Both:     13.15 MB used.

Virtual space:
  Non-class space:       64.00 MB reserved,      12.00 MB ( 19%) committed,  1 nodes.
      Class space:        1.00 GB reserved,       1.50 MB ( <1%) committed,  1 nodes.
             Both:        1.06 GB reserved,      13.50 MB (  1%) committed. 

Chunk freelists:
   Non-Class:  3.75 MB
       Class:  14.51 MB
        Both:  18.26 MB

MaxMetaspaceSize: unlimited
CompressedClassSpaceSize: 1.00 GB
Initial GC threshold: 21.00 MB
Current GC threshold: 21.00 MB
CDS: on
 - commit_granule_bytes: 65536.
 - commit_granule_words: 8192.
 - virtual_space_node_default_size: 8388608.
 - enlarge_chunks_in_place: 1.
UseCompressedClassPointers 1, UseCompactObjectHeaders 0
Narrow klass pointer bits 32, Max shift 3
Narrow klass base: 0x0000000082000000, Narrow klass shift: 0
Encoding Range: [0x0000000082000000 - 0x0000000182000000), (4294967296 bytes)
Klass Range:    [0x0000000082010000 - 0x00000000c3000000), (1090453504 bytes)
Klass ID Range:  [65536 - 1090519033) (1090453497)
Protection zone: [0x0000000082000000 - 0x0000000082010000), (65536 bytes)


Internal statistics:

num_allocs_failed_limit: 0.
num_arena_births: 392.
num_arena_deaths: 0.
num_vsnodes_births: 2.
num_vsnodes_deaths: 0.
num_space_committed: 216.
num_space_uncommitted: 0.
num_chunks_returned_to_freelist: 0.
num_chunks_taken_from_freelist: 811.
num_chunk_merges: 0.
num_chunk_splits: 537.
num_chunks_enlarged: 385.
num_inconsistent_stats: 0.

CodeHeap 'non-profiled nmethods': size=120064Kb used=817Kb max_used=817Kb free=119246Kb
 bounds [0x0000017eeb270000, 0x0000017eeb4e0000, 0x0000017ef27b0000]
CodeHeap 'profiled nmethods': size=120000Kb used=3988Kb max_used=3988Kb free=116011Kb
 bounds [0x0000017ee37b0000, 0x0000017ee3ba0000, 0x0000017eeace0000]
CodeHeap 'non-nmethods': size=5696Kb used=1567Kb max_used=1584Kb free=4128Kb
 bounds [0x0000017eeace0000, 0x0000017eeaf50000, 0x0000017eeb270000]
CodeCache: size=245760Kb, used=6372Kb, max_used=6389Kb, free=239385Kb
 total_blobs=3197, nmethods=2634, adapters=466, full_count=0
Compilation: enabled, stopped_count=0, restarted_count=0

Compilation events (20 events):
Event: 36.651 Thread 0x0000017ef4d08830 nmethod 2624 0x0000017ee3b92808 code [0x0000017ee3b92900, 0x0000017ee3b92d38]
Event: 36.652 Thread 0x0000017ef4d00af0 2625       4       org.gradle.internal.logging.text.AbstractLineChoppingStyledTextOutput$StateContext::isCurrentCharEquals (70 bytes)
Event: 36.653 Thread 0x0000017ef4d00af0 nmethod 2625 0x0000017eeb33b888 code [0x0000017eeb33b980, 0x0000017eeb33bb10]
Event: 36.654 Thread 0x0000017ef4d08830 2626       3       org.gradle.internal.logging.console.DefaultAnsiExecutor$AnsiContextImpl::a (234 bytes)
Event: 36.655 Thread 0x0000017ef4d08830 nmethod 2626 0x0000017ee3b92d88 code [0x0000017ee3b92e80, 0x0000017ee3b942c8]
Event: 36.658 Thread 0x0000017ef4d08830 2627       3       java.lang.StringCoding::implEncodeAsciiArray (47 bytes)
Event: 36.658 Thread 0x0000017ef4d08830 nmethod 2627 0x0000017ee3b94308 code [0x0000017ee3b94400, 0x0000017ee3b94630]
Event: 36.661 Thread 0x0000017ef4d08830 2628       3       java.nio.CharBuffer::position (8 bytes)
Event: 36.661 Thread 0x0000017ef4d08830 nmethod 2628 0x0000017ee3b94688 code [0x0000017ee3b94780, 0x0000017ee3b948d0]
Event: 36.661 Thread 0x0000017ef4d08830 2629       3       java.nio.CharBuffer::position (6 bytes)
Event: 36.661 Thread 0x0000017ef4d08830 nmethod 2629 0x0000017ee3b94988 code [0x0000017ee3b94a80, 0x0000017ee3b94ca8]
Event: 36.661 Thread 0x0000017ef4d08830 2630       3       java.nio.charset.CoderResult::isUnderflow (13 bytes)
Event: 36.661 Thread 0x0000017ef4d08830 nmethod 2630 0x0000017ee3b94d08 code [0x0000017ee3b94e00, 0x0000017ee3b94f58]
Event: 36.661 Thread 0x0000017ef4d00af0 2631       4       org.gradle.internal.logging.text.AbstractLineChoppingStyledTextOutput$StateContext::hasChar (25 bytes)
Event: 36.662 Thread 0x0000017ef4d00af0 nmethod 2631 0x0000017eeb33bb88 code [0x0000017eeb33bc80, 0x0000017eeb33bd28]
Event: 36.662 Thread 0x0000017ef4d00af0 2632       4       org.gradle.internal.logging.text.AbstractLineChoppingStyledTextOutput$1::execute (140 bytes)
Event: 36.663 Thread 0x0000017ef4d08830 2635       1       java.nio.charset.CharsetEncoder::maxBytesPerChar (5 bytes)
Event: 36.663 Thread 0x0000017ef4d08830 nmethod 2635 0x0000017eeb33c188 code [0x0000017eeb33c280, 0x0000017eeb33c348]
Event: 36.664 Thread 0x0000017ef4d08830 2636       3       java.nio.ByteBuffer::position (6 bytes)
Event: 36.664 Thread 0x0000017ef4d08830 nmethod 2636 0x0000017ee3b95008 code [0x0000017ee3b95100, 0x0000017ee3b952c8]

GC Heap Usage History (4 events):
Event: 0.465 {heap Before GC invocations=0 (full 0):
 garbage-first heap   total reserved 65536K, committed 65536K, used 29845K [0x00000000fc000000, 0x0000000100000000)
  region size 1024K, 28 young (28672K), 0 survivors (0K)
}
Event: 0.473 {heap After GC invocations=1 (full 0):
 garbage-first heap   total reserved 65536K, committed 65536K, used 5013K [0x00000000fc000000, 0x0000000100000000)
  region size 1024K, 4 young (4096K), 4 survivors (4096K)
}
Event: 1.088 {heap Before GC invocations=1 (full 0):
 garbage-first heap   total reserved 65536K, committed 65536K, used 35733K [0x00000000fc000000, 0x0000000100000000)
  region size 1024K, 30 young (30720K), 4 survivors (4096K)
}
Event: 1.095 {heap After GC invocations=2 (full 0):
 garbage-first heap   total reserved 65536K, committed 65536K, used 12921K [0x00000000fc000000, 0x0000000100000000)
  region size 1024K, 4 young (4096K), 4 survivors (4096K)
}

Metaspace Usage History (4 events):
Event: 0.465 {metaspace Before GC invocations=0 (full 0):
 Metaspace       used 1563K, committed 1664K, reserved 1114112K
  class space    used 103K, committed 128K, reserved 1048576K
}
Event: 0.473 {metaspace After GC invocations=1 (full 0):
 Metaspace       used 1563K, committed 1664K, reserved 1114112K
  class space    used 103K, committed 128K, reserved 1048576K
}
Event: 1.088 {metaspace Before GC invocations=1 (full 0):
 Metaspace       used 8469K, committed 8768K, reserved 1114112K
  class space    used 857K, committed 1024K, reserved 1048576K
}
Event: 1.095 {metaspace After GC invocations=2 (full 0):
 Metaspace       used 8469K, committed 8768K, reserved 1114112K
  class space    used 857K, committed 1024K, reserved 1048576K
}

Dll operation events (12 events):
Event: 0.009 Loaded shared library C:\Program Files\Java\jdk-25\bin\java.dll
Event: 0.040 Loaded shared library C:\Program Files\Java\jdk-25\bin\net.dll
Event: 0.043 Loaded shared library C:\Program Files\Java\jdk-25\bin\nio.dll
Event: 0.049 Loaded shared library C:\Program Files\Java\jdk-25\bin\zip.dll
Event: 0.407 Loaded shared library C:\Program Files\Java\jdk-25\bin\jimage.dll
Event: 0.691 Loaded shared library C:\Program Files\Java\jdk-25\bin\management.dll
Event: 0.699 Loaded shared library C:\Program Files\Java\jdk-25\bin\management_ext.dll
Event: 0.744 Loaded shared library C:\Users\Administrador\.gradle\native\660c5614fbf4a5f2a75b1949f50a0caf5cd603558e7d8a26e50b933a0cfb79d1\windows-amd64\native-platform.dll
Event: 0.783 Loaded shared library C:\Users\Administrador\.gradle\native\jansi\2.4.2\Windows\x86_64\jansi.dll
Event: 0.980 Loaded shared library C:\Program Files\Java\jdk-25\bin\extnet.dll
Event: 1.287 Loaded shared library C:\Program Files\Java\jdk-25\bin\verify.dll
Event: 3.643 Loaded shared library C:\Program Files\Java\jdk-25\bin\sunmscapi.dll

Deoptimization events (20 events):
Event: 3.566 Thread 0x0000017ef4cd58d0 DEOPT PACKING pc=0x0000017eeb2f840c sp=0x00000007fd7fec40
Event: 3.566 Thread 0x0000017ef4cd58d0 DEOPT UNPACKING pc=0x0000017eeae10382 sp=0x00000007fd7febd0 mode 2
Event: 3.613 Thread 0x0000017ed8d02170 Uncommon trap: trap_request=0xffffffde fr.pc=0x0000017eeb29d01c relative=0x0000000000000c1c
Event: 3.613 Thread 0x0000017ed8d02170 Uncommon trap: reason=class_check action=maybe_recompile pc=0x0000017eeb29d01c method=java.util.HashMap.putVal(ILjava/lang/Object;Ljava/lang/Object;ZZ)Ljava/lang/Object; @ 203 c2
Event: 3.613 Thread 0x0000017ed8d02170 DEOPT PACKING pc=0x0000017eeb29d01c sp=0x00000007fc5fc730
Event: 3.613 Thread 0x0000017ed8d02170 DEOPT UNPACKING pc=0x0000017eeae10382 sp=0x00000007fc5fc658 mode 2
Event: 3.613 Thread 0x0000017ed8d02170 Uncommon trap: trap_request=0xffffffde fr.pc=0x0000017eeb29d01c relative=0x0000000000000c1c
Event: 3.613 Thread 0x0000017ed8d02170 Uncommon trap: reason=class_check action=maybe_recompile pc=0x0000017eeb29d01c method=java.util.HashMap.putVal(ILjava/lang/Object;Ljava/lang/Object;ZZ)Ljava/lang/Object; @ 203 c2
Event: 3.613 Thread 0x0000017ed8d02170 DEOPT PACKING pc=0x0000017eeb29d01c sp=0x00000007fc5fc730
Event: 3.613 Thread 0x0000017ed8d02170 DEOPT UNPACKING pc=0x0000017eeae10382 sp=0x00000007fc5fc658 mode 2
Event: 3.615 Thread 0x0000017ed8d02170 Uncommon trap: trap_request=0xffffffde fr.pc=0x0000017eeb29d01c relative=0x0000000000000c1c
Event: 3.615 Thread 0x0000017ed8d02170 Uncommon trap: reason=class_check action=maybe_recompile pc=0x0000017eeb29d01c method=java.util.HashMap.putVal(ILjava/lang/Object;Ljava/lang/Object;ZZ)Ljava/lang/Object; @ 203 c2
Event: 3.615 Thread 0x0000017ed8d02170 DEOPT PACKING pc=0x0000017eeb29d01c sp=0x00000007fc5fc730
Event: 3.615 Thread 0x0000017ed8d02170 DEOPT UNPACKING pc=0x0000017eeae10382 sp=0x00000007fc5fc658 mode 2
Event: 3.678 Thread 0x0000017ed8d02170 Uncommon trap: trap_request=0xffffff45 fr.pc=0x0000017eeb323210 relative=0x0000000000001290
Event: 3.678 Thread 0x0000017ed8d02170 Uncommon trap: reason=unstable_if action=reinterpret pc=0x0000017eeb323210 method=sun.nio.fs.WindowsPathParser.nextNonSlash([CII)I @ 2 c2
Event: 3.678 Thread 0x0000017ed8d02170 DEOPT PACKING pc=0x0000017eeb323210 sp=0x00000007fc5fdb90
Event: 3.678 Thread 0x0000017ed8d02170 DEOPT UNPACKING pc=0x0000017eeae10382 sp=0x00000007fc5fdaa8 mode 2
Event: 25.409 Thread 0x0000017ef9d63920 DEOPT PACKING pc=0x0000017ee3aab731 sp=0x00000007fd9fe540
Event: 25.409 Thread 0x0000017ef9d63920 DEOPT UNPACKING pc=0x0000017eead312a2 sp=0x00000007fd9fda08 mode 0

Classes loaded (20 events):
Event: 36.561 Loading class java/io/ObjectStreamClass$ClassDataSlot
Event: 36.562 Loading class java/io/ObjectStreamClass$ClassDataSlot done
Event: 36.562 Loading class java/io/ObjectInputStream$FieldValues
Event: 36.562 Loading class java/io/ObjectInputStream$GetField
Event: 36.562 Loading class java/io/ObjectInputStream$GetField done
Event: 36.562 Loading class java/io/ObjectInputStream$FieldValues done
Event: 36.563 Loading class java/util/function/UnaryOperator
Event: 36.563 Loading class java/util/function/UnaryOperator done
Event: 36.564 Loading class java/io/ObjectStreamClass$ExceptionInfo
Event: 36.564 Loading class java/io/ObjectStreamClass$ExceptionInfo done
Event: 36.565 Loading class java/io/SerialCallbackContext
Event: 36.565 Loading class java/io/SerialCallbackContext done
Event: 36.572 Loading class java/lang/Throwable$PrintStreamOrWriter
Event: 36.572 Loading class java/lang/Throwable$PrintStreamOrWriter done
Event: 36.576 Loading class java/rmi/ConnectException
Event: 36.576 Loading class java/rmi/RemoteException
Event: 36.577 Loading class java/rmi/RemoteException done
Event: 36.577 Loading class java/rmi/ConnectException done
Event: 36.613 Loading class java/lang/Throwable$WrappedPrintWriter
Event: 36.614 Loading class java/lang/Throwable$WrappedPrintWriter done

Classes unloaded (0 events):
No events

Classes redefined (0 events):
No events

Internal exceptions (20 events):
Event: 1.246 Thread 0x0000017ed8d02170 Exception <a 'java/lang/NoSuchMethodError'{0x00000000ff662c10}: 'int java.lang.invoke.DirectMethodHandle$Holder.invokeVirtual(java.lang.Object, java.lang.Object, java.lang.Object)'> (0x00000000ff662c10) 
thrown [s\open\src\hotspot\share\interpreter\linkResolver.cpp, line 804]
Event: 1.255 Thread 0x0000017ed8d02170 Exception <a 'java/lang/NoSuchMethodError'{0x00000000ff6d9150}: 'java.lang.Object java.lang.invoke.DirectMethodHandle$Holder.newInvokeSpecial(java.lang.Object, java.lang.Object, java.lang.Object, java.lang.Object, int)'> (0x00000000ff6d9150) 
thrown [s\open\src\hotspot\share\interpreter\linkResolver.cpp, line 804]
Event: 1.255 Thread 0x0000017ed8d02170 Exception <a 'java/lang/NoSuchMethodError'{0x00000000ff6e1c68}: 'java.lang.Object java.lang.invoke.DirectMethodHandle$Holder.invokeSpecial(java.lang.Object, java.lang.Object, java.lang.Object, java.lang.Object, java.lang.Object, int)'> (0x00000000ff6e1c68) 
thrown [s\open\src\hotspot\share\interpreter\linkResolver.cpp, line 804]
Event: 1.256 Thread 0x0000017ed8d02170 Exception <a 'java/lang/NoSuchMethodError'{0x00000000ff6e9dd8}: 'java.lang.Object java.lang.invoke.Invokers$Holder.linkToTargetMethod(java.lang.Object, java.lang.Object, java.lang.Object, int, java.lang.Object)'> (0x00000000ff6e9dd8) 
thrown [s\open\src\hotspot\share\interpreter\linkResolver.cpp, line 804]
Event: 1.258 Thread 0x0000017ed8d02170 Exception <a 'java/lang/IncompatibleClassChangeError'{0x00000000ff5101e8}: Found class java.lang.Object, but interface was expected> (0x00000000ff5101e8) 
thrown [s\open\src\hotspot\share\interpreter\linkResolver.cpp, line 871]
Event: 1.260 Thread 0x0000017ed8d02170 Exception <a 'java/lang/NoSuchMethodError'{0x00000000ff5426c0}: 'int java.lang.invoke.DirectMethodHandle$Holder.invokeStatic(java.lang.Object, java.lang.Object, java.lang.Object, java.lang.Object)'> (0x00000000ff5426c0) 
thrown [s\open\src\hotspot\share\interpreter\linkResolver.cpp, line 804]
Event: 1.264 Thread 0x0000017ed8d02170 Exception <a 'java/lang/NoSuchMethodError'{0x00000000ff556538}: 'java.lang.Object java.lang.invoke.DirectMethodHandle$Holder.invokeStaticInit(java.lang.Object, java.lang.Object, java.lang.Object)'> (0x00000000ff556538) 
thrown [s\open\src\hotspot\share\interpreter\linkResolver.cpp, line 804]
Event: 1.266 Thread 0x0000017ed8d02170 Exception <a 'java/lang/NoSuchMethodError'{0x00000000ff571810}: 'int java.lang.invoke.DirectMethodHandle$Holder.invokeVirtual(java.lang.Object, java.lang.Object)'> (0x00000000ff571810) 
thrown [s\open\src\hotspot\share\interpreter\linkResolver.cpp, line 804]
Event: 1.343 Thread 0x0000017efa6f1c60 Exception <a 'java/lang/NoSuchMethodError'{0x00000000ff069548}: 'void java.lang.invoke.DirectMethodHandle$Holder.invokeStatic(java.lang.Object, long)'> (0x00000000ff069548) 
thrown [s\open\src\hotspot\share\interpreter\linkResolver.cpp, line 804]
Event: 1.345 Thread 0x0000017efa6f1c60 Exception <a 'java/lang/NoSuchMethodError'{0x00000000ff078100}: 'java.lang.Object java.lang.invoke.DirectMethodHandle$Holder.newInvokeSpecial(java.lang.Object, long)'> (0x00000000ff078100) 
thrown [s\open\src\hotspot\share\interpreter\linkResolver.cpp, line 804]
Event: 1.348 Thread 0x0000017efa6f1c60 Exception <a 'java/lang/NoSuchMethodError'{0x00000000ff081890}: 'java.lang.Object java.lang.invoke.DirectMethodHandle$Holder.invokeStatic(java.lang.Object, long, java.lang.Object)'> (0x00000000ff081890) 
thrown [s\open\src\hotspot\share\interpreter\linkResolver.cpp, line 804]
Event: 1.348 Thread 0x0000017efa6f1c60 Exception <a 'java/lang/NoSuchMethodError'{0x00000000ff0859d0}: 'java.lang.Object java.lang.invoke.DirectMethodHandle$Holder.invokeStaticInit(java.lang.Object, long, java.lang.Object)'> (0x00000000ff0859d0) 
thrown [s\open\src\hotspot\share\interpreter\linkResolver.cpp, line 804]
Event: 1.486 Thread 0x0000017efa80ffb0 Exception <a 'java/lang/NoSuchMethodError'{0x00000000ff096828}: 'void java.lang.invoke.DirectMethodHandle$Holder.invokeSpecial(java.lang.Object, java.lang.Object, int)'> (0x00000000ff096828) 
thrown [s\open\src\hotspot\share\interpreter\linkResolver.cpp, line 804]
Event: 1.487 Thread 0x0000017efa80ffb0 Exception <a 'java/lang/NoSuchMethodError'{0x00000000ff0a5868}: 'java.lang.Object java.lang.invoke.DirectMethodHandle$Holder.newInvokeSpecial(java.lang.Object, java.lang.Object, int)'> (0x00000000ff0a5868) 
thrown [s\open\src\hotspot\share\interpreter\linkResolver.cpp, line 804]
Event: 1.490 Thread 0x0000017efa81f480 Exception <a 'java/lang/NoSuchMethodError'{0x00000000ff057708}: 'void java.lang.invoke.DirectMethodHandle$Holder.invokeStaticInit(java.lang.Object, java.lang.Object)'> (0x00000000ff057708) 
thrown [s\open\src\hotspot\share\interpreter\linkResolver.cpp, line 804]
Event: 1.496 Thread 0x0000017ed8d02170 Exception <a 'java/lang/NoSuchMethodError'{0x00000000ff1bb1d0}: 'java.lang.Object java.lang.invoke.DirectMethodHandle$Holder.newInvokeSpecial(java.lang.Object, int, java.lang.Object)'> (0x00000000ff1bb1d0) 
thrown [s\open\src\hotspot\share\interpreter\linkResolver.cpp, line 804]
Event: 1.496 Thread 0x0000017efa81f480 Exception <a 'java/lang/NoSuchMethodError'{0x00000000fef9d0d0}: 'java.lang.Object java.lang.invoke.DirectMethodHandle$Holder.newInvokeSpecial(java.lang.Object, int, java.lang.Object)'> (0x00000000fef9d0d0) 
thrown [s\open\src\hotspot\share\interpreter\linkResolver.cpp, line 804]
Event: 1.513 Thread 0x0000017ed8d02170 Implicit null exception at 0x0000017eeb2b99b8 to 0x0000017eeb2ba0f4
Event: 36.555 Thread 0x0000017ed8d02170 Exception <a 'java/lang/NoSuchMethodError'{0x00000000fe6207b8}: 'long java.lang.invoke.DirectMethodHandle$Holder.invokeSpecial(java.lang.Object, java.lang.Object)'> (0x00000000fe6207b8) 
thrown [s\open\src\hotspot\share\interpreter\linkResolver.cpp, line 804]
Event: 36.556 Thread 0x0000017ed8d02170 Exception <a 'java/lang/NoSuchMethodError'{0x00000000fe628958}: 'long java.lang.invoke.Invokers$Holder.invokeExact_MT(java.lang.Object, java.lang.Object)'> (0x00000000fe628958) 
thrown [s\open\src\hotspot\share\interpreter\linkResolver.cpp, line 804]

VM Operations (20 events):
Event: 0.675 Executing non-safepoint VM operation: HandshakeAllThreads (Deoptimize)
Event: 0.675 Executing non-safepoint VM operation: HandshakeAllThreads (Deoptimize) done
Event: 0.754 Executing non-safepoint VM operation: HandshakeAllThreads (Deoptimize)
Event: 0.754 Executing non-safepoint VM operation: HandshakeAllThreads (Deoptimize) done
Event: 0.780 Executing non-safepoint VM operation: HandshakeAllThreads (Deoptimize)
Event: 0.780 Executing non-safepoint VM operation: HandshakeAllThreads (Deoptimize) done
Event: 0.924 Executing non-safepoint VM operation: HandshakeAllThreads (Deoptimize)
Event: 0.924 Executing non-safepoint VM operation: HandshakeAllThreads (Deoptimize) done
Event: 1.088 Executing safepoint VM operation: G1CollectForAllocation (G1 Evacuation Pause)
Event: 1.095 Executing safepoint VM operation: G1CollectForAllocation (G1 Evacuation Pause) done
Event: 1.327 Executing non-safepoint VM operation: HandshakeAllThreads (Deoptimize)
Event: 1.329 Executing non-safepoint VM operation: HandshakeAllThreads (Deoptimize) done
Event: 1.598 Executing non-safepoint VM operation: HandshakeAllThreads (Deoptimize)
Event: 1.603 Executing non-safepoint VM operation: HandshakeAllThreads (Deoptimize) done
Event: 1.617 Executing non-safepoint VM operation: HandshakeAllThreads (Deoptimize)
Event: 1.617 Executing non-safepoint VM operation: HandshakeAllThreads (Deoptimize) done
Event: 3.611 Executing non-safepoint VM operation: HandshakeAllThreads (Deoptimize)
Event: 3.611 Executing non-safepoint VM operation: HandshakeAllThreads (Deoptimize) done
Event: 10.815 Executing non-safepoint VM operation: HandshakeAllThreads (Deoptimize)
Event: 10.815 Executing non-safepoint VM operation: HandshakeAllThreads (Deoptimize) done

Memory protections (0 events):
No events

Nmethod flushes (0 events):
No events

Events (20 events):
Event: 0.393 Thread 0x0000017ef4d00af0 Thread added: 0x0000017ef4d047b0
Event: 0.779 Thread 0x0000017ed8d02170 Thread added: 0x0000017ef9d94980
Event: 0.783 Thread 0x0000017ef9d94980 Thread exited: 0x0000017ef9d94980
Event: 0.809 Thread 0x0000017ed8d02170 Thread added: 0x0000017ef9d63920
Event: 1.264 Thread 0x0000017ed8d02170 Thread added: 0x0000017efa719260
Event: 1.264 Thread 0x0000017efa719260 Thread added: 0x0000017efa81f480
Event: 1.264 Thread 0x0000017efa719260 Thread added: 0x0000017efa765380
Event: 1.327 Thread 0x0000017ed8d02170 Thread added: 0x0000017efa6f1c60
Event: 1.327 Thread 0x0000017efa81f480 Thread added: 0x0000017efa80ffb0
Event: 1.362 Thread 0x0000017efa6f1c60 Thread added: 0x0000017efa977610
Event: 1.363 Thread 0x0000017efa6f1c60 Thread added: 0x0000017efa96f170
Event: 1.369 Thread 0x0000017efa80ffb0 Thread added: 0x0000017efa96e9a0
Event: 1.369 Thread 0x0000017efa80ffb0 Thread added: 0x0000017efa96bac0
Event: 1.480 Thread 0x0000017ef4d047b0 Thread exited: 0x0000017ef4d047b0
Event: 1.589 Thread 0x0000017ed8d02170 Thread added: 0x0000017ef4cd58d0
Event: 1.597 Thread 0x0000017ef4cd58d0 Thread added: 0x0000017efa751520
Event: 1.598 Thread 0x0000017ef4cd58d0 Thread added: 0x0000017efa754400
Event: 1.602 Thread 0x0000017efa751520 Thread exited: 0x0000017efa751520
Event: 3.570 Thread 0x0000017ef4cd58d0 Thread exited: 0x0000017ef4cd58d0
Event: 3.571 Thread 0x0000017efa754400 Thread exited: 0x0000017efa754400


Dynamic libraries:
0x00007ff75ca60000 - 0x00007ff75ca70000 	C:\Program Files\Java\jdk-25\bin\java.exe
0x00007ff88ccf0000 - 0x00007ff88cee9000 	C:\WINDOWS\SYSTEM32\ntdll.dll
0x00007ff84e0d0000 - 0x00007ff84e0f1000 	C:\Program Files\Avast Software\Avast\aswhook.dll
0x00007ff88be30000 - 0x00007ff88bef2000 	C:\WINDOWS\System32\KERNEL32.DLL
0x00007ff88a570000 - 0x00007ff88a867000 	C:\WINDOWS\System32\KERNELBASE.dll
0x00007ff88a9d0000 - 0x00007ff88aad0000 	C:\WINDOWS\System32\ucrtbase.dll
0x00007ff863b80000 - 0x00007ff863b9e000 	C:\Program Files\Java\jdk-25\bin\VCRUNTIME140.dll
0x00007ff8637e0000 - 0x00007ff8637f7000 	C:\Program Files\Java\jdk-25\bin\jli.dll
0x00007ff88ad30000 - 0x00007ff88aecd000 	C:\WINDOWS\System32\USER32.dll
0x00007ff88a400000 - 0x00007ff88a422000 	C:\WINDOWS\System32\win32u.dll
0x00007ff873c20000 - 0x00007ff873ebb000 	C:\WINDOWS\WinSxS\amd64_microsoft.windows.common-controls_6595b64144ccf1df_6.0.19041.6926_none_60b5a53971f8f7e6\COMCTL32.dll
0x00007ff88acf0000 - 0x00007ff88ad1b000 	C:\WINDOWS\System32\GDI32.dll
0x00007ff88aed0000 - 0x00007ff88af6e000 	C:\WINDOWS\System32\msvcrt.dll
0x00007ff88aad0000 - 0x00007ff88abea000 	C:\WINDOWS\System32\gdi32full.dll
0x00007ff88a360000 - 0x00007ff88a3fd000 	C:\WINDOWS\System32\msvcp_win.dll
0x00007ff88be00000 - 0x00007ff88be2f000 	C:\WINDOWS\System32\IMM32.DLL
0x00007ff872730000 - 0x00007ff87273c000 	C:\Program Files\Java\jdk-25\bin\vcruntime140_1.dll
0x00007ff84bce0000 - 0x00007ff84bd6d000 	C:\Program Files\Java\jdk-25\bin\msvcp140.dll
0x00007fff9daa0000 - 0x00007fff9e8ff000 	C:\Program Files\Java\jdk-25\bin\server\jvm.dll
0x00007ff88cb40000 - 0x00007ff88cbf1000 	C:\WINDOWS\System32\ADVAPI32.dll
0x00007ff88c770000 - 0x00007ff88c80f000 	C:\WINDOWS\System32\sechost.dll
0x00007ff88b970000 - 0x00007ff88ba96000 	C:\WINDOWS\System32\RPCRT4.dll
0x00007ff88ac40000 - 0x00007ff88ac67000 	C:\WINDOWS\System32\bcrypt.dll
0x00007ff88b820000 - 0x00007ff88b88b000 	C:\WINDOWS\System32\WS2_32.dll
0x00007ff8828c0000 - 0x00007ff8828ca000 	C:\WINDOWS\SYSTEM32\VERSION.dll
0x00007ff8813b0000 - 0x00007ff8813d7000 	C:\WINDOWS\SYSTEM32\WINMM.dll
0x00007ff88a1b0000 - 0x00007ff88a1fb000 	C:\WINDOWS\SYSTEM32\POWRPROF.dll
0x00007ff88a190000 - 0x00007ff88a1a2000 	C:\WINDOWS\SYSTEM32\UMPDC.dll
0x00007ff888b30000 - 0x00007ff888b42000 	C:\WINDOWS\SYSTEM32\kernel.appcore.dll
0x00007ff86bbc0000 - 0x00007ff86bbca000 	C:\Program Files\Java\jdk-25\bin\jimage.dll
0x00007ff888050000 - 0x00007ff888251000 	C:\WINDOWS\SYSTEM32\DBGHELP.DLL
0x00007ff881f60000 - 0x00007ff881f94000 	C:\WINDOWS\SYSTEM32\dbgcore.DLL
0x00007ff88a430000 - 0x00007ff88a4b2000 	C:\WINDOWS\System32\bcryptPrimitives.dll
0x00007ff85f7a0000 - 0x00007ff85f7bf000 	C:\Program Files\Java\jdk-25\bin\java.dll
0x00007ff88c9f0000 - 0x00007ff88cb1b000 	C:\WINDOWS\System32\ole32.dll
0x00007ff88baa0000 - 0x00007ff88bdf3000 	C:\WINDOWS\System32\combase.dll
0x00007ff88bf00000 - 0x00007ff88c671000 	C:\WINDOWS\System32\SHELL32.dll
0x00007ff888370000 - 0x00007ff888b16000 	C:\WINDOWS\SYSTEM32\windows.storage.dll
0x00007ff889bd0000 - 0x00007ff889bfb000 	C:\WINDOWS\SYSTEM32\Wldp.dll
0x00007ff88b890000 - 0x00007ff88b966000 	C:\WINDOWS\System32\OLEAUT32.dll
0x00007ff88b0f0000 - 0x00007ff88b19d000 	C:\WINDOWS\System32\SHCORE.dll
0x00007ff88c710000 - 0x00007ff88c76b000 	C:\WINDOWS\System32\shlwapi.dll
0x00007ff88a280000 - 0x00007ff88a2a4000 	C:\WINDOWS\SYSTEM32\profapi.dll
0x00007ff8581a0000 - 0x00007ff8581b2000 	C:\Program Files\Java\jdk-25\bin\net.dll
0x00007ff889980000 - 0x00007ff8899ea000 	C:\WINDOWS\system32\mswsock.dll
0x00007ff858180000 - 0x00007ff858196000 	C:\Program Files\Java\jdk-25\bin\nio.dll
0x00007ff855400000 - 0x00007ff855417000 	C:\Program Files\Java\jdk-25\bin\zip.dll
0x00007ff86bb80000 - 0x00007ff86bb8a000 	C:\Program Files\Java\jdk-25\bin\management.dll
0x00007ff86bb20000 - 0x00007ff86bb2c000 	C:\Program Files\Java\jdk-25\bin\management_ext.dll
0x00007ff88c810000 - 0x00007ff88c818000 	C:\WINDOWS\System32\PSAPI.DLL
0x00007ff85f7c0000 - 0x00007ff85f7e7000 	C:\Users\Administrador\.gradle\native\660c5614fbf4a5f2a75b1949f50a0caf5cd603558e7d8a26e50b933a0cfb79d1\windows-amd64\native-platform.dll
0x00007ff8553d0000 - 0x00007ff8553f4000 	C:\Users\Administrador\.gradle\native\jansi\2.4.2\Windows\x86_64\jansi.dll
0x00007ff889f40000 - 0x00007ff889f58000 	C:\WINDOWS\SYSTEM32\CRYPTSP.dll
0x00007ff8892c0000 - 0x00007ff8892f8000 	C:\WINDOWS\system32\rsaenh.dll
0x00007ff88a200000 - 0x00007ff88a22e000 	C:\WINDOWS\SYSTEM32\USERENV.dll
0x00007ff889b40000 - 0x00007ff889b4c000 	C:\WINDOWS\SYSTEM32\CRYPTBASE.dll
0x00007ff889680000 - 0x00007ff8896bb000 	C:\WINDOWS\SYSTEM32\IPHLPAPI.DLL
0x00007ff88ad20000 - 0x00007ff88ad28000 	C:\WINDOWS\System32\NSI.dll
0x00007ff86ad10000 - 0x00007ff86ad19000 	C:\Program Files\Java\jdk-25\bin\extnet.dll
0x00007ff86a280000 - 0x00007ff86a290000 	C:\Program Files\Java\jdk-25\bin\verify.dll
0x00007ff8874c0000 - 0x00007ff887554000 	C:\WINDOWS\system32\apphelp.dll
0x00007ff8637a0000 - 0x00007ff8637ae000 	C:\Program Files\Java\jdk-25\bin\sunmscapi.dll
0x00007ff88a870000 - 0x00007ff88a9cd000 	C:\WINDOWS\System32\CRYPT32.dll
0x00007ff889c40000 - 0x00007ff889c67000 	C:\WINDOWS\SYSTEM32\ncrypt.dll
0x00007ff889c00000 - 0x00007ff889c3b000 	C:\WINDOWS\SYSTEM32\NTASN1.dll
0x00007ff882460000 - 0x00007ff882467000 	C:\WINDOWS\system32\wshunix.dll

JVMTI agents: none

dbghelp: loaded successfully - version: 4.0.5 - missing functions: none
symbol engine: initialized successfully - sym options: 0x614 - pdb path: .;C:\Program Files\Java\jdk-25\bin;C:\WINDOWS\SYSTEM32;C:\Program Files\Avast Software\Avast;C:\WINDOWS\WinSxS\amd64_microsoft.windows.common-controls_6595b64144ccf1df_6.0.19041.6926_none_60b5a53971f8f7e6;C:\Program Files\Java\jdk-25\bin\server;C:\Users\Administrador\.gradle\native\660c5614fbf4a5f2a75b1949f50a0caf5cd603558e7d8a26e50b933a0cfb79d1\windows-amd64;C:\Users\Administrador\.gradle\native\jansi\2.4.2\Windows\x86_64

VM Arguments:
jvm_args: -Xmx64m -Xms64m -Dorg.gradle.appname=gradlew 
java_command: C:\Users\Administrador\AndroidStudioProjects\Transporte_Interiorano\\gradle\wrapper\gradle-wrapper.jar assembleDebug --no-daemon --max-workers=1
java_class_path (initial): C:\Users\Administrador\AndroidStudioProjects\Transporte_Interiorano\\gradle\wrapper\gradle-wrapper.jar
Launcher Type: SUN_STANDARD

[Global flags]
     intx CICompilerCount                          = 3                                         {product} {ergonomic}
     uint ConcGCThreads                            = 1                                         {product} {ergonomic}
     uint G1ConcRefinementThreads                  = 4                                         {product} {ergonomic}
   size_t G1HeapRegionSize                         = 1048576                                   {product} {ergonomic}
   size_t InitialHeapSize                          = 67108864                                  {product} {command line}
   size_t MarkStackSize                            = 4194304                                   {product} {ergonomic}
   size_t MarkStackSizeMax                         = 536870912                                 {product} {ergonomic}
   size_t MaxHeapSize                              = 67108864                                  {product} {command line}
   size_t MaxNewSize                               = 39845888                                  {product} {ergonomic}
   size_t MinHeapDeltaBytes                        = 1048576                                   {product} {ergonomic}
   size_t MinHeapSize                              = 67108864                                  {product} {command line}
    uintx NonNMethodCodeHeapSize                   = 5832704                                {pd product} {ergonomic}
    uintx NonProfiledCodeHeapSize                  = 122945536                              {pd product} {ergonomic}
    uintx ProfiledCodeHeapSize                     = 122880000                              {pd product} {ergonomic}
    uintx ReservedCodeCacheSize                    = 251658240                              {pd product} {ergonomic}
     bool SegmentedCodeCache                       = true                                      {product} {ergonomic}
   size_t SoftMaxHeapSize                          = 67108864                               {manageable} {ergonomic}
     bool UseCompressedOops                        = true                           {product lp64_product} {ergonomic}
     bool UseG1GC                                  = true                                      {product} {ergonomic}
     bool UseLargePagesIndividualAllocation        = false                                  {pd product} {ergonomic}

Logging:
Log output configuration:
 #0: stdout all=warning uptime,level,tags foldmultilines=false
 #1: stderr all=off uptime,level,tags foldmultilines=false

Release file:
IMPLEMENTOR="Oracle Corporation" 
JAVA_RUNTIME_VERSION="25+37-LTS-3491" 
JAVA_VERSION="25" 
JAVA_VERSION_DATE="2025-09-16" 
LIBC="default" 
MODULES="java.base java.compiler java.datatransfer java.xml java.prefs java.desktop java.instrument java.logging java.management java.security.sasl java.naming java.rmi java.management.rmi java.net.http java.scripting java.security.jgss java.transaction.xa java.sql java.sql.rowset java.xml.crypto java.se java.smartcardio jdk.accessibility jdk.internal.jvmstat jdk.attach jdk.charsets jdk.internal.opt jdk.zipfs jdk.compiler jdk.crypto.cryptoki jdk.crypto.ec jdk.crypto.mscapi jdk.dynalink jdk.internal.ed jdk.editpad jdk.internal.vm.ci jdk.graal.compiler jdk.graal.compiler.management jdk.hotspot.agent jdk.httpserver jdk.incubator.vector jdk.internal.le jdk.internal.md jdk.jartool jdk.javadoc jdk.jcmd jdk.management jdk.management.agent jdk.jconsole jdk.jdeps jdk.jdwp.agent jdk.jdi jdk.jfr jdk.jlink jdk.jpackage jdk.jshell jdk.jsobject jdk.jstatd jdk.localedata jdk.management.jfr jdk.naming.dns jdk.naming.rmi jdk.net jdk.nio.mapmode jdk.sctp jdk.security.auth jdk.security.jgss jdk.unsupported jdk.unsupported.desktop jdk.xml.dom" 
OS_ARCH="x86_64" 
OS_NAME="Windows" 
SOURCE=".:git:49d6a23b8806 open:git:6c48f4ed707b" 

Environment Variables:
PATH=C:\Program Files\Microsoft MPI\Bin\;C:\Program Files\Common Files\Oracle\Java\javapath;C:\Program Files (x86)\Common Files\Oracle\Java\java8path;C:\Program Files (x86)\Common Files\Oracle\Java\javapath;C:\WINDOWS\system32;C:\WINDOWS;C:\WINDOWS\System32\Wbem;C:\WINDOWS\System32\WindowsPowerShell\v1.0\;C:\WINDOWS\System32\OpenSSH\;C:\Program Files (x86)\Microsoft SQL Server\170\Tools\Binn\;C:\Program Files\Microsoft SQL Server\170\Tools\Binn\;C:\Program Files\Microsoft SQL Server\Client SDK\ODBC\180\Tools\Binn\;C:\Program Files\Microsoft SQL Server\170\DTS\Binn\;C:\Program Files\nodejs\;C:\Program Files\Git\cmd;C:\Users\Administrador\AppData\Local\Programs\Python\Python313\Scripts\;C:\Users\Administrador\AppData\Local\Programs\Python\Python313\;C:\Users\Administrador\AppData\Local\Microsoft\WindowsApps;C:\Users\Administrador\AppData\Local\Programs\Microsoft VS Code\bin;C:\Users\Administrador\AppData\Local\Python\bin;C:\Users\Administrador\AppData\Roaming\npm;C:\Users\Administrador\.lmstudio\bin
USERNAME=Administrador
TERM=xterm
OS=Windows_NT
PROCESSOR_IDENTIFIER=Intel64 Family 6 Model 126 Stepping 5, GenuineIntel
TMP=C:\Users\ADMINI~1\AppData\Local\Temp
TEMP=C:\Users\ADMINI~1\AppData\Local\Temp




Compilation memory statistics disabled.

Periodic native trim disabled

---------------  S Y S T E M  ---------------

OS:
 Windows 10 , 64 bit Build 19041 (10.0.19041.7291)
OS uptime: 2 days 0:45 hours
Hyper-V role detected

CPU: total 4 (initial active 4) (4 cores per cpu, 2 threads per core) family 6 model 126 stepping 5 microcode 0xa6, cx8, cmov, fxsr, ht, mmx, 3dnowpref, sse, sse2, sse3, ssse3, sse4.1, sse4.2, popcnt, lzcnt, tsc, tscinvbit, avx, avx2, aes, erms, clmul, bmi1, bmi2, adx, avx512f, avx512dq, avx512cd, avx512bw, avx512vl, sha, fma, vzeroupper, avx512_vpopcntdq, avx512_vpclmulqdq, avx512_vaes, avx512_vnni, clflush, clflushopt, avx512_vbmi2, avx512_vbmi, hv, rdtscp, rdpid, fsrm, gfni, avx512_bitalg, f16c, avx512_ifma
Processor Information for the first 4 processors :
  Max Mhz: 1190, Current Mhz: 991, Mhz Limit: 987

Memory: 4k page, system-wide physical 12083M (688M free)
TotalPageFile size 48947M (AvailPageFile size 2M)
current process WorkingSet (physical memory assigned to process): 114M, peak: 121M
current process commit charge ("private bytes"): 168M, peak: 177M

vm_info: Java HotSpot(TM) 64-Bit Server VM (25+37-LTS-3491) for windows-amd64 JRE (25+37-LTS-3491), built on 2025-08-14T21:13:00Z with unknown MS VC++:1943

END.
