#
# There is insufficient memory for the Java Runtime Environment to continue.
# Native memory allocation (malloc) failed to allocate 358416 bytes. Error detail: Chunk::new
# Possible reasons:
#   The system is out of physical RAM or swap space
#   This process is running with CompressedOops enabled, and the Java Heap may be blocking the growth of the native heap
# Possible solutions:
#   Reduce memory load on the system
#   Increase physical memory or swap space
#   Check if swap backing store is full
#   Decrease Java heap size (-Xmx/-Xms)
#   Decrease number of Java threads
#   Decrease Java thread stack sizes (-Xss)
#   Set larger code cache with -XX:ReservedCodeCacheSize=
#   JVM is running with Unscaled Compressed Oops mode in which the Java heap is
#     placed in the first 4GB address space. The Java Heap base address is the
#     maximum limit for the native heap growth. Please use -XX:HeapBaseMinAddress
#     to set the Java Heap base and to place the Java Heap above 4GB virtual address.
# This output file may be truncated or incomplete.
#
#  Out of Memory Error (arena.cpp:168), pid=2728, tid=32
#
# JRE version: OpenJDK Runtime Environment Temurin-21.0.7+6 (21.0.7+6) (build 21.0.7+6-LTS)
# Java VM: OpenJDK 64-Bit Server VM Temurin-21.0.7+6 (21.0.7+6-LTS, mixed mode, sharing, tiered, compressed oops, compressed class ptrs, g1 gc, windows-amd64)
# No core dump will be written. Minidumps are not enabled by default on client versions of Windows
#

---------------  S U M M A R Y ------------

Command Line: --add-opens=java.base/java.lang=ALL-UNNAMED --add-opens=java.base/java.lang.invoke=ALL-UNNAMED --add-opens=java.base/java.util=ALL-UNNAMED --add-opens=java.prefs/java.util.prefs=ALL-UNNAMED --add-exports=jdk.compiler/com.sun.tools.javac.api=ALL-UNNAMED --add-exports=jdk.compiler/com.sun.tools.javac.util=ALL-UNNAMED --add-opens=java.base/java.util=ALL-UNNAMED --add-opens=java.prefs/java.util.prefs=ALL-UNNAMED --add-opens=java.base/java.nio.charset=ALL-UNNAMED --add-opens=java.base/java.net=ALL-UNNAMED --add-opens=java.base/java.util.concurrent=ALL-UNNAMED --add-opens=java.base/java.util.concurrent.atomic=ALL-UNNAMED --add-opens=java.xml/javax.xml.namespace=ALL-UNNAMED --add-opens=java.base/java.time=ALL-UNNAMED -Xmx2048m -Dfile.encoding=UTF-8 -Duser.country=BR -Duser.language=pt -Duser.variant -javaagent:C:\Users\Administrador\.gradle\wrapper\dists\gradle-9.3.1-bin\23ovyewtku6u96viwx3xl3oks\gradle-9.3.1\lib\agents\gradle-instrumentation-agent-9.3.1.jar org.gradle.launcher.daemon.bootstrap.GradleDaemon 9.3.1

Host: Intel(R) Core(TM) i5-1035G1 CPU @ 1.00GHz, 4 cores, 11G,  Windows 10 , 64 bit Build 19041 (10.0.19041.7291)
Time: Fri Jun 26 09:35:26 2026 Hora oficial do Brasil elapsed time: 35.023099 seconds (0d 0h 0m 35s)

---------------  T H R E A D  ---------------

Current thread (0x000002077f7f62f0):  JavaThread "C2 CompilerThread0" daemon [_thread_in_native, id=32, stack(0x000000d550000000,0x000000d550100000) (1024K)]


Current CompileTask:
C2:35023 13478       4       org.gradle.internal.snapshot.ChildMap$Entry::handleAncestorDescendantOrExactMatch (110 bytes)

Stack: [0x000000d550000000,0x000000d550100000]
Native frames: (J=compiled Java code, j=interpreted, Vv=VM code, C=native code)
V  [jvm.dll+0x6ce119]
V  [jvm.dll+0x8a84a1]
V  [jvm.dll+0x8aa9ce]
V  [jvm.dll+0x8ab0b3]
V  [jvm.dll+0x27f8a6]
V  [jvm.dll+0xc507d]
V  [jvm.dll+0xc55b3]
V  [jvm.dll+0x3b68f2]
V  [jvm.dll+0x382aa5]
V  [jvm.dll+0x381f0a]
V  [jvm.dll+0x247af0]
V  [jvm.dll+0x2470cf]
V  [jvm.dll+0x1c760e]
V  [jvm.dll+0x25695a]
V  [jvm.dll+0x254efa]
V  [jvm.dll+0x3f03f6]
V  [jvm.dll+0x851f6b]
V  [jvm.dll+0x6cc7dd]
C  [ucrtbase.dll+0x21bb2]
C  [KERNEL32.DLL+0x17374]
C  [ntdll.dll+0x4cc91]


---------------  P R O C E S S  ---------------

Threads class SMR info:
_java_thread_list=0x0000020765348b10, length=55, elements={
0x000002077c734490, 0x000002077f7e0220, 0x000002077f7e13d0, 0x000002077f7e56e0,
0x000002077f7e6220, 0x000002077f7e6d60, 0x000002077f7e78a0, 0x000002077f7f62f0,
0x000002077f7f7d90, 0x000002071b6de8b0, 0x000002071b82d500, 0x00000207616ed520,
0x0000020761d95080, 0x0000020762dfac40, 0x0000020762c2fae0, 0x0000020761a1ee80,
0x0000020762bac760, 0x0000020762b8b060, 0x0000020762c054f0, 0x0000020762c04e60,
0x0000020762c068a0, 0x0000020762c07c50, 0x0000020762c05b80, 0x0000020762c06f30,
0x0000020762c06210, 0x0000020762c075c0, 0x0000020762c047d0, 0x0000020765234fa0,
0x0000020765231490, 0x0000020765233bf0, 0x0000020765235630, 0x0000020765231b20,
0x0000020765233560, 0x00000207652300e0, 0x0000020765232ed0, 0x0000020765237070,
0x0000020765230e00, 0x0000020765237700, 0x000002076601c5a0, 0x000002076601d2c0,
0x000002076598f9f0, 0x0000020765993500, 0x0000020765995c60, 0x0000020765990710,
0x000002076c0302b0, 0x000002076c02db50, 0x000002076c02ef00, 0x000002076c032380,
0x000002076c030fd0, 0x000002076601b1f0, 0x000002076601ed00, 0x000002076601f390,
0x000002076c017500, 0x000002076c016150, 0x000002076c0139f0
}

Java Threads: ( => current thread )
  0x000002077c734490 JavaThread "main"                              [_thread_blocked, id=4656, stack(0x000000d54f200000,0x000000d54f300000) (1024K)]
  0x000002077f7e0220 JavaThread "Reference Handler"          daemon [_thread_blocked, id=16332, stack(0x000000d54fa00000,0x000000d54fb00000) (1024K)]
  0x000002077f7e13d0 JavaThread "Finalizer"                  daemon [_thread_blocked, id=14008, stack(0x000000d54fb00000,0x000000d54fc00000) (1024K)]
  0x000002077f7e56e0 JavaThread "Signal Dispatcher"          daemon [_thread_blocked, id=1536, stack(0x000000d54fc00000,0x000000d54fd00000) (1024K)]
  0x000002077f7e6220 JavaThread "Attach Listener"            daemon [_thread_blocked, id=11724, stack(0x000000d54fd00000,0x000000d54fe00000) (1024K)]
  0x000002077f7e6d60 JavaThread "Service Thread"             daemon [_thread_blocked, id=19088, stack(0x000000d54fe00000,0x000000d54ff00000) (1024K)]
  0x000002077f7e78a0 JavaThread "Monitor Deflation Thread"   daemon [_thread_blocked, id=8208, stack(0x000000d54ff00000,0x000000d550000000) (1024K)]
=>0x000002077f7f62f0 JavaThread "C2 CompilerThread0"         daemon [_thread_in_native, id=32, stack(0x000000d550000000,0x000000d550100000) (1024K)]
  0x000002077f7f7d90 JavaThread "C1 CompilerThread0"         daemon [_thread_blocked, id=13060, stack(0x000000d550100000,0x000000d550200000) (1024K)]
  0x000002071b6de8b0 JavaThread "Common-Cleaner"             daemon [_thread_blocked, id=15140, stack(0x000000d550200000,0x000000d550300000) (1024K)]
  0x000002071b82d500 JavaThread "Notification Thread"        daemon [_thread_blocked, id=3804, stack(0x000000d550400000,0x000000d550500000) (1024K)]
  0x00000207616ed520 JavaThread "Daemon health stats"               [_thread_blocked, id=21064, stack(0x000000d550800000,0x000000d550900000) (1024K)]
  0x0000020761d95080 JavaThread "Incoming local TCP Connector on port 62697"        [_thread_in_native, id=16304, stack(0x000000d550900000,0x000000d550a00000) (1024K)]
  0x0000020762dfac40 JavaThread "Daemon periodic checks"            [_thread_blocked, id=18028, stack(0x000000d550a00000,0x000000d550b00000) (1024K)]
  0x0000020762c2fae0 JavaThread "Daemon"                            [_thread_blocked, id=18228, stack(0x000000d550b00000,0x000000d550c00000) (1024K)]
  0x0000020761a1ee80 JavaThread "Handler for socket connection from /127.0.0.1:62697 to /127.0.0.1:62698"        [_thread_in_native, id=4560, stack(0x000000d550c00000,0x000000d550d00000) (1024K)]
  0x0000020762bac760 JavaThread "Cancel handler"                    [_thread_blocked, id=16900, stack(0x000000d550d00000,0x000000d550e00000) (1024K)]
  0x0000020762b8b060 JavaThread "Daemon worker"                     [_thread_blocked, id=12904, stack(0x000000d550e00000,0x000000d550f00000) (1024K)]
  0x0000020762c054f0 JavaThread "Asynchronous log dispatcher for DefaultDaemonConnection: socket connection from /127.0.0.1:62697 to /127.0.0.1:62698"        [_thread_blocked, id=12872, stack(0x000000d550f00000,0x000000d551000000) (1024K)]
  0x0000020762c04e60 JavaThread "Stdin handler"                     [_thread_blocked, id=21820, stack(0x000000d551000000,0x000000d551100000) (1024K)]
  0x0000020762c068a0 JavaThread "Daemon client event forwarder"        [_thread_blocked, id=12392, stack(0x000000d551100000,0x000000d551200000) (1024K)]
  0x0000020762c07c50 JavaThread "Cache worker for journal cache (C:\Users\Administrador\.gradle\caches\journal-1)"        [_thread_blocked, id=13396, stack(0x000000d551200000,0x000000d551300000) (1024K)]
  0x0000020762c05b80 JavaThread "File lock request listener"        [_thread_in_native, id=5516, stack(0x000000d551300000,0x000000d551400000) (1024K)]
  0x0000020762c06f30 JavaThread "Cache worker for file hash cache (C:\Users\Administrador\.gradle\caches\9.3.1\fileHashes)"        [_thread_blocked, id=7304, stack(0x000000d551400000,0x000000d551500000) (1024K)]
  0x0000020762c06210 JavaThread "Cache worker for file hash cache (C:\Users\Administrador\AndroidStudioProjects\Transporte_Interiorano\.gradle\9.3.1\fileHashes)"        [_thread_blocked, id=14012, stack(0x000000d551500000,0x000000d551600000) (1024K)]
  0x0000020762c075c0 JavaThread "Cache worker for Build Output Cleanup Cache (C:\Users\Administrador\AndroidStudioProjects\Transporte_Interiorano\.gradle\buildOutputCleanup)"        [_thread_blocked, id=21152, stack(0x000000d551600000,0x000000d551700000) (1024K)]
  0x0000020762c047d0 JavaThread "File watcher server"        daemon [_thread_in_native, id=20868, stack(0x000000d551700000,0x000000d551800000) (1024K)]
  0x0000020765234fa0 JavaThread "File watcher consumer"      daemon [_thread_blocked, id=19488, stack(0x000000d551800000,0x000000d551900000) (1024K)]
  0x0000020765231490 JavaThread "Cache worker for checksums cache (C:\Users\Administrador\AndroidStudioProjects\Transporte_Interiorano\.gradle\9.3.1\checksums)"        [_thread_blocked, id=18184, stack(0x000000d551900000,0x000000d551a00000) (1024K)]
  0x0000020765233bf0 JavaThread "Cache worker for file content cache (C:\Users\Administrador\.gradle\caches\9.3.1\fileContent)"        [_thread_blocked, id=3932, stack(0x000000d551a00000,0x000000d551b00000) (1024K)]
  0x0000020765235630 JavaThread "Cache worker for cache directory md-supplier (C:\Users\Administrador\.gradle\caches\9.3.1\md-supplier)"        [_thread_blocked, id=8884, stack(0x000000d551b00000,0x000000d551c00000) (1024K)]
  0x0000020765231b20 JavaThread "Cache worker for cache directory md-rule (C:\Users\Administrador\.gradle\caches\9.3.1\md-rule)"        [_thread_blocked, id=13096, stack(0x000000d551c00000,0x000000d551d00000) (1024K)]
  0x0000020765233560 JavaThread "Unconstrained build operations"        [_thread_blocked, id=20272, stack(0x000000d551d00000,0x000000d551e00000) (1024K)]
  0x00000207652300e0 JavaThread "Unconstrained build operations Thread 2"        [_thread_blocked, id=9364, stack(0x000000d551e00000,0x000000d551f00000) (1024K)]
  0x0000020765232ed0 JavaThread "Unconstrained build operations Thread 3"        [_thread_blocked, id=6276, stack(0x000000d551f00000,0x000000d552000000) (1024K)]
  0x0000020765237070 JavaThread "Unconstrained build operations Thread 4"        [_thread_blocked, id=488, stack(0x000000d552000000,0x000000d552100000) (1024K)]
  0x0000020765230e00 JavaThread "Unconstrained build operations Thread 5"        [_thread_blocked, id=19212, stack(0x000000d552100000,0x000000d552200000) (1024K)]
  0x0000020765237700 JavaThread "Unconstrained build operations Thread 6"        [_thread_blocked, id=18468, stack(0x000000d552200000,0x000000d552300000) (1024K)]
  0x000002076601c5a0 JavaThread "Memory manager"                    [_thread_blocked, id=5336, stack(0x000000d552300000,0x000000d552400000) (1024K)]
  0x000002076601d2c0 JavaThread "build event listener"              [_thread_blocked, id=12964, stack(0x000000d552400000,0x000000d552500000) (1024K)]
  0x000002076598f9f0 JavaThread "pool-3-thread-1"                   [_thread_blocked, id=8196, stack(0x000000d552500000,0x000000d552600000) (1024K)]
  0x0000020765993500 JavaThread "build event listener"              [_thread_blocked, id=9556, stack(0x000000d552600000,0x000000d552700000) (1024K)]
  0x0000020765995c60 JavaThread "included builds"                   [_thread_in_vm, id=11272, stack(0x000000d552700000,0x000000d552800000) (1024K)]
  0x0000020765990710 JavaThread "Cache worker for execution history cache (C:\Users\Administrador\AndroidStudioProjects\Transporte_Interiorano\.gradle\9.3.1\executionHistory)"        [_thread_blocked, id=1904, stack(0x000000d552800000,0x000000d552900000) (1024K)]
  0x000002076c0302b0 JavaThread "Unconstrained build operations Thread 7"        [_thread_blocked, id=17260, stack(0x000000d552900000,0x000000d552a00000) (1024K)]
  0x000002076c02db50 JavaThread "Unconstrained build operations Thread 8"        [_thread_blocked, id=21052, stack(0x000000d552a00000,0x000000d552b00000) (1024K)]
  0x000002076c02ef00 JavaThread "Unconstrained build operations Thread 9"        [_thread_blocked, id=11060, stack(0x000000d552b00000,0x000000d552c00000) (1024K)]
  0x000002076c032380 JavaThread "Unconstrained build operations Thread 10"        [_thread_blocked, id=6512, stack(0x000000d552c00000,0x000000d552d00000) (1024K)]
  0x000002076c030fd0 JavaThread "WorkerExecutor Queue"              [_thread_blocked, id=9392, stack(0x000000d552d00000,0x000000d552e00000) (1024K)]
  0x000002076601b1f0 JavaThread "RMI Scheduler(0)"           daemon [_thread_blocked, id=14516, stack(0x000000d550300000,0x000000d550400000) (1024K)]
  0x000002076601ed00 JavaThread "RMI RenewClean-[127.0.0.1:17884,org.jetbrains.kotlin.daemon.common.LoopbackNetworkInterface$ClientLoopbackSocketFactory@295af122]" daemon [_thread_blocked, id=21604, stack(0x000000d552e00000,0x000000d552f00000) (1024K)]
  0x000002076601f390 JavaThread "RMI GC Daemon"              daemon [_thread_blocked, id=11512, stack(0x000000d552f00000,0x000000d553000000) (1024K)]
  0x000002076c017500 JavaThread "RMI TCP Accept-0"           daemon [_thread_in_native, id=9220, stack(0x000000d553000000,0x000000d553100000) (1024K)]
  0x000002076c016150 JavaThread "RMI Reaper"                        [_thread_blocked, id=14572, stack(0x000000d553100000,0x000000d553200000) (1024K)]
  0x000002076c0139f0 JavaThread "RMI TCP Connection(idle)"   daemon [_thread_blocked, id=10760, stack(0x000000d553200000,0x000000d553300000) (1024K)]
Total: 55

Other Threads:
  0x000002077f7c5470 VMThread "VM Thread"                           [id=20620, stack(0x000000d54f900000,0x000000d54fa00000) (1024K)]
  0x000002077f7b0d70 WatcherThread "VM Periodic Task Thread"        [id=17368, stack(0x000000d54f800000,0x000000d54f900000) (1024K)]
  0x000002077ea6f4e0 WorkerThread "GC Thread#0"                     [id=6096, stack(0x000000d54f300000,0x000000d54f400000) (1024K)]
  0x000002071b83de10 WorkerThread "GC Thread#1"                     [id=13940, stack(0x000000d550500000,0x000000d550600000) (1024K)]
  0x000002071b8f7ea0 WorkerThread "GC Thread#2"                     [id=7256, stack(0x000000d550600000,0x000000d550700000) (1024K)]
  0x000002071b8f8240 WorkerThread "GC Thread#3"                     [id=20948, stack(0x000000d550700000,0x000000d550800000) (1024K)]
  0x000002077ea80ee0 ConcurrentGCThread "G1 Main Marker"            [id=12892, stack(0x000000d54f400000,0x000000d54f500000) (1024K)]
  0x000002077ea819e0 WorkerThread "G1 Conc#0"                       [id=16212, stack(0x000000d54f500000,0x000000d54f600000) (1024K)]
  0x000002077f6809f0 ConcurrentGCThread "G1 Refine#0"               [id=3088, stack(0x000000d54f600000,0x000000d54f700000) (1024K)]
  0x000002077f681370 ConcurrentGCThread "G1 Service"                [id=14776, stack(0x000000d54f700000,0x000000d54f800000) (1024K)]
Total: 10

Threads with active compile tasks:
C2 CompilerThread0  35047 13478       4       org.gradle.internal.snapshot.ChildMap$Entry::handleAncestorDescendantOrExactMatch (110 bytes)
Total: 1

VM state: not at safepoint (normal execution)

VM Mutex/Monitor currently owned by a thread: None

Heap address: 0x0000000080000000, size: 2048 MB, Compressed Oops mode: 32-bit

CDS archive(s) mapped at: [0x000002071c000000-0x000002071cc80000-0x000002071cc80000), size 13107200, SharedBaseAddress: 0x000002071c000000, ArchiveRelocationMode: 1.
Compressed class space mapped at: 0x000002071d000000-0x000002075d000000, reserved size: 1073741824
Narrow klass base: 0x000002071c000000, Narrow klass shift: 0, Narrow klass range: 0x100000000

GC Precious Log:
 CardTable entry size: 512
 Card Set container configuration: InlinePtr #cards 5 size 8 Array Of Cards #cards 12 size 40 Howl #buckets 4 coarsen threshold 1843 Howl Bitmap #cards 512 size 80 coarsen threshold 460 Card regions per heap region 1 cards per card region 2048
 CPUs: 4 total, 4 available
 Memory: 12083M
 Large Page Support: Disabled
 NUMA Support: Disabled
 Compressed Oops: Enabled (32-bit)
 Heap Region Size: 1M
 Heap Min Capacity: 8M
 Heap Initial Capacity: 190M
 Heap Max Capacity: 2G
 Pre-touch: Disabled
 Parallel Workers: 4
 Concurrent Workers: 1
 Concurrent Refinement Workers: 4
 Periodic GC: Disabled

Heap:
 garbage-first heap   total 186368K, used 136121K [0x0000000080000000, 0x0000000100000000)
  region size 1024K, 33 young (33792K), 6 survivors (6144K)
 Metaspace       used 103779K, committed 106240K, reserved 1179648K
  class space    used 14244K, committed 15488K, reserved 1048576K

Heap Regions: E=young(eden), S=young(survivor), O=old, HS=humongous(starts), HC=humongous(continues), CS=collection set, F=free, TAMS=top-at-mark-start, PB=parsable bottom
|   0|0x0000000080000000, 0x0000000080100000, 0x0000000080100000|100%|HS|  |TAMS 0x0000000080000000| PB 0x0000000080000000| Complete 
|   1|0x0000000080100000, 0x0000000080200000, 0x0000000080200000|100%|HC|  |TAMS 0x0000000080100000| PB 0x0000000080100000| Complete 
|   2|0x0000000080200000, 0x0000000080300000, 0x0000000080300000|100%|HC|  |TAMS 0x0000000080200000| PB 0x0000000080200000| Complete 
|   3|0x0000000080300000, 0x0000000080400000, 0x0000000080400000|100%|HC|  |TAMS 0x0000000080300000| PB 0x0000000080300000| Complete 
|   4|0x0000000080400000, 0x0000000080500000, 0x0000000080500000|100%| O|  |TAMS 0x0000000080400000| PB 0x0000000080400000| Untracked 
|   5|0x0000000080500000, 0x0000000080600000, 0x0000000080600000|100%| O|  |TAMS 0x0000000080500000| PB 0x0000000080500000| Untracked 
|   6|0x0000000080600000, 0x0000000080700000, 0x0000000080700000|100%| O|  |TAMS 0x0000000080600000| PB 0x0000000080600000| Untracked 
|   7|0x0000000080700000, 0x0000000080800000, 0x0000000080800000|100%| O|  |TAMS 0x0000000080700000| PB 0x0000000080700000| Untracked 
|   8|0x0000000080800000, 0x0000000080900000, 0x0000000080900000|100%|HS|  |TAMS 0x0000000080800000| PB 0x0000000080800000| Complete 
|   9|0x0000000080900000, 0x0000000080a00000, 0x0000000080a00000|100%| O|  |TAMS 0x0000000080900000| PB 0x0000000080900000| Untracked 
|  10|0x0000000080a00000, 0x0000000080b00000, 0x0000000080b00000|100%| O|  |TAMS 0x0000000080a00000| PB 0x0000000080a00000| Untracked 
|  11|0x0000000080b00000, 0x0000000080c00000, 0x0000000080c00000|100%| O|  |TAMS 0x0000000080b00000| PB 0x0000000080b00000| Untracked 
|  12|0x0000000080c00000, 0x0000000080d00000, 0x0000000080d00000|100%| O|  |TAMS 0x0000000080c00000| PB 0x0000000080c00000| Untracked 
|  13|0x0000000080d00000, 0x0000000080e00000, 0x0000000080e00000|100%| O|  |TAMS 0x0000000080d00000| PB 0x0000000080d00000| Untracked 
|  14|0x0000000080e00000, 0x0000000080f00000, 0x0000000080f00000|100%| O|  |TAMS 0x0000000080e00000| PB 0x0000000080e00000| Untracked 
|  15|0x0000000080f00000, 0x0000000081000000, 0x0000000081000000|100%| O|  |TAMS 0x0000000080f00000| PB 0x0000000080f00000| Untracked 
|  16|0x0000000081000000, 0x0000000081100000, 0x0000000081100000|100%| O|  |TAMS 0x0000000081000000| PB 0x0000000081000000| Untracked 
|  17|0x0000000081100000, 0x0000000081200000, 0x0000000081200000|100%| O|  |TAMS 0x0000000081100000| PB 0x0000000081100000| Untracked 
|  18|0x0000000081200000, 0x0000000081300000, 0x0000000081300000|100%| O|  |TAMS 0x0000000081200000| PB 0x0000000081200000| Untracked 
|  19|0x0000000081300000, 0x0000000081400000, 0x0000000081400000|100%| O|  |TAMS 0x0000000081300000| PB 0x0000000081300000| Untracked 
|  20|0x0000000081400000, 0x0000000081500000, 0x0000000081500000|100%| O|  |TAMS 0x0000000081400000| PB 0x0000000081400000| Untracked 
|  21|0x0000000081500000, 0x0000000081600000, 0x0000000081600000|100%| O|  |TAMS 0x0000000081500000| PB 0x0000000081500000| Untracked 
|  22|0x0000000081600000, 0x0000000081700000, 0x0000000081700000|100%| O|  |TAMS 0x0000000081600000| PB 0x0000000081600000| Untracked 
|  23|0x0000000081700000, 0x0000000081800000, 0x0000000081800000|100%| O|  |TAMS 0x0000000081700000| PB 0x0000000081700000| Untracked 
|  24|0x0000000081800000, 0x0000000081900000, 0x0000000081900000|100%| O|  |TAMS 0x0000000081800000| PB 0x0000000081800000| Untracked 
|  25|0x0000000081900000, 0x0000000081a00000, 0x0000000081a00000|100%| O|  |TAMS 0x0000000081900000| PB 0x0000000081900000| Untracked 
|  26|0x0000000081a00000, 0x0000000081b00000, 0x0000000081b00000|100%| O|  |TAMS 0x0000000081a00000| PB 0x0000000081a00000| Untracked 
|  27|0x0000000081b00000, 0x0000000081c00000, 0x0000000081c00000|100%| O|  |TAMS 0x0000000081b00000| PB 0x0000000081b00000| Untracked 
|  28|0x0000000081c00000, 0x0000000081d00000, 0x0000000081d00000|100%| O|  |TAMS 0x0000000081c00000| PB 0x0000000081c00000| Untracked 
|  29|0x0000000081d00000, 0x0000000081e00000, 0x0000000081e00000|100%| O|  |TAMS 0x0000000081d00000| PB 0x0000000081d00000| Untracked 
|  30|0x0000000081e00000, 0x0000000081f00000, 0x0000000081f00000|100%| O|  |TAMS 0x0000000081e00000| PB 0x0000000081e00000| Untracked 
|  31|0x0000000081f00000, 0x0000000082000000, 0x0000000082000000|100%| O|  |TAMS 0x0000000081f00000| PB 0x0000000081f00000| Untracked 
|  32|0x0000000082000000, 0x0000000082100000, 0x0000000082100000|100%| O|  |TAMS 0x0000000082000000| PB 0x0000000082000000| Untracked 
|  33|0x0000000082100000, 0x0000000082200000, 0x0000000082200000|100%| O|  |TAMS 0x0000000082100000| PB 0x0000000082100000| Untracked 
|  34|0x0000000082200000, 0x0000000082300000, 0x0000000082300000|100%| O|  |TAMS 0x0000000082200000| PB 0x0000000082200000| Untracked 
|  35|0x0000000082300000, 0x0000000082400000, 0x0000000082400000|100%| O|  |TAMS 0x0000000082300000| PB 0x0000000082300000| Untracked 
|  36|0x0000000082400000, 0x0000000082500000, 0x0000000082500000|100%| O|  |TAMS 0x0000000082400000| PB 0x0000000082400000| Untracked 
|  37|0x0000000082500000, 0x0000000082600000, 0x0000000082600000|100%| O|  |TAMS 0x0000000082500000| PB 0x0000000082500000| Untracked 
|  38|0x0000000082600000, 0x0000000082700000, 0x0000000082700000|100%| O|  |TAMS 0x0000000082600000| PB 0x0000000082600000| Untracked 
|  39|0x0000000082700000, 0x0000000082800000, 0x0000000082800000|100%| O|  |TAMS 0x0000000082700000| PB 0x0000000082700000| Untracked 
|  40|0x0000000082800000, 0x0000000082900000, 0x0000000082900000|100%|HS|  |TAMS 0x0000000082800000| PB 0x0000000082800000| Complete 
|  41|0x0000000082900000, 0x0000000082a00000, 0x0000000082a00000|100%|HS|  |TAMS 0x0000000082900000| PB 0x0000000082900000| Complete 
|  42|0x0000000082a00000, 0x0000000082b00000, 0x0000000082b00000|100%| O|  |TAMS 0x0000000082a00000| PB 0x0000000082a00000| Untracked 
|  43|0x0000000082b00000, 0x0000000082c00000, 0x0000000082c00000|100%| O|  |TAMS 0x0000000082b00000| PB 0x0000000082b00000| Untracked 
|  44|0x0000000082c00000, 0x0000000082d00000, 0x0000000082d00000|100%| O|  |TAMS 0x0000000082c00000| PB 0x0000000082c00000| Untracked 
|  45|0x0000000082d00000, 0x0000000082e00000, 0x0000000082e00000|100%| O|  |TAMS 0x0000000082d00000| PB 0x0000000082d00000| Untracked 
|  46|0x0000000082e00000, 0x0000000082f00000, 0x0000000082f00000|100%| O|  |TAMS 0x0000000082e00000| PB 0x0000000082e00000| Untracked 
|  47|0x0000000082f00000, 0x0000000083000000, 0x0000000083000000|100%| O|  |TAMS 0x0000000082f00000| PB 0x0000000082f00000| Untracked 
|  48|0x0000000083000000, 0x0000000083100000, 0x0000000083100000|100%|HS|  |TAMS 0x0000000083000000| PB 0x0000000083000000| Complete 
|  49|0x0000000083100000, 0x0000000083200000, 0x0000000083200000|100%|HC|  |TAMS 0x0000000083100000| PB 0x0000000083100000| Complete 
|  50|0x0000000083200000, 0x0000000083300000, 0x0000000083300000|100%| O|  |TAMS 0x0000000083200000| PB 0x0000000083200000| Untracked 
|  51|0x0000000083300000, 0x0000000083400000, 0x0000000083400000|100%|HS|  |TAMS 0x0000000083300000| PB 0x0000000083300000| Complete 
|  52|0x0000000083400000, 0x0000000083500000, 0x0000000083500000|100%|HS|  |TAMS 0x0000000083400000| PB 0x0000000083400000| Complete 
|  53|0x0000000083500000, 0x0000000083600000, 0x0000000083600000|100%| O|  |TAMS 0x0000000083500000| PB 0x0000000083500000| Untracked 
|  54|0x0000000083600000, 0x0000000083700000, 0x0000000083700000|100%| O|  |TAMS 0x0000000083600000| PB 0x0000000083600000| Untracked 
|  55|0x0000000083700000, 0x0000000083800000, 0x0000000083800000|100%| O|  |TAMS 0x0000000083700000| PB 0x0000000083700000| Untracked 
|  56|0x0000000083800000, 0x0000000083900000, 0x0000000083900000|100%| O|  |TAMS 0x0000000083800000| PB 0x0000000083800000| Untracked 
|  57|0x0000000083900000, 0x0000000083a00000, 0x0000000083a00000|100%|HS|  |TAMS 0x0000000083900000| PB 0x0000000083900000| Complete 
|  58|0x0000000083a00000, 0x0000000083b00000, 0x0000000083b00000|100%|HS|  |TAMS 0x0000000083a00000| PB 0x0000000083a00000| Complete 
|  59|0x0000000083b00000, 0x0000000083c00000, 0x0000000083c00000|100%|HS|  |TAMS 0x0000000083b00000| PB 0x0000000083b00000| Complete 
|  60|0x0000000083c00000, 0x0000000083d00000, 0x0000000083d00000|100%|HC|  |TAMS 0x0000000083c00000| PB 0x0000000083c00000| Complete 
|  61|0x0000000083d00000, 0x0000000083e00000, 0x0000000083e00000|100%| O|  |TAMS 0x0000000083d00000| PB 0x0000000083d00000| Untracked 
|  62|0x0000000083e00000, 0x0000000083f00000, 0x0000000083f00000|100%| O|  |TAMS 0x0000000083e00000| PB 0x0000000083e00000| Untracked 
|  63|0x0000000083f00000, 0x0000000084000000, 0x0000000084000000|100%| O|  |TAMS 0x0000000083f00000| PB 0x0000000083f00000| Untracked 
|  64|0x0000000084000000, 0x0000000084100000, 0x0000000084100000|100%| O|  |TAMS 0x0000000084000000| PB 0x0000000084000000| Untracked 
|  65|0x0000000084100000, 0x0000000084200000, 0x0000000084200000|100%| O|  |TAMS 0x0000000084100000| PB 0x0000000084100000| Untracked 
|  66|0x0000000084200000, 0x0000000084300000, 0x0000000084300000|100%| O|  |TAMS 0x0000000084200000| PB 0x0000000084200000| Untracked 
|  67|0x0000000084300000, 0x0000000084400000, 0x0000000084400000|100%| O|  |TAMS 0x0000000084300000| PB 0x0000000084300000| Untracked 
|  68|0x0000000084400000, 0x0000000084500000, 0x0000000084500000|100%| O|  |TAMS 0x0000000084400000| PB 0x0000000084400000| Untracked 
|  69|0x0000000084500000, 0x0000000084600000, 0x0000000084600000|100%| O|  |TAMS 0x0000000084500000| PB 0x0000000084500000| Untracked 
|  70|0x0000000084600000, 0x0000000084700000, 0x0000000084700000|100%| O|  |TAMS 0x0000000084600000| PB 0x0000000084600000| Untracked 
|  71|0x0000000084700000, 0x0000000084800000, 0x0000000084800000|100%| O|  |TAMS 0x0000000084700000| PB 0x0000000084700000| Untracked 
|  72|0x0000000084800000, 0x0000000084900000, 0x0000000084900000|100%|HS|  |TAMS 0x0000000084800000| PB 0x0000000084800000| Complete 
|  73|0x0000000084900000, 0x0000000084a00000, 0x0000000084a00000|100%| O|  |TAMS 0x0000000084900000| PB 0x0000000084900000| Untracked 
|  74|0x0000000084a00000, 0x0000000084b00000, 0x0000000084b00000|100%| O|  |TAMS 0x0000000084a00000| PB 0x0000000084a00000| Untracked 
|  75|0x0000000084b00000, 0x0000000084c00000, 0x0000000084c00000|100%| O|  |TAMS 0x0000000084b00000| PB 0x0000000084b00000| Untracked 
|  76|0x0000000084c00000, 0x0000000084d00000, 0x0000000084d00000|100%| O|  |TAMS 0x0000000084c00000| PB 0x0000000084c00000| Untracked 
|  77|0x0000000084d00000, 0x0000000084e00000, 0x0000000084e00000|100%| O|  |TAMS 0x0000000084d00000| PB 0x0000000084d00000| Untracked 
|  78|0x0000000084e00000, 0x0000000084f00000, 0x0000000084f00000|100%| O|Cm|TAMS 0x0000000084e00000| PB 0x0000000084e00000| Complete 
|  79|0x0000000084f00000, 0x0000000085000000, 0x0000000085000000|100%| O|  |TAMS 0x0000000084f00000| PB 0x0000000084f00000| Untracked 
|  80|0x0000000085000000, 0x0000000085100000, 0x0000000085100000|100%| O|  |TAMS 0x0000000085000000| PB 0x0000000085000000| Untracked 
|  81|0x0000000085100000, 0x0000000085200000, 0x0000000085200000|100%| O|  |TAMS 0x0000000085100000| PB 0x0000000085100000| Untracked 
|  82|0x0000000085200000, 0x0000000085300000, 0x0000000085300000|100%| O|  |TAMS 0x0000000085200000| PB 0x0000000085200000| Untracked 
|  83|0x0000000085300000, 0x0000000085400000, 0x0000000085400000|100%| O|  |TAMS 0x0000000085300000| PB 0x0000000085300000| Untracked 
|  84|0x0000000085400000, 0x0000000085500000, 0x0000000085500000|100%| O|  |TAMS 0x0000000085400000| PB 0x0000000085400000| Untracked 
|  85|0x0000000085500000, 0x0000000085600000, 0x0000000085600000|100%| O|  |TAMS 0x0000000085500000| PB 0x0000000085500000| Untracked 
|  86|0x0000000085600000, 0x0000000085700000, 0x0000000085700000|100%| O|  |TAMS 0x0000000085600000| PB 0x0000000085600000| Untracked 
|  87|0x0000000085700000, 0x0000000085800000, 0x0000000085800000|100%| O|  |TAMS 0x0000000085700000| PB 0x0000000085700000| Untracked 
|  88|0x0000000085800000, 0x0000000085900000, 0x0000000085900000|100%| O|  |TAMS 0x0000000085800000| PB 0x0000000085800000| Untracked 
|  89|0x0000000085900000, 0x0000000085a00000, 0x0000000085a00000|100%| O|  |TAMS 0x0000000085900000| PB 0x0000000085900000| Untracked 
|  90|0x0000000085a00000, 0x0000000085b00000, 0x0000000085b00000|100%| O|  |TAMS 0x0000000085a00000| PB 0x0000000085a00000| Untracked 
|  91|0x0000000085b00000, 0x0000000085c00000, 0x0000000085c00000|100%| O|  |TAMS 0x0000000085b00000| PB 0x0000000085b00000| Untracked 
|  92|0x0000000085c00000, 0x0000000085d00000, 0x0000000085d00000|100%| O|  |TAMS 0x0000000085c00000| PB 0x0000000085c00000| Untracked 
|  93|0x0000000085d00000, 0x0000000085e00000, 0x0000000085e00000|100%| O|  |TAMS 0x0000000085d00000| PB 0x0000000085d00000| Untracked 
|  94|0x0000000085e00000, 0x0000000085f00000, 0x0000000085f00000|100%| O|  |TAMS 0x0000000085e00000| PB 0x0000000085e00000| Untracked 
|  95|0x0000000085f00000, 0x0000000086000000, 0x0000000086000000|100%| O|  |TAMS 0x0000000085f00000| PB 0x0000000085f00000| Untracked 
|  96|0x0000000086000000, 0x0000000086100000, 0x0000000086100000|100%| O|  |TAMS 0x0000000086000000| PB 0x0000000086000000| Untracked 
|  97|0x0000000086100000, 0x00000000861a9090, 0x0000000086200000| 66%| O|  |TAMS 0x0000000086100000| PB 0x0000000086100000| Untracked 
|  98|0x0000000086200000, 0x0000000086200000, 0x0000000086300000|  0%| F|  |TAMS 0x0000000086200000| PB 0x0000000086200000| Untracked 
|  99|0x0000000086300000, 0x0000000086300000, 0x0000000086400000|  0%| F|  |TAMS 0x0000000086300000| PB 0x0000000086300000| Untracked 
| 100|0x0000000086400000, 0x0000000086400000, 0x0000000086500000|  0%| F|  |TAMS 0x0000000086400000| PB 0x0000000086400000| Untracked 
| 101|0x0000000086500000, 0x0000000086500000, 0x0000000086600000|  0%| F|  |TAMS 0x0000000086500000| PB 0x0000000086500000| Untracked 
| 102|0x0000000086600000, 0x0000000086700000, 0x0000000086700000|100%| O|  |TAMS 0x0000000086600000| PB 0x0000000086600000| Untracked 
| 103|0x0000000086700000, 0x0000000086800000, 0x0000000086800000|100%| O|Cm|TAMS 0x0000000086700000| PB 0x0000000086700000| Complete 
| 104|0x0000000086800000, 0x0000000086900000, 0x0000000086900000|100%| O|Cm|TAMS 0x0000000086800000| PB 0x0000000086800000| Complete 
| 105|0x0000000086900000, 0x0000000086900000, 0x0000000086a00000|  0%| F|  |TAMS 0x0000000086900000| PB 0x0000000086900000| Untracked 
| 106|0x0000000086a00000, 0x0000000086a00000, 0x0000000086b00000|  0%| F|  |TAMS 0x0000000086a00000| PB 0x0000000086a00000| Untracked 
| 107|0x0000000086b00000, 0x0000000086b45588, 0x0000000086c00000| 27%| S|CS|TAMS 0x0000000086b00000| PB 0x0000000086b00000| Complete 
| 108|0x0000000086c00000, 0x0000000086c00000, 0x0000000086d00000|  0%| F|  |TAMS 0x0000000086c00000| PB 0x0000000086c00000| Untracked 
| 109|0x0000000086d00000, 0x0000000086d00000, 0x0000000086e00000|  0%| F|  |TAMS 0x0000000086d00000| PB 0x0000000086d00000| Untracked 
| 110|0x0000000086e00000, 0x0000000086e00000, 0x0000000086f00000|  0%| F|  |TAMS 0x0000000086e00000| PB 0x0000000086e00000| Untracked 
| 111|0x0000000086f00000, 0x0000000086f00000, 0x0000000087000000|  0%| F|  |TAMS 0x0000000086f00000| PB 0x0000000086f00000| Untracked 
| 112|0x0000000087000000, 0x0000000087000000, 0x0000000087100000|  0%| F|  |TAMS 0x0000000087000000| PB 0x0000000087000000| Untracked 
| 113|0x0000000087100000, 0x0000000087100000, 0x0000000087200000|  0%| F|  |TAMS 0x0000000087100000| PB 0x0000000087100000| Untracked 
| 114|0x0000000087200000, 0x0000000087300000, 0x0000000087300000|100%| S|CS|TAMS 0x0000000087200000| PB 0x0000000087200000| Complete 
| 115|0x0000000087300000, 0x0000000087400000, 0x0000000087400000|100%| S|CS|TAMS 0x0000000087300000| PB 0x0000000087300000| Complete 
| 116|0x0000000087400000, 0x0000000087500000, 0x0000000087500000|100%| S|CS|TAMS 0x0000000087400000| PB 0x0000000087400000| Complete 
| 117|0x0000000087500000, 0x0000000087600000, 0x0000000087600000|100%| S|CS|TAMS 0x0000000087500000| PB 0x0000000087500000| Complete 
| 118|0x0000000087600000, 0x0000000087700000, 0x0000000087700000|100%| S|CS|TAMS 0x0000000087600000| PB 0x0000000087600000| Complete 
| 119|0x0000000087700000, 0x0000000087700000, 0x0000000087800000|  0%| F|  |TAMS 0x0000000087700000| PB 0x0000000087700000| Untracked 
| 120|0x0000000087800000, 0x0000000087800000, 0x0000000087900000|  0%| F|  |TAMS 0x0000000087800000| PB 0x0000000087800000| Untracked 
| 121|0x0000000087900000, 0x0000000087900000, 0x0000000087a00000|  0%| F|  |TAMS 0x0000000087900000| PB 0x0000000087900000| Untracked 
| 122|0x0000000087a00000, 0x0000000087a00000, 0x0000000087b00000|  0%| F|  |TAMS 0x0000000087a00000| PB 0x0000000087a00000| Untracked 
| 123|0x0000000087b00000, 0x0000000087b00000, 0x0000000087c00000|  0%| F|  |TAMS 0x0000000087b00000| PB 0x0000000087b00000| Untracked 
| 124|0x0000000087c00000, 0x0000000087c00000, 0x0000000087d00000|  0%| F|  |TAMS 0x0000000087c00000| PB 0x0000000087c00000| Untracked 
| 125|0x0000000087d00000, 0x0000000087d00000, 0x0000000087e00000|  0%| F|  |TAMS 0x0000000087d00000| PB 0x0000000087d00000| Untracked 
| 126|0x0000000087e00000, 0x0000000087e00000, 0x0000000087f00000|  0%| F|  |TAMS 0x0000000087e00000| PB 0x0000000087e00000| Untracked 
| 127|0x0000000087f00000, 0x0000000087f00000, 0x0000000088000000|  0%| F|  |TAMS 0x0000000087f00000| PB 0x0000000087f00000| Untracked 
| 128|0x0000000088000000, 0x0000000088000000, 0x0000000088100000|  0%| F|  |TAMS 0x0000000088000000| PB 0x0000000088000000| Untracked 
| 129|0x0000000088100000, 0x0000000088100000, 0x0000000088200000|  0%| F|  |TAMS 0x0000000088100000| PB 0x0000000088100000| Untracked 
| 130|0x0000000088200000, 0x0000000088200000, 0x0000000088300000|  0%| F|  |TAMS 0x0000000088200000| PB 0x0000000088200000| Untracked 
| 131|0x0000000088300000, 0x0000000088300000, 0x0000000088400000|  0%| F|  |TAMS 0x0000000088300000| PB 0x0000000088300000| Untracked 
| 132|0x0000000088400000, 0x0000000088400000, 0x0000000088500000|  0%| F|  |TAMS 0x0000000088400000| PB 0x0000000088400000| Untracked 
| 133|0x0000000088500000, 0x0000000088500000, 0x0000000088600000|  0%| F|  |TAMS 0x0000000088500000| PB 0x0000000088500000| Untracked 
| 134|0x0000000088600000, 0x0000000088600000, 0x0000000088700000|  0%| F|  |TAMS 0x0000000088600000| PB 0x0000000088600000| Untracked 
| 135|0x0000000088700000, 0x0000000088700000, 0x0000000088800000|  0%| F|  |TAMS 0x0000000088700000| PB 0x0000000088700000| Untracked 
| 136|0x0000000088800000, 0x0000000088800000, 0x0000000088900000|  0%| F|  |TAMS 0x0000000088800000| PB 0x0000000088800000| Untracked 
| 137|0x0000000088900000, 0x0000000088900000, 0x0000000088a00000|  0%| F|  |TAMS 0x0000000088900000| PB 0x0000000088900000| Untracked 
| 138|0x0000000088a00000, 0x0000000088a00000, 0x0000000088b00000|  0%| F|  |TAMS 0x0000000088a00000| PB 0x0000000088a00000| Untracked 
| 139|0x0000000088b00000, 0x0000000088b00000, 0x0000000088c00000|  0%| F|  |TAMS 0x0000000088b00000| PB 0x0000000088b00000| Untracked 
| 140|0x0000000088c00000, 0x0000000088c00000, 0x0000000088d00000|  0%| F|  |TAMS 0x0000000088c00000| PB 0x0000000088c00000| Untracked 
| 141|0x0000000088d00000, 0x0000000088d00000, 0x0000000088e00000|  0%| F|  |TAMS 0x0000000088d00000| PB 0x0000000088d00000| Untracked 
| 142|0x0000000088e00000, 0x0000000088e00000, 0x0000000088f00000|  0%| F|  |TAMS 0x0000000088e00000| PB 0x0000000088e00000| Untracked 
| 143|0x0000000088f00000, 0x0000000088f00000, 0x0000000089000000|  0%| F|  |TAMS 0x0000000088f00000| PB 0x0000000088f00000| Untracked 
| 144|0x0000000089000000, 0x0000000089000000, 0x0000000089100000|  0%| F|  |TAMS 0x0000000089000000| PB 0x0000000089000000| Untracked 
| 145|0x0000000089100000, 0x0000000089100000, 0x0000000089200000|  0%| F|  |TAMS 0x0000000089100000| PB 0x0000000089100000| Untracked 
| 146|0x0000000089200000, 0x0000000089200000, 0x0000000089300000|  0%| F|  |TAMS 0x0000000089200000| PB 0x0000000089200000| Untracked 
| 147|0x0000000089300000, 0x0000000089300000, 0x0000000089400000|  0%| F|  |TAMS 0x0000000089300000| PB 0x0000000089300000| Untracked 
| 148|0x0000000089400000, 0x0000000089400000, 0x0000000089500000|  0%| F|  |TAMS 0x0000000089400000| PB 0x0000000089400000| Untracked 
| 149|0x0000000089500000, 0x0000000089500000, 0x0000000089600000|  0%| F|  |TAMS 0x0000000089500000| PB 0x0000000089500000| Untracked 
| 150|0x0000000089600000, 0x0000000089600000, 0x0000000089700000|  0%| F|  |TAMS 0x0000000089600000| PB 0x0000000089600000| Untracked 
| 151|0x0000000089700000, 0x0000000089700000, 0x0000000089800000|  0%| F|  |TAMS 0x0000000089700000| PB 0x0000000089700000| Untracked 
| 152|0x0000000089800000, 0x0000000089800000, 0x0000000089900000|  0%| F|  |TAMS 0x0000000089800000| PB 0x0000000089800000| Untracked 
| 153|0x0000000089900000, 0x0000000089925230, 0x0000000089a00000| 14%| E|  |TAMS 0x0000000089900000| PB 0x0000000089900000| Complete 
| 154|0x0000000089a00000, 0x0000000089b00000, 0x0000000089b00000|100%| E|CS|TAMS 0x0000000089a00000| PB 0x0000000089a00000| Complete 
| 155|0x0000000089b00000, 0x0000000089c00000, 0x0000000089c00000|100%| E|  |TAMS 0x0000000089b00000| PB 0x0000000089b00000| Complete 
| 156|0x0000000089c00000, 0x0000000089d00000, 0x0000000089d00000|100%| E|CS|TAMS 0x0000000089c00000| PB 0x0000000089c00000| Complete 
| 157|0x0000000089d00000, 0x0000000089e00000, 0x0000000089e00000|100%| E|CS|TAMS 0x0000000089d00000| PB 0x0000000089d00000| Complete 
| 158|0x0000000089e00000, 0x0000000089f00000, 0x0000000089f00000|100%| E|CS|TAMS 0x0000000089e00000| PB 0x0000000089e00000| Complete 
| 159|0x0000000089f00000, 0x000000008a000000, 0x000000008a000000|100%| E|CS|TAMS 0x0000000089f00000| PB 0x0000000089f00000| Complete 
| 160|0x000000008a000000, 0x000000008a100000, 0x000000008a100000|100%| E|CS|TAMS 0x000000008a000000| PB 0x000000008a000000| Complete 
| 161|0x000000008a100000, 0x000000008a200000, 0x000000008a200000|100%| E|CS|TAMS 0x000000008a100000| PB 0x000000008a100000| Complete 
| 162|0x000000008a200000, 0x000000008a300000, 0x000000008a300000|100%| E|CS|TAMS 0x000000008a200000| PB 0x000000008a200000| Complete 
| 163|0x000000008a300000, 0x000000008a400000, 0x000000008a400000|100%| E|CS|TAMS 0x000000008a300000| PB 0x000000008a300000| Complete 
| 164|0x000000008a400000, 0x000000008a500000, 0x000000008a500000|100%| E|CS|TAMS 0x000000008a400000| PB 0x000000008a400000| Complete 
| 165|0x000000008a500000, 0x000000008a600000, 0x000000008a600000|100%| E|CS|TAMS 0x000000008a500000| PB 0x000000008a500000| Complete 
| 166|0x000000008a600000, 0x000000008a700000, 0x000000008a700000|100%| E|CS|TAMS 0x000000008a600000| PB 0x000000008a600000| Complete 
| 167|0x000000008a700000, 0x000000008a800000, 0x000000008a800000|100%| E|CS|TAMS 0x000000008a700000| PB 0x000000008a700000| Complete 
| 168|0x000000008a800000, 0x000000008a900000, 0x000000008a900000|100%| E|CS|TAMS 0x000000008a800000| PB 0x000000008a800000| Complete 
| 169|0x000000008a900000, 0x000000008aa00000, 0x000000008aa00000|100%| E|CS|TAMS 0x000000008a900000| PB 0x000000008a900000| Complete 
| 170|0x000000008aa00000, 0x000000008ab00000, 0x000000008ab00000|100%| E|CS|TAMS 0x000000008aa00000| PB 0x000000008aa00000| Complete 
| 171|0x000000008ab00000, 0x000000008ac00000, 0x000000008ac00000|100%| E|CS|TAMS 0x000000008ab00000| PB 0x000000008ab00000| Complete 
| 172|0x000000008ac00000, 0x000000008ad00000, 0x000000008ad00000|100%| E|CS|TAMS 0x000000008ac00000| PB 0x000000008ac00000| Complete 
| 173|0x000000008ad00000, 0x000000008ae00000, 0x000000008ae00000|100%| E|CS|TAMS 0x000000008ad00000| PB 0x000000008ad00000| Complete 
| 174|0x000000008ae00000, 0x000000008af00000, 0x000000008af00000|100%| E|CS|TAMS 0x000000008ae00000| PB 0x000000008ae00000| Complete 
| 175|0x000000008af00000, 0x000000008b000000, 0x000000008b000000|100%| E|CS|TAMS 0x000000008af00000| PB 0x000000008af00000| Complete 
| 176|0x000000008b000000, 0x000000008b100000, 0x000000008b100000|100%| E|CS|TAMS 0x000000008b000000| PB 0x000000008b000000| Complete 
| 177|0x000000008b100000, 0x000000008b200000, 0x000000008b200000|100%| E|CS|TAMS 0x000000008b100000| PB 0x000000008b100000| Complete 
| 189|0x000000008bd00000, 0x000000008be00000, 0x000000008be00000|100%| E|CS|TAMS 0x000000008bd00000| PB 0x000000008bd00000| Complete 
|2045|0x00000000ffd00000, 0x00000000ffe00000, 0x00000000ffe00000|100%| O|  |TAMS 0x00000000ffd00000| PB 0x00000000ffd00000| Untracked 
|2046|0x00000000ffe00000, 0x00000000fff00000, 0x00000000fff00000|100%| O|  |TAMS 0x00000000ffe00000| PB 0x00000000ffe00000| Untracked 
|2047|0x00000000fff00000, 0x0000000100000000, 0x0000000100000000|100%| E|CS|TAMS 0x00000000fff00000| PB 0x00000000fff00000| Complete 

Card table byte_map: [0x000002077eee0000,0x000002077f2e0000] _byte_map_base: 0x000002077eae0000

Marking Bits: (CMBitMap*) 0x000002077ea6fbe0
 Bits: [0x0000020717630000, 0x0000020719630000)

Polling page: 0x000002077ca20000

Metaspace:

Usage:
  Non-class:     87.44 MB used.
      Class:     13.91 MB used.
       Both:    101.35 MB used.

Virtual space:
  Non-class space:      128.00 MB reserved,      88.62 MB ( 69%) committed,  2 nodes.
      Class space:        1.00 GB reserved,      15.12 MB (  1%) committed,  1 nodes.
             Both:        1.12 GB reserved,     103.75 MB (  9%) committed. 

Chunk freelists:
   Non-Class:  6.62 MB
       Class:  896.00 KB
        Both:  7.50 MB

MaxMetaspaceSize: unlimited
CompressedClassSpaceSize: 1.00 GB
Initial GC threshold: 21.00 MB
Current GC threshold: 169.19 MB
CDS: on
 - commit_granule_bytes: 65536.
 - commit_granule_words: 8192.
 - virtual_space_node_default_size: 8388608.
 - enlarge_chunks_in_place: 1.
 - use_allocation_guard: 0.


Internal statistics:

num_allocs_failed_limit: 6.
num_arena_births: 4440.
num_arena_deaths: 0.
num_vsnodes_births: 3.
num_vsnodes_deaths: 0.
num_space_committed: 1658.
num_space_uncommitted: 0.
num_chunks_returned_to_freelist: 6.
num_chunks_taken_from_freelist: 9275.
num_chunk_merges: 3.
num_chunk_splits: 6041.
num_chunks_enlarged: 3797.
num_inconsistent_stats: 0.

CodeHeap 'non-profiled nmethods': size=120000Kb used=6994Kb max_used=7063Kb free=113005Kb
 bounds [0x0000020710100000, 0x00000207107f0000, 0x0000020717630000]
CodeHeap 'profiled nmethods': size=120000Kb used=21701Kb max_used=22035Kb free=98299Kb
 bounds [0x0000020708630000, 0x0000020709bc0000, 0x000002070fb60000]
CodeHeap 'non-nmethods': size=5760Kb used=2458Kb max_used=2486Kb free=3302Kb
 bounds [0x000002070fb60000, 0x000002070fde0000, 0x0000020710100000]
 total_blobs=12451 nmethods=11546 adapters=809
 compilation: enabled
              stopped_count=0, restarted_count=0
 full_count=0

Compilation events (20 events):
Event: 34.860 Thread 0x000002077f7f7d90 13470   !   3       java.io.ObjectStreamClass::getPrivateMethod (56 bytes)
Event: 34.860 Thread 0x000002077f7f7d90 nmethod 13470 0x00000207097e2490 code [0x00000207097e26c0, 0x00000207097e2d40]
Event: 34.861 Thread 0x000002077f7f7d90 13471       3       java.io.ObjectStreamClass::writeNonProxy (161 bytes)
Event: 34.862 Thread 0x000002077f7f7d90 nmethod 13471 0x00000207090eff10 code [0x00000207090f0300, 0x00000207090f1eb8]
Event: 34.864 Thread 0x000002077f7f7d90 13472       3       java.io.ObjectOutputStream$BlockDataOutputStream::write (152 bytes)
Event: 34.864 Thread 0x000002076242cab0 13475       4       java.io.ObjectOutputStream$HandleTable::lookup (56 bytes)
Event: 34.864 Thread 0x000002077f7f7d90 nmethod 13472 0x0000020709796490 code [0x00000207097966c0, 0x0000020709796ea0]
Event: 34.864 Thread 0x000002077f7f7d90 13473       3       java.io.ObjectStreamClass$FieldReflector::getPrimFieldValues (317 bytes)
Event: 34.866 Thread 0x000002077f7f7d90 nmethod 13473 0x0000020708802910 code [0x0000020708802d00, 0x0000020708804a60]
Event: 34.866 Thread 0x000002077f7f7d90 13474       3       org.gradle.internal.serialize.AbstractEncoder$EncoderStream::write (11 bytes)
Event: 34.866 Thread 0x000002077f7f7d90 nmethod 13474 0x00000207097e1610 code [0x00000207097e17c0, 0x00000207097e1998]
Event: 34.866 Thread 0x000002076242cab0 nmethod 13475 0x00000207105c5290 code [0x00000207105c5440, 0x00000207105c56a0]
Event: 34.869 Thread 0x000002077f7f7d90 13476       3       java.nio.Buffer::discardMark (6 bytes)
Event: 34.869 Thread 0x000002077f7f7d90 nmethod 13476 0x0000020708fe7790 code [0x0000020708fe7920, 0x0000020708fe7a30]
Event: 34.875 Thread 0x000002077f7f62f0 nmethod 13447 0x000002071062d410 code [0x000002071062d860, 0x0000020710630448]
Event: 35.006 Thread 0x000002077f7f7d90 13477       3       java.util.concurrent.locks.AbstractQueuedSynchronizer$ConditionNode::isReleasable (23 bytes)
Event: 35.006 Thread 0x000002077f7f7d90 nmethod 13477 0x00000207097d2d90 code [0x00000207097d2f40, 0x00000207097d3190]
Event: 35.007 Thread 0x000002077f7f62f0 13478       4       org.gradle.internal.snapshot.ChildMap$Entry::handleAncestorDescendantOrExactMatch (110 bytes)
Event: 35.016 Thread 0x000002077f7f7d90 13479       3       org.gradle.internal.file.FileHierarchySet$Node::plusWithCommonPrefixLength (341 bytes)
Event: 35.018 Thread 0x000002077f7f7d90 nmethod 13479 0x0000020708745b90 code [0x00000207087461a0, 0x0000020708749c18]

GC Heap History (20 events):
Event: 12.100 GC heap before
{Heap before GC invocations=28 (full 0):
 garbage-first heap   total 140288K, used 116702K [0x0000000080000000, 0x0000000100000000)
  region size 1024K, 41 young (41984K), 4 survivors (4096K)
 Metaspace       used 74862K, committed 76928K, reserved 1179648K
  class space    used 10302K, committed 11328K, reserved 1048576K
}
Event: 12.108 GC heap after
{Heap after GC invocations=29 (full 0):
 garbage-first heap   total 140288K, used 82775K [0x0000000080000000, 0x0000000100000000)
  region size 1024K, 5 young (5120K), 5 survivors (5120K)
 Metaspace       used 74862K, committed 76928K, reserved 1179648K
  class space    used 10302K, committed 11328K, reserved 1048576K
}
Event: 12.517 GC heap before
{Heap before GC invocations=30 (full 0):
 garbage-first heap   total 140288K, used 119639K [0x0000000080000000, 0x0000000100000000)
  region size 1024K, 42 young (43008K), 5 survivors (5120K)
 Metaspace       used 77578K, committed 79680K, reserved 1179648K
  class space    used 10739K, committed 11776K, reserved 1048576K
}
Event: 12.522 GC heap after
{Heap after GC invocations=31 (full 0):
 garbage-first heap   total 140288K, used 83152K [0x0000000080000000, 0x0000000100000000)
  region size 1024K, 5 young (5120K), 5 survivors (5120K)
 Metaspace       used 77578K, committed 79680K, reserved 1179648K
  class space    used 10739K, committed 11776K, reserved 1048576K
}
Event: 12.919 GC heap before
{Heap before GC invocations=31 (full 0):
 garbage-first heap   total 140288K, used 122064K [0x0000000080000000, 0x0000000100000000)
  region size 1024K, 43 young (44032K), 5 survivors (5120K)
 Metaspace       used 80304K, committed 82496K, reserved 1179648K
  class space    used 11197K, committed 12288K, reserved 1048576K
}
Event: 12.924 GC heap after
{Heap after GC invocations=32 (full 0):
 garbage-first heap   total 140288K, used 83697K [0x0000000080000000, 0x0000000100000000)
  region size 1024K, 3 young (3072K), 3 survivors (3072K)
 Metaspace       used 80304K, committed 82496K, reserved 1179648K
  class space    used 11197K, committed 12288K, reserved 1048576K
}
Event: 13.296 GC heap before
{Heap before GC invocations=32 (full 0):
 garbage-first heap   total 140288K, used 124657K [0x0000000080000000, 0x0000000100000000)
  region size 1024K, 43 young (44032K), 3 survivors (3072K)
 Metaspace       used 83192K, committed 85376K, reserved 1179648K
  class space    used 11643K, committed 12736K, reserved 1048576K
}
Event: 13.300 GC heap after
{Heap after GC invocations=33 (full 0):
 garbage-first heap   total 168960K, used 85661K [0x0000000080000000, 0x0000000100000000)
  region size 1024K, 5 young (5120K), 5 survivors (5120K)
 Metaspace       used 83192K, committed 85376K, reserved 1179648K
  class space    used 11643K, committed 12736K, reserved 1048576K
}
Event: 13.889 GC heap before
{Heap before GC invocations=34 (full 0):
 garbage-first heap   total 168960K, used 145053K [0x0000000080000000, 0x0000000100000000)
  region size 1024K, 64 young (65536K), 5 survivors (5120K)
 Metaspace       used 87287K, committed 89600K, reserved 1179648K
  class space    used 12262K, committed 13440K, reserved 1048576K
}
Event: 13.897 GC heap after
{Heap after GC invocations=35 (full 0):
 garbage-first heap   total 168960K, used 87677K [0x0000000080000000, 0x0000000100000000)
  region size 1024K, 7 young (7168K), 7 survivors (7168K)
 Metaspace       used 87287K, committed 89600K, reserved 1179648K
  class space    used 12262K, committed 13440K, reserved 1048576K
}
Event: 14.589 GC heap before
{Heap before GC invocations=35 (full 0):
 garbage-first heap   total 168960K, used 148093K [0x0000000080000000, 0x0000000100000000)
  region size 1024K, 66 young (67584K), 7 survivors (7168K)
 Metaspace       used 92090K, committed 94400K, reserved 1179648K
  class space    used 12904K, committed 14080K, reserved 1048576K
}
Event: 14.597 GC heap after
{Heap after GC invocations=36 (full 0):
 garbage-first heap   total 168960K, used 90627K [0x0000000080000000, 0x0000000100000000)
  region size 1024K, 7 young (7168K), 7 survivors (7168K)
 Metaspace       used 92090K, committed 94400K, reserved 1179648K
  class space    used 12904K, committed 14080K, reserved 1048576K
}
Event: 14.980 GC heap before
{Heap before GC invocations=36 (full 0):
 garbage-first heap   total 168960K, used 129539K [0x0000000080000000, 0x0000000100000000)
  region size 1024K, 47 young (48128K), 7 survivors (7168K)
 Metaspace       used 95103K, committed 97472K, reserved 1179648K
  class space    used 13152K, committed 14336K, reserved 1048576K
}
Event: 14.989 GC heap after
{Heap after GC invocations=37 (full 0):
 garbage-first heap   total 168960K, used 95940K [0x0000000080000000, 0x0000000100000000)
  region size 1024K, 9 young (9216K), 9 survivors (9216K)
 Metaspace       used 95103K, committed 97472K, reserved 1179648K
  class space    used 13152K, committed 14336K, reserved 1048576K
}
Event: 15.814 GC heap before
{Heap before GC invocations=38 (full 0):
 garbage-first heap   total 168960K, used 155332K [0x0000000080000000, 0x0000000100000000)
  region size 1024K, 62 young (63488K), 9 survivors (9216K)
 Metaspace       used 98455K, committed 100864K, reserved 1179648K
  class space    used 13551K, committed 14784K, reserved 1048576K
}
Event: 15.825 GC heap after
{Heap after GC invocations=39 (full 0):
 garbage-first heap   total 172032K, used 103281K [0x0000000080000000, 0x0000000100000000)
  region size 1024K, 8 young (8192K), 8 survivors (8192K)
 Metaspace       used 98455K, committed 100864K, reserved 1179648K
  class space    used 13551K, committed 14784K, reserved 1048576K
}
Event: 16.546 GC heap before
{Heap before GC invocations=39 (full 0):
 garbage-first heap   total 172032K, used 154481K [0x0000000080000000, 0x0000000100000000)
  region size 1024K, 58 young (59392K), 8 survivors (8192K)
 Metaspace       used 98871K, committed 101248K, reserved 1179648K
  class space    used 13600K, committed 14784K, reserved 1048576K
}
Event: 16.554 GC heap after
{Heap after GC invocations=40 (full 0):
 garbage-first heap   total 172032K, used 106668K [0x0000000080000000, 0x0000000100000000)
  region size 1024K, 6 young (6144K), 6 survivors (6144K)
 Metaspace       used 98871K, committed 101248K, reserved 1179648K
  class space    used 13600K, committed 14784K, reserved 1048576K
}
Event: 17.168 GC heap before
{Heap before GC invocations=40 (full 0):
 garbage-first heap   total 172032K, used 154796K [0x0000000080000000, 0x0000000100000000)
  region size 1024K, 53 young (54272K), 6 survivors (6144K)
 Metaspace       used 100974K, committed 103360K, reserved 1179648K
  class space    used 13866K, committed 15040K, reserved 1048576K
}
Event: 17.174 GC heap after
{Heap after GC invocations=41 (full 0):
 garbage-first heap   total 172032K, used 110521K [0x0000000080000000, 0x0000000100000000)
  region size 1024K, 6 young (6144K), 6 survivors (6144K)
 Metaspace       used 100974K, committed 103360K, reserved 1179648K
  class space    used 13866K, committed 15040K, reserved 1048576K
}

Dll operation events (16 events):
Event: 0.059 Loaded shared library C:\Users\Administrador\.gradle\jdks\eclipse_adoptium-21-amd64-windows.2\bin\java.dll
Event: 0.239 Loaded shared library C:\Users\Administrador\.gradle\jdks\eclipse_adoptium-21-amd64-windows.2\bin\jsvml.dll
Event: 0.281 Loaded shared library C:\Users\Administrador\.gradle\jdks\eclipse_adoptium-21-amd64-windows.2\bin\zip.dll
Event: 0.288 Loaded shared library C:\Users\Administrador\.gradle\jdks\eclipse_adoptium-21-amd64-windows.2\bin\instrument.dll
Event: 0.295 Loaded shared library C:\Users\Administrador\.gradle\jdks\eclipse_adoptium-21-amd64-windows.2\bin\net.dll
Event: 0.297 Loaded shared library C:\Users\Administrador\.gradle\jdks\eclipse_adoptium-21-amd64-windows.2\bin\nio.dll
Event: 0.300 Loaded shared library C:\Users\Administrador\.gradle\jdks\eclipse_adoptium-21-amd64-windows.2\bin\zip.dll
Event: 0.540 Loaded shared library C:\Users\Administrador\.gradle\jdks\eclipse_adoptium-21-amd64-windows.2\bin\jimage.dll
Event: 0.725 Loaded shared library C:\Users\Administrador\.gradle\jdks\eclipse_adoptium-21-amd64-windows.2\bin\verify.dll
Event: 0.760 Loaded shared library C:\Users\Administrador\.gradle\native\660c5614fbf4a5f2a75b1949f50a0caf5cd603558e7d8a26e50b933a0cfb79d1\windows-amd64\native-platform.dll
Event: 0.768 Loaded shared library C:\Users\Administrador\.gradle\native\0.2.8\x86_64-windows-gnu\gradle-fileevents.dll
Event: 1.539 Loaded shared library C:\Users\Administrador\.gradle\jdks\eclipse_adoptium-21-amd64-windows.2\bin\management.dll
Event: 1.544 Loaded shared library C:\Users\Administrador\.gradle\jdks\eclipse_adoptium-21-amd64-windows.2\bin\management_ext.dll
Event: 1.696 Loaded shared library C:\Users\Administrador\.gradle\jdks\eclipse_adoptium-21-amd64-windows.2\bin\extnet.dll
Event: 1.988 Loaded shared library C:\Users\Administrador\.gradle\jdks\eclipse_adoptium-21-amd64-windows.2\bin\sunmscapi.dll
Event: 18.014 Loaded shared library C:\Users\Administrador\.gradle\jdks\eclipse_adoptium-21-amd64-windows.2\bin\rmi.dll

Deoptimization events (20 events):
Event: 34.867 Thread 0x0000020762c054f0 Uncommon trap: trap_request=0xffffff45 fr.pc=0x0000020710469b6c relative=0x000000000000028c
Event: 34.867 Thread 0x0000020762c054f0 Uncommon trap: reason=unstable_if action=reinterpret pc=0x0000020710469b6c method=com.esotericsoftware.kryo.io.Output.writeString(Ljava/lang/CharSequence;)V @ 50 c2
Event: 34.867 Thread 0x0000020762c054f0 DEOPT PACKING pc=0x0000020710469b6c sp=0x000000d550ffecc0
Event: 34.867 Thread 0x0000020762c054f0 DEOPT UNPACKING pc=0x000002070fbb7da2 sp=0x000000d550ffec40 mode 2
Event: 34.998 Thread 0x000002076c030fd0 Uncommon trap: trap_request=0xffffff45 fr.pc=0x00000207103b4758 relative=0x0000000000000478
Event: 34.998 Thread 0x000002076c030fd0 Uncommon trap: reason=unstable_if action=reinterpret pc=0x00000207103b4758 method=java.lang.Integer.stringSize(I)I @ 3 c2
Event: 34.998 Thread 0x000002076c030fd0 DEOPT PACKING pc=0x00000207103b4758 sp=0x000000d552dfd8b0
Event: 34.998 Thread 0x000002076c030fd0 DEOPT UNPACKING pc=0x000002070fbb7da2 sp=0x000000d552dfd7a8 mode 2
Event: 34.998 Thread 0x000002076c030fd0 Uncommon trap: trap_request=0xffffff45 fr.pc=0x000002071033f034 relative=0x00000000000001f4
Event: 34.998 Thread 0x000002076c030fd0 Uncommon trap: reason=unstable_if action=reinterpret pc=0x000002071033f034 method=java.lang.Integer.getChars(II[B)I @ 4 c2
Event: 34.998 Thread 0x000002076c030fd0 DEOPT PACKING pc=0x000002071033f034 sp=0x000000d552dfd800
Event: 34.998 Thread 0x000002076c030fd0 DEOPT UNPACKING pc=0x000002070fbb7da2 sp=0x000000d552dfd790 mode 2
Event: 35.013 Thread 0x000002076c030fd0 Uncommon trap: trap_request=0xffffffc6 fr.pc=0x00000207102966c8 relative=0x0000000000000a08
Event: 35.013 Thread 0x000002076c030fd0 Uncommon trap: reason=bimorphic_or_optimized_type_check action=maybe_recompile pc=0x00000207102966c8 method=com.google.common.collect.AbstractMapBasedMultimap$WrappedCollection.refreshIfEmpty()V @ 59 c2
Event: 35.013 Thread 0x000002076c030fd0 DEOPT PACKING pc=0x00000207102966c8 sp=0x000000d552dfddb0
Event: 35.013 Thread 0x000002076c030fd0 DEOPT UNPACKING pc=0x000002070fbb7da2 sp=0x000000d552dfdd68 mode 2
Event: 35.016 Thread 0x0000020765995c60 Uncommon trap: trap_request=0xffffffc6 fr.pc=0x000002071078a5a4 relative=0x0000000000001d04
Event: 35.016 Thread 0x0000020765995c60 Uncommon trap: reason=bimorphic_or_optimized_type_check action=maybe_recompile pc=0x000002071078a5a4 method=org.gradle.internal.snapshot.AbstractStorePathRelationshipHandler.handleAsDescendantOfChild(Lorg/gradle/internal/snapshot/VfsRelativePath;Ljava/lan
Event: 35.016 Thread 0x0000020765995c60 DEOPT PACKING pc=0x000002071078a5a4 sp=0x000000d5527fa420
Event: 35.016 Thread 0x0000020765995c60 DEOPT UNPACKING pc=0x000002070fbb7da2 sp=0x000000d5527fa2c8 mode 2

Classes loaded (20 events):
Event: 18.154 Loading class sun/rmi/transport/DGCImpl$LeaseInfo
Event: 18.154 Loading class sun/rmi/transport/DGCImpl$LeaseInfo done
Event: 18.154 Loading class sun/rmi/transport/DGCImpl$1
Event: 18.154 Loading class sun/rmi/transport/DGCImpl$1 done
Event: 18.154 Loading class sun/rmi/transport/SequenceEntry
Event: 18.154 Loading class sun/rmi/transport/SequenceEntry done
Event: 34.712 Loading class sun/net/ConnectionResetException
Event: 34.713 Loading class sun/net/ConnectionResetException done
Event: 34.783 Loading class java/io/PrintWriter$1
Event: 34.783 Loading class jdk/internal/access/JavaIOPrintWriterAccess
Event: 34.783 Loading class jdk/internal/access/JavaIOPrintWriterAccess done
Event: 34.783 Loading class java/io/PrintWriter$1 done
Event: 34.783 Loading class java/lang/Throwable$WrappedPrintWriter
Event: 34.783 Loading class java/lang/Throwable$PrintStreamOrWriter
Event: 34.783 Loading class java/lang/Throwable$PrintStreamOrWriter done
Event: 34.783 Loading class java/lang/Throwable$WrappedPrintWriter done
Event: 34.857 Loading class java/util/Collections$EmptyListIterator
Event: 34.857 Loading class java/util/Collections$EmptyListIterator done
Event: 35.000 Loading class java/io/FileWriter
Event: 35.000 Loading class java/io/FileWriter done

Classes unloaded (0 events):
No events

Classes redefined (0 events):
No events

Internal exceptions (20 events):
Event: 18.004 Thread 0x000002076c030fd0 Exception <a 'java/lang/NoSuchMethodError'{0x000000008a8daea8}: static Lorg/jetbrains/kotlin/daemon/common/LoopbackNetworkInterface$AbstractClientLoopbackSocketFactory;.<clinit>()V> (0x000000008a8daea8) 
thrown [s\src\hotspot\share\prims\jni.cpp, line 1111]
Event: 18.005 Thread 0x000002076c030fd0 Exception <a 'java/lang/NoSuchMethodError'{0x000000008a8e6e20}: static Lorg/jetbrains/kotlin/daemon/common/LoopbackNetworkInterface$ClientLoopbackSocketFactory;.<clinit>()V> (0x000000008a8e6e20) 
thrown [s\src\hotspot\share\prims\jni.cpp, line 1111]
Event: 18.019 Thread 0x000002076c030fd0 Exception <a 'java/lang/NoSuchMethodError'{0x000000008a73f730}: static [Ljava/rmi/server/ObjID;.<clinit>()V> (0x000000008a73f730) 
thrown [s\src\hotspot\share\prims\jni.cpp, line 1111]
Event: 18.021 Thread 0x000002076c030fd0 Exception <a 'java/lang/NoSuchMethodError'{0x000000008a796cd0}: static [B.<clinit>()V> (0x000000008a796cd0) 
thrown [s\src\hotspot\share\prims\jni.cpp, line 1111]
Event: 18.027 Thread 0x000002076601ed00 Exception <a 'java/lang/NoSuchMethodError'{0x000000008a758670}: 'java.lang.Object java.lang.invoke.DirectMethodHandle$Holder.invokeSpecial(java.lang.Object, java.lang.Object, int, java.lang.Object, long)'> (0x000000008a758670) 
thrown [s\src\hotspot\share\interpreter\linkResolver.cpp, line 773]
Event: 18.027 Thread 0x000002076601ed00 Exception <a 'java/lang/NoSuchMethodError'{0x000000008a75f088}: 'java.lang.Object java.lang.invoke.DirectMethodHandle$Holder.newInvokeSpecial(java.lang.Object, java.lang.Object, int, java.lang.Object, long)'> (0x000000008a75f088) 
thrown [s\src\hotspot\share\interpreter\linkResolver.cpp, line 773]
Event: 18.044 Thread 0x000002076c030fd0 Exception <a 'java/lang/NoSuchMethodError'{0x000000008a7e2cd0}: static Lorg/jetbrains/kotlin/daemon/common/CompileService$CallResult;.<clinit>()V> (0x000000008a7e2cd0) 
thrown [s\src\hotspot\share\prims\jni.cpp, line 1111]
Event: 18.044 Thread 0x000002076c030fd0 Exception <a 'java/lang/NoSuchMethodError'{0x000000008a7eed10}: static Lorg/jetbrains/kotlin/daemon/common/CompileService$CallResult$Good;.<clinit>()V> (0x000000008a7eed10) 
thrown [s\src\hotspot\share\prims\jni.cpp, line 1111]
Event: 18.045 Thread 0x000002076c030fd0 Exception <a 'java/lang/NoSuchMethodError'{0x000000008a7fc030}: static Lorg/jetbrains/kotlin/daemon/common/DaemonJVMOptions;.<clinit>()V> (0x000000008a7fc030) 
thrown [s\src\hotspot\share\prims\jni.cpp, line 1111]
Event: 18.050 Thread 0x000002076c030fd0 Exception <a 'java/lang/NoSuchMethodError'{0x000000008a617ce0}: static Lorg/jetbrains/kotlin/daemon/common/CompileService$CallResult$Ok;.<clinit>()V> (0x000000008a617ce0) 
thrown [s\src\hotspot\share\prims\jni.cpp, line 1111]
Event: 18.086 Thread 0x000002076c030fd0 Exception <a 'java/lang/NoSuchMethodError'{0x000000008a5c7740}: static [Ljava/lang/Integer;.<clinit>()V> (0x000000008a5c7740) 
thrown [s\src\hotspot\share\prims\jni.cpp, line 1111]
Event: 34.713 Thread 0x000002076c030fd0 Exception <a 'sun/net/ConnectionResetException'{0x0000000089d987f0}: Connection reset> (0x0000000089d987f0) 
thrown [s\src\hotspot\share\prims\jni.cpp, line 539]
Event: 34.715 Thread 0x000002076c030fd0 Exception <a 'java/net/ConnectException'{0x0000000089c4cab8}: Connection refused: connect> (0x0000000089c4cab8) 
thrown [s\src\hotspot\share\prims\jni.cpp, line 539]
Event: 34.726 Thread 0x000002076c030fd0 Exception <a 'java/net/ConnectException'{0x0000000089c4d5a0}: Connection refused: connect> (0x0000000089c4d5a0) 
thrown [s\src\hotspot\share\prims\jni.cpp, line 539]
Event: 34.755 Thread 0x000002076c030fd0 Exception <a 'java/net/ConnectException'{0x0000000089c4e088}: Connection refused: connect> (0x0000000089c4e088) 
thrown [s\src\hotspot\share\prims\jni.cpp, line 539]
Event: 34.759 Thread 0x000002076c030fd0 Exception <a 'java/net/ConnectException'{0x0000000089c4f948}: Connection refused: connect> (0x0000000089c4f948) 
thrown [s\src\hotspot\share\prims\jni.cpp, line 539]
Event: 34.771 Thread 0x000002076c030fd0 Exception <a 'java/net/ConnectException'{0x0000000089c50430}: Connection refused: connect> (0x0000000089c50430) 
thrown [s\src\hotspot\share\prims\jni.cpp, line 539]
Event: 34.782 Thread 0x000002076c030fd0 Exception <a 'java/net/ConnectException'{0x0000000089c50f18}: Connection refused: connect> (0x0000000089c50f18) 
thrown [s\src\hotspot\share\prims\jni.cpp, line 539]
Event: 34.833 Thread 0x0000020762c054f0 Exception <a 'java/lang/NoSuchMethodError'{0x0000000089be0ca0}: static [Ljava/lang/StackTraceElement;.<clinit>()V> (0x0000000089be0ca0) 
thrown [s\src\hotspot\share\prims\jni.cpp, line 1111]
Event: 34.863 Thread 0x000002076c014080 Implicit null exception at 0x000002071045ff28 to 0x000002071045ffec

ZGC Phase Switch (0 events):
No events

VM Operations (20 events):
Event: 17.168 Executing VM operation: G1CollectForAllocation (G1 Evacuation Pause)
Event: 17.174 Executing VM operation: G1CollectForAllocation (G1 Evacuation Pause) done
Event: 17.281 Executing VM operation: G1PauseRemark
Event: 17.289 Executing VM operation: G1PauseRemark done
Event: 17.338 Executing VM operation: G1PauseCleanup
Event: 17.338 Executing VM operation: G1PauseCleanup done
Event: 17.483 Executing VM operation: HandshakeAllThreads (Deoptimize)
Event: 17.483 Executing VM operation: HandshakeAllThreads (Deoptimize) done
Event: 17.488 Executing VM operation: HandshakeAllThreads (Deoptimize)
Event: 17.489 Executing VM operation: HandshakeAllThreads (Deoptimize) done
Event: 17.490 Executing VM operation: HandshakeAllThreads (Deoptimize)
Event: 17.490 Executing VM operation: HandshakeAllThreads (Deoptimize) done
Event: 18.490 Executing VM operation: Cleanup
Event: 18.490 Executing VM operation: Cleanup done
Event: 22.492 Executing VM operation: Cleanup
Event: 22.492 Executing VM operation: Cleanup done
Event: 34.513 Executing VM operation: Cleanup
Event: 34.513 Executing VM operation: Cleanup done
Event: 35.001 Executing VM operation: HandshakeAllThreads (Deoptimize)
Event: 35.001 Executing VM operation: HandshakeAllThreads (Deoptimize) done

Memory protections (0 events):
No events

Nmethod flushes (20 events):
Event: 17.288 Thread 0x000002077f7c5470 flushing  nmethod 0x0000020708e8b310
Event: 17.288 Thread 0x000002077f7c5470 flushing  nmethod 0x0000020708ea2e10
Event: 17.288 Thread 0x000002077f7c5470 flushing  nmethod 0x0000020708f44410
Event: 17.288 Thread 0x000002077f7c5470 flushing  nmethod 0x0000020708f58810
Event: 17.288 Thread 0x000002077f7c5470 flushing  nmethod 0x0000020708f59490
Event: 17.288 Thread 0x000002077f7c5470 flushing  nmethod 0x0000020709014010
Event: 17.288 Thread 0x000002077f7c5470 flushing  nmethod 0x00000207090eff10
Event: 17.288 Thread 0x000002077f7c5470 flushing  nmethod 0x00000207090f2710
Event: 17.288 Thread 0x000002077f7c5470 flushing  nmethod 0x00000207090f4390
Event: 17.288 Thread 0x000002077f7c5470 flushing  nmethod 0x00000207090f7f90
Event: 17.288 Thread 0x000002077f7c5470 flushing  nmethod 0x0000020709218190
Event: 17.288 Thread 0x000002077f7c5470 flushing  nmethod 0x0000020709484c90
Event: 17.288 Thread 0x000002077f7c5470 flushing  nmethod 0x00000207094b4510
Event: 17.288 Thread 0x000002077f7c5470 flushing  nmethod 0x0000020709579610
Event: 17.288 Thread 0x000002077f7c5470 flushing  nmethod 0x0000020709579a10
Event: 17.288 Thread 0x000002077f7c5470 flushing  nmethod 0x000002070965ec90
Event: 17.288 Thread 0x000002077f7c5470 flushing  nmethod 0x0000020709796110
Event: 17.288 Thread 0x000002077f7c5470 flushing  nmethod 0x0000020709796b10
Event: 17.288 Thread 0x000002077f7c5470 flushing  nmethod 0x0000020709797810
Event: 17.288 Thread 0x000002077f7c5470 flushing  nmethod 0x000002070979a310

Events (20 events):
Event: 15.106 Thread 0x00000207641bbf60 Thread exited: 0x00000207641bbf60
Event: 15.253 Thread 0x000002077f7f7d90 Thread added: 0x0000020762432340
Event: 15.615 Thread 0x0000020765995c60 Thread added: 0x000002076c0302b0
Event: 16.288 Thread 0x0000020765995c60 Thread added: 0x000002076c02db50
Event: 16.436 Thread 0x0000020765995c60 Thread added: 0x000002076c02ef00
Event: 16.677 Thread 0x0000020765995c60 Thread added: 0x000002076c032380
Event: 17.326 Thread 0x0000020765995c60 Thread added: 0x000002076c030fd0
Event: 17.495 Thread 0x000002076c030fd0 Thread added: 0x000002076601b1f0
Event: 17.608 Thread 0x0000020762432340 Thread exited: 0x0000020762432340
Event: 17.931 Thread 0x000002076601b1f0 Thread exited: 0x000002076601b1f0
Event: 18.006 Thread 0x000002076c030fd0 Thread added: 0x000002076601b1f0
Event: 18.013 Thread 0x000002076c030fd0 Thread added: 0x000002076601ed00
Event: 18.016 Thread 0x000002076c030fd0 Thread added: 0x000002076601f390
Event: 18.071 Thread 0x000002076c030fd0 Thread added: 0x000002076c017500
Event: 18.072 Thread 0x000002076c030fd0 Thread added: 0x000002076c016150
Event: 18.147 Thread 0x000002076c017500 Thread added: 0x000002076c0139f0
Event: 34.786 Thread 0x000002077f7f7d90 Thread added: 0x000002076242cab0
Event: 34.853 Thread 0x000002076c030fd0 Thread added: 0x000002076c014080
Event: 34.989 Thread 0x000002076c014080 Thread exited: 0x000002076c014080
Event: 35.004 Thread 0x000002076242cab0 Thread exited: 0x000002076242cab0


Dynamic libraries:
0x00007ff7d3d30000 - 0x00007ff7d3d3e000 	C:\Users\Administrador\.gradle\jdks\eclipse_adoptium-21-amd64-windows.2\bin\java.exe
0x00007ff88ccf0000 - 0x00007ff88cee9000 	C:\WINDOWS\SYSTEM32\ntdll.dll
0x00007ff84e0d0000 - 0x00007ff84e0f1000 	C:\Program Files\Avast Software\Avast\aswhook.dll
0x00007ff88be30000 - 0x00007ff88bef2000 	C:\WINDOWS\System32\KERNEL32.DLL
0x00007ff88a570000 - 0x00007ff88a867000 	C:\WINDOWS\System32\KERNELBASE.dll
0x00007ff88a9d0000 - 0x00007ff88aad0000 	C:\WINDOWS\System32\ucrtbase.dll
0x00007ff8544c0000 - 0x00007ff8544d8000 	C:\Users\Administrador\.gradle\jdks\eclipse_adoptium-21-amd64-windows.2\bin\jli.dll
0x00007ff88ad30000 - 0x00007ff88aecd000 	C:\WINDOWS\System32\USER32.dll
0x00007ff88a400000 - 0x00007ff88a422000 	C:\WINDOWS\System32\win32u.dll
0x00007ff8544a0000 - 0x00007ff8544be000 	C:\Users\Administrador\.gradle\jdks\eclipse_adoptium-21-amd64-windows.2\bin\VCRUNTIME140.dll
0x00007ff88acf0000 - 0x00007ff88ad1b000 	C:\WINDOWS\System32\GDI32.dll
0x00007ff88aad0000 - 0x00007ff88abea000 	C:\WINDOWS\System32\gdi32full.dll
0x00007ff873c20000 - 0x00007ff873ebb000 	C:\WINDOWS\WinSxS\amd64_microsoft.windows.common-controls_6595b64144ccf1df_6.0.19041.6926_none_60b5a53971f8f7e6\COMCTL32.dll
0x00007ff88a360000 - 0x00007ff88a3fd000 	C:\WINDOWS\System32\msvcp_win.dll
0x00007ff88aed0000 - 0x00007ff88af6e000 	C:\WINDOWS\System32\msvcrt.dll
0x00007ff88be00000 - 0x00007ff88be2f000 	C:\WINDOWS\System32\IMM32.DLL
0x00007ff8693d0000 - 0x00007ff8693dc000 	C:\Users\Administrador\.gradle\jdks\eclipse_adoptium-21-amd64-windows.2\bin\vcruntime140_1.dll
0x00007ff84aeb0000 - 0x00007ff84af3d000 	C:\Users\Administrador\.gradle\jdks\eclipse_adoptium-21-amd64-windows.2\bin\msvcp140.dll
0x00007fff9b740000 - 0x00007fff9c4d0000 	C:\Users\Administrador\.gradle\jdks\eclipse_adoptium-21-amd64-windows.2\bin\server\jvm.dll
0x00007ff88cb40000 - 0x00007ff88cbf1000 	C:\WINDOWS\System32\ADVAPI32.dll
0x00007ff88c770000 - 0x00007ff88c80f000 	C:\WINDOWS\System32\sechost.dll
0x00007ff88b970000 - 0x00007ff88ba96000 	C:\WINDOWS\System32\RPCRT4.dll
0x00007ff88ac40000 - 0x00007ff88ac67000 	C:\WINDOWS\System32\bcrypt.dll
0x00007ff88b820000 - 0x00007ff88b88b000 	C:\WINDOWS\System32\WS2_32.dll
0x00007ff8828c0000 - 0x00007ff8828ca000 	C:\WINDOWS\SYSTEM32\VERSION.dll
0x00007ff88a1b0000 - 0x00007ff88a1fb000 	C:\WINDOWS\SYSTEM32\POWRPROF.dll
0x00007ff8813b0000 - 0x00007ff8813d7000 	C:\WINDOWS\SYSTEM32\WINMM.dll
0x00007ff88a190000 - 0x00007ff88a1a2000 	C:\WINDOWS\SYSTEM32\UMPDC.dll
0x00007ff888b30000 - 0x00007ff888b42000 	C:\WINDOWS\SYSTEM32\kernel.appcore.dll
0x00007ff867fe0000 - 0x00007ff867fea000 	C:\Users\Administrador\.gradle\jdks\eclipse_adoptium-21-amd64-windows.2\bin\jimage.dll
0x00007ff888050000 - 0x00007ff888251000 	C:\WINDOWS\SYSTEM32\DBGHELP.DLL
0x00007ff881f60000 - 0x00007ff881f94000 	C:\WINDOWS\SYSTEM32\dbgcore.DLL
0x00007ff88a430000 - 0x00007ff88a4b2000 	C:\WINDOWS\System32\bcryptPrimitives.dll
0x00007ff867cc0000 - 0x00007ff867ccf000 	C:\Users\Administrador\.gradle\jdks\eclipse_adoptium-21-amd64-windows.2\bin\instrument.dll
0x00007ff852b70000 - 0x00007ff852b8f000 	C:\Users\Administrador\.gradle\jdks\eclipse_adoptium-21-amd64-windows.2\bin\java.dll
0x00007ff88bf00000 - 0x00007ff88c671000 	C:\WINDOWS\System32\SHELL32.dll
0x00007ff888370000 - 0x00007ff888b16000 	C:\WINDOWS\SYSTEM32\windows.storage.dll
0x00007ff88baa0000 - 0x00007ff88bdf3000 	C:\WINDOWS\System32\combase.dll
0x00007ff889bd0000 - 0x00007ff889bfb000 	C:\WINDOWS\SYSTEM32\Wldp.dll
0x00007ff88b890000 - 0x00007ff88b966000 	C:\WINDOWS\System32\OLEAUT32.dll
0x00007ff88b0f0000 - 0x00007ff88b19d000 	C:\WINDOWS\System32\SHCORE.dll
0x00007ff88c710000 - 0x00007ff88c76b000 	C:\WINDOWS\System32\shlwapi.dll
0x00007ff88a280000 - 0x00007ff88a2a4000 	C:\WINDOWS\SYSTEM32\profapi.dll
0x00007ff84add0000 - 0x00007ff84aea7000 	C:\Users\Administrador\.gradle\jdks\eclipse_adoptium-21-amd64-windows.2\bin\jsvml.dll
0x00007ff84f900000 - 0x00007ff84f918000 	C:\Users\Administrador\.gradle\jdks\eclipse_adoptium-21-amd64-windows.2\bin\zip.dll
0x00007ff867b00000 - 0x00007ff867b10000 	C:\Users\Administrador\.gradle\jdks\eclipse_adoptium-21-amd64-windows.2\bin\net.dll
0x00007ff8821c0000 - 0x00007ff8822ca000 	C:\WINDOWS\SYSTEM32\WINHTTP.dll
0x00007ff889980000 - 0x00007ff8899ea000 	C:\WINDOWS\system32\mswsock.dll
0x00007ff84e110000 - 0x00007ff84e126000 	C:\Users\Administrador\.gradle\jdks\eclipse_adoptium-21-amd64-windows.2\bin\nio.dll
0x00007ff867750000 - 0x00007ff867760000 	C:\Users\Administrador\.gradle\jdks\eclipse_adoptium-21-amd64-windows.2\bin\verify.dll
0x00007ff85f7c0000 - 0x00007ff85f7e7000 	C:\Users\Administrador\.gradle\native\660c5614fbf4a5f2a75b1949f50a0caf5cd603558e7d8a26e50b933a0cfb79d1\windows-amd64\native-platform.dll
0x00007ff841a20000 - 0x00007ff841a97000 	C:\Users\Administrador\.gradle\native\0.2.8\x86_64-windows-gnu\gradle-fileevents.dll
0x00007ff864450000 - 0x00007ff86445a000 	C:\Users\Administrador\.gradle\jdks\eclipse_adoptium-21-amd64-windows.2\bin\management.dll
0x00007ff863dd0000 - 0x00007ff863ddb000 	C:\Users\Administrador\.gradle\jdks\eclipse_adoptium-21-amd64-windows.2\bin\management_ext.dll
0x00007ff88c810000 - 0x00007ff88c818000 	C:\WINDOWS\System32\PSAPI.DLL
0x00007ff889680000 - 0x00007ff8896bb000 	C:\WINDOWS\SYSTEM32\IPHLPAPI.DLL
0x00007ff88ad20000 - 0x00007ff88ad28000 	C:\WINDOWS\System32\NSI.dll
0x00007ff863a80000 - 0x00007ff863a89000 	C:\Users\Administrador\.gradle\jdks\eclipse_adoptium-21-amd64-windows.2\bin\extnet.dll
0x00007ff889f40000 - 0x00007ff889f58000 	C:\WINDOWS\SYSTEM32\CRYPTSP.dll
0x00007ff8892c0000 - 0x00007ff8892f8000 	C:\WINDOWS\system32\rsaenh.dll
0x00007ff88a200000 - 0x00007ff88a22e000 	C:\WINDOWS\SYSTEM32\USERENV.dll
0x00007ff889b40000 - 0x00007ff889b4c000 	C:\WINDOWS\SYSTEM32\CRYPTBASE.dll
0x00007ff85f6e0000 - 0x00007ff85f6ee000 	C:\Users\Administrador\.gradle\jdks\eclipse_adoptium-21-amd64-windows.2\bin\sunmscapi.dll
0x00007ff88a870000 - 0x00007ff88a9cd000 	C:\WINDOWS\System32\CRYPT32.dll
0x00007ff889c40000 - 0x00007ff889c67000 	C:\WINDOWS\SYSTEM32\ncrypt.dll
0x00007ff889c00000 - 0x00007ff889c3b000 	C:\WINDOWS\SYSTEM32\NTASN1.dll
0x00007ff882460000 - 0x00007ff882467000 	C:\WINDOWS\system32\wshunix.dll
0x00007ff858230000 - 0x00007ff858237000 	C:\Users\Administrador\.gradle\jdks\eclipse_adoptium-21-amd64-windows.2\bin\rmi.dll

dbghelp: loaded successfully - version: 4.0.5 - missing functions: none
symbol engine: initialized successfully - sym options: 0x614 - pdb path: .;C:\Users\Administrador\.gradle\jdks\eclipse_adoptium-21-amd64-windows.2\bin;C:\WINDOWS\SYSTEM32;C:\Program Files\Avast Software\Avast;C:\WINDOWS\WinSxS\amd64_microsoft.windows.common-controls_6595b64144ccf1df_6.0.19041.6926_none_60b5a53971f8f7e6;C:\Users\Administrador\.gradle\jdks\eclipse_adoptium-21-amd64-windows.2\bin\server;C:\Users\Administrador\.gradle\native\660c5614fbf4a5f2a75b1949f50a0caf5cd603558e7d8a26e50b933a0cfb79d1\windows-amd64;C:\Users\Administrador\.gradle\native\0.2.8\x86_64-windows-gnu

VM Arguments:
jvm_args: --add-opens=java.base/java.lang=ALL-UNNAMED --add-opens=java.base/java.lang.invoke=ALL-UNNAMED --add-opens=java.base/java.util=ALL-UNNAMED --add-opens=java.prefs/java.util.prefs=ALL-UNNAMED --add-exports=jdk.compiler/com.sun.tools.javac.api=ALL-UNNAMED --add-exports=jdk.compiler/com.sun.tools.javac.util=ALL-UNNAMED --add-opens=java.base/java.util=ALL-UNNAMED --add-opens=java.prefs/java.util.prefs=ALL-UNNAMED --add-opens=java.base/java.nio.charset=ALL-UNNAMED --add-opens=java.base/java.net=ALL-UNNAMED --add-opens=java.base/java.util.concurrent=ALL-UNNAMED --add-opens=java.base/java.util.concurrent.atomic=ALL-UNNAMED --add-opens=java.xml/javax.xml.namespace=ALL-UNNAMED --add-opens=java.base/java.time=ALL-UNNAMED -Xmx2048m -Dfile.encoding=UTF-8 -Duser.country=BR -Duser.language=pt -Duser.variant -javaagent:C:\Users\Administrador\.gradle\wrapper\dists\gradle-9.3.1-bin\23ovyewtku6u96viwx3xl3oks\gradle-9.3.1\lib\agents\gradle-instrumentation-agent-9.3.1.jar 
java_command: org.gradle.launcher.daemon.bootstrap.GradleDaemon 9.3.1
java_class_path (initial): C:\Users\Administrador\.gradle\wrapper\dists\gradle-9.3.1-bin\23ovyewtku6u96viwx3xl3oks\gradle-9.3.1\lib\gradle-daemon-main-9.3.1.jar
Launcher Type: SUN_STANDARD

[Global flags]
     intx CICompilerCount                          = 3                                         {product} {ergonomic}
     uint ConcGCThreads                            = 1                                         {product} {ergonomic}
     uint G1ConcRefinementThreads                  = 4                                         {product} {ergonomic}
   size_t G1HeapRegionSize                         = 1048576                                   {product} {ergonomic}
    uintx GCDrainStackTargetSize                   = 64                                        {product} {ergonomic}
   size_t InitialHeapSize                          = 199229440                                 {product} {ergonomic}
   size_t MarkStackSize                            = 4194304                                   {product} {ergonomic}
   size_t MaxHeapSize                              = 2147483648                                {product} {command line}
   size_t MaxNewSize                               = 1287651328                                {product} {ergonomic}
   size_t MinHeapDeltaBytes                        = 1048576                                   {product} {ergonomic}
   size_t MinHeapSize                              = 8388608                                   {product} {ergonomic}
    uintx NonNMethodCodeHeapSize                   = 5832780                                {pd product} {ergonomic}
    uintx NonProfiledCodeHeapSize                  = 122912730                              {pd product} {ergonomic}
    uintx ProfiledCodeHeapSize                     = 122912730                              {pd product} {ergonomic}
    uintx ReservedCodeCacheSize                    = 251658240                              {pd product} {ergonomic}
     bool SegmentedCodeCache                       = true                                      {product} {ergonomic}
   size_t SoftMaxHeapSize                          = 2147483648                             {manageable} {ergonomic}
     bool UseCompressedOops                        = true                           {product lp64_product} {ergonomic}
     bool UseG1GC                                  = true                                      {product} {ergonomic}
     bool UseLargePagesIndividualAllocation        = false                                  {pd product} {ergonomic}

Logging:
Log output configuration:
 #0: stdout all=warning uptime,level,tags foldmultilines=false
 #1: stderr all=off uptime,level,tags foldmultilines=false

Environment Variables:
PATH=C:\Program Files\Microsoft MPI\Bin\;C:\Program Files\Common Files\Oracle\Java\javapath;C:\Program Files (x86)\Common Files\Oracle\Java\java8path;C:\Program Files (x86)\Common Files\Oracle\Java\javapath;C:\WINDOWS\system32;C:\WINDOWS;C:\WINDOWS\System32\Wbem;C:\WINDOWS\System32\WindowsPowerShell\v1.0\;C:\WINDOWS\System32\OpenSSH\;C:\Program Files (x86)\Microsoft SQL Server\170\Tools\Binn\;C:\Program Files\Microsoft SQL Server\170\Tools\Binn\;C:\Program Files\Microsoft SQL Server\Client SDK\ODBC\180\Tools\Binn\;C:\Program Files\Microsoft SQL Server\170\DTS\Binn\;C:\Program Files\nodejs\;C:\Program Files\Git\cmd;C:\Users\Administrador\AppData\Local\Programs\Python\Python313\Scripts\;C:\Users\Administrador\AppData\Local\Programs\Python\Python313\;C:\Users\Administrador\AppData\Local\Microsoft\WindowsApps;C:\Users\Administrador\AppData\Local\Programs\Microsoft VS Code\bin;C:\Users\Administrador\AppData\Local\Python\bin;C:\Users\Administrador\AppData\Roaming\npm;C:\Users\Administrador\.lmstudio\bin
USERNAME=Administrador
TERM=xterm
OS=Windows_NT
PROCESSOR_IDENTIFIER=Intel64 Family 6 Model 126 Stepping 5, GenuineIntel
TMP=C:\Users\ADMINI~1\AppData\Local\Temp
TEMP=C:\Users\ADMINI~1\AppData\Local\Temp




Periodic native trim disabled

---------------  S Y S T E M  ---------------

OS:
 Windows 10 , 64 bit Build 19041 (10.0.19041.7291)
OS uptime: 2 days 0:45 hours
Hyper-V role detected

CPU: total 4 (initial active 4) (4 cores per cpu, 2 threads per core) family 6 model 126 stepping 5 microcode 0xa6, cx8, cmov, fxsr, ht, mmx, 3dnowpref, sse, sse2, sse3, ssse3, sse4.1, sse4.2, popcnt, lzcnt, tsc, tscinvbit, avx, avx2, aes, erms, clmul, bmi1, bmi2, adx, avx512f, avx512dq, avx512cd, avx512bw, avx512vl, sha, fma, vzeroupper, avx512_vpopcntdq, avx512_vpclmulqdq, avx512_vaes, avx512_vnni, clflush, clflushopt, avx512_vbmi2, avx512_vbmi, hv, rdtscp, rdpid, fsrm, gfni, avx512_bitalg, f16c, avx512_ifma
Processor Information for the first 4 processors :
  Max Mhz: 1190, Current Mhz: 991, Mhz Limit: 987

Memory: 4k page, system-wide physical 12083M (689M free)
TotalPageFile size 48947M (AvailPageFile size 5M)
current process WorkingSet (physical memory assigned to process): 446M, peak: 466M
current process commit charge ("private bytes"): 486M, peak: 504M

vm_info: OpenJDK 64-Bit Server VM (21.0.7+6-LTS) for windows-amd64 JRE (21.0.7+6-LTS), built on 2025-04-15T00:00:00Z by "admin" with MS VC++ 17.7 (VS2022)

END.
