#
# There is insufficient memory for the Java Runtime Environment to continue.
# Native memory allocation (malloc) failed to allocate 2101136 bytes. Error detail: Chunk::new
# Possible reasons:
#   The system is out of physical RAM or swap space
#   This process is running with CompressedOops enabled, and the Java Heap may be blocking the growth of the native heap
# Possible solutions:
#   Reduce memory load on the system
#   Increase physical memory or swap space
#   Check if swap backing store is full
#   Decrease Java heap size (-Xmx/-Xms)
#   Decrease number of Java threads
#   Decrease Java thread stack sizes (-Xss)
#   Set larger code cache with -XX:ReservedCodeCacheSize=
#   JVM is running with Unscaled Compressed Oops mode in which the Java heap is
#     placed in the first 4GB address space. The Java Heap base address is the
#     maximum limit for the native heap growth. Please use -XX:HeapBaseMinAddress
#     to set the Java Heap base and to place the Java Heap above 4GB virtual address.
# This output file may be truncated or incomplete.
#
#  Out of Memory Error (arena.cpp:168), pid=23372, tid=19168
#
# JRE version: OpenJDK Runtime Environment Temurin-21.0.7+6 (21.0.7+6) (build 21.0.7+6-LTS)
# Java VM: OpenJDK 64-Bit Server VM Temurin-21.0.7+6 (21.0.7+6-LTS, mixed mode, sharing, tiered, compressed oops, compressed class ptrs, g1 gc, windows-amd64)
# No core dump will be written. Minidumps are not enabled by default on client versions of Windows
#

---------------  S U M M A R Y ------------

Command Line: --add-opens=java.base/java.lang=ALL-UNNAMED --add-opens=java.base/java.lang.invoke=ALL-UNNAMED --add-opens=java.base/java.util=ALL-UNNAMED --add-opens=java.prefs/java.util.prefs=ALL-UNNAMED --add-exports=jdk.compiler/com.sun.tools.javac.api=ALL-UNNAMED --add-exports=jdk.compiler/com.sun.tools.javac.util=ALL-UNNAMED --add-opens=java.base/java.util=ALL-UNNAMED --add-opens=java.prefs/java.util.prefs=ALL-UNNAMED --add-opens=java.base/java.nio.charset=ALL-UNNAMED --add-opens=java.base/java.net=ALL-UNNAMED --add-opens=java.base/java.util.concurrent=ALL-UNNAMED --add-opens=java.base/java.util.concurrent.atomic=ALL-UNNAMED --add-opens=java.xml/javax.xml.namespace=ALL-UNNAMED --add-opens=java.base/java.time=ALL-UNNAMED -Xmx2048m -Dfile.encoding=UTF-8 -Duser.country=BR -Duser.language=pt -Duser.variant -javaagent:C:\Users\Administrador\.gradle\wrapper\dists\gradle-9.3.1-bin\23ovyewtku6u96viwx3xl3oks\gradle-9.3.1\lib\agents\gradle-instrumentation-agent-9.3.1.jar org.gradle.launcher.daemon.bootstrap.GradleDaemon 9.3.1

Host: Intel(R) Core(TM) i5-1035G1 CPU @ 1.00GHz, 4 cores, 11G,  Windows 10 , 64 bit Build 19041 (10.0.19041.7291)
Time: Fri Jun 26 09:20:04 2026 Hora oficial do Brasil elapsed time: 27.057797 seconds (0d 0h 0m 27s)

---------------  T H R E A D  ---------------

Current thread (0x0000015132f55d40):  JavaThread "C2 CompilerThread0" daemon [_thread_in_native, id=19168, stack(0x000000153a900000,0x000000153aa00000) (1024K)]


Current CompileTask:
C2:27057 10305   !   4       java.net.URLClassLoader::findClass (47 bytes)

Stack: [0x000000153a900000,0x000000153aa00000]
Native frames: (J=compiled Java code, j=interpreted, Vv=VM code, C=native code)
V  [jvm.dll+0x6ce119]
V  [jvm.dll+0x8a84a1]
V  [jvm.dll+0x8aa9ce]
V  [jvm.dll+0x8ab0b3]
V  [jvm.dll+0x27f8a6]
V  [jvm.dll+0xc507d]
V  [jvm.dll+0xc55b3]
V  [jvm.dll+0x3b68f2]
V  [jvm.dll+0x382aa5]
V  [jvm.dll+0x381f0a]
V  [jvm.dll+0x247af0]
V  [jvm.dll+0x2470cf]
V  [jvm.dll+0x1c760e]
V  [jvm.dll+0x25695a]
V  [jvm.dll+0x254efa]
V  [jvm.dll+0x3f03f6]
V  [jvm.dll+0x851f6b]
V  [jvm.dll+0x6cc7dd]
C  [ucrtbase.dll+0x21bb2]
C  [KERNEL32.DLL+0x17374]
C  [ntdll.dll+0x4cc91]


---------------  P R O C E S S  ---------------

Threads class SMR info:
_java_thread_list=0x000001517bb02670, length=47, elements={
0x00000151149459b0, 0x0000015132f4d200, 0x0000015132f4dd50, 0x0000015132f509a0,
0x0000015132f514e0, 0x0000015132f54030, 0x0000015132f54ed0, 0x0000015132f55d40,
0x0000015132f594e0, 0x0000015132f20350, 0x000001517826a7f0, 0x00000151799cdf80,
0x0000015178cd7210, 0x0000015179a3d730, 0x0000015178ff85f0, 0x00000151783ae630,
0x0000015178654b70, 0x00000151783e2190, 0x00000151783e4260, 0x00000151783e2eb0,
0x00000151783e0de0, 0x00000151783e2820, 0x00000151783e3540, 0x00000151783e3bd0,
0x00000151783e1470, 0x000001517a608a10, 0x000001517a607cf0, 0x000001517a6090a0,
0x000001517a604870, 0x000001517a609730, 0x000001517a605590, 0x000001517a6041e0,
0x000001517a609dc0, 0x000001517a60a450, 0x000001517a606fd0, 0x000001517a60aae0,
0x000001517a60b170, 0x000001517a604f00, 0x000001517a605c20, 0x000001517a6062b0,
0x000001517a607660, 0x000001517a606940, 0x000001517a608380, 0x00000151783e1b00,
0x000001517a8ba080, 0x000001517a8bdb90, 0x000001517a8bbac0
}

Java Threads: ( => current thread )
  0x00000151149459b0 JavaThread "main"                              [_thread_blocked, id=9392, stack(0x0000001539b00000,0x0000001539c00000) (1024K)]
  0x0000015132f4d200 JavaThread "Reference Handler"          daemon [_thread_blocked, id=14756, stack(0x000000153a300000,0x000000153a400000) (1024K)]
  0x0000015132f4dd50 JavaThread "Finalizer"                  daemon [_thread_blocked, id=14552, stack(0x000000153a400000,0x000000153a500000) (1024K)]
  0x0000015132f509a0 JavaThread "Signal Dispatcher"          daemon [_thread_blocked, id=21292, stack(0x000000153a500000,0x000000153a600000) (1024K)]
  0x0000015132f514e0 JavaThread "Attach Listener"            daemon [_thread_blocked, id=22140, stack(0x000000153a600000,0x000000153a700000) (1024K)]
  0x0000015132f54030 JavaThread "Service Thread"             daemon [_thread_blocked, id=10372, stack(0x000000153a700000,0x000000153a800000) (1024K)]
  0x0000015132f54ed0 JavaThread "Monitor Deflation Thread"   daemon [_thread_blocked, id=14676, stack(0x000000153a800000,0x000000153a900000) (1024K)]
=>0x0000015132f55d40 JavaThread "C2 CompilerThread0"         daemon [_thread_in_native, id=19168, stack(0x000000153a900000,0x000000153aa00000) (1024K)]
  0x0000015132f594e0 JavaThread "C1 CompilerThread0"         daemon [_thread_blocked, id=6476, stack(0x000000153aa00000,0x000000153ab00000) (1024K)]
  0x0000015132f20350 JavaThread "Common-Cleaner"             daemon [_thread_blocked, id=19316, stack(0x000000153ab00000,0x000000153ac00000) (1024K)]
  0x000001517826a7f0 JavaThread "Notification Thread"        daemon [_thread_blocked, id=15612, stack(0x000000153ac00000,0x000000153ad00000) (1024K)]
  0x00000151799cdf80 JavaThread "Daemon health stats"               [_thread_blocked, id=21904, stack(0x000000153b000000,0x000000153b100000) (1024K)]
  0x0000015178cd7210 JavaThread "SeedGenerator Thread"       daemon [_thread_blocked, id=19972, stack(0x000000153b100000,0x000000153b200000) (1024K)]
  0x0000015179a3d730 JavaThread "Incoming local TCP Connector on port 62411"        [_thread_in_native, id=20084, stack(0x000000153b400000,0x000000153b500000) (1024K)]
  0x0000015178ff85f0 JavaThread "Daemon periodic checks"            [_thread_blocked, id=17768, stack(0x000000153b300000,0x000000153b400000) (1024K)]
  0x00000151783ae630 JavaThread "Daemon"                            [_thread_blocked, id=18264, stack(0x000000153b500000,0x000000153b600000) (1024K)]
  0x0000015178654b70 JavaThread "Handler for socket connection from /127.0.0.1:62411 to /127.0.0.1:62412"        [_thread_in_native, id=19696, stack(0x000000153b600000,0x000000153b700000) (1024K)]
  0x00000151783e2190 JavaThread "Cancel handler"                    [_thread_blocked, id=296, stack(0x000000153b700000,0x000000153b800000) (1024K)]
  0x00000151783e4260 JavaThread "Daemon worker"                     [_thread_in_Java, id=22132, stack(0x000000153b900000,0x000000153ba00000) (1024K)]
  0x00000151783e2eb0 JavaThread "Asynchronous log dispatcher for DefaultDaemonConnection: socket connection from /127.0.0.1:62411 to /127.0.0.1:62412"        [_thread_blocked, id=20776, stack(0x000000153ba00000,0x000000153bb00000) (1024K)]
  0x00000151783e0de0 JavaThread "Stdin handler"                     [_thread_blocked, id=19560, stack(0x000000153bb00000,0x000000153bc00000) (1024K)]
  0x00000151783e2820 JavaThread "Daemon client event forwarder"        [_thread_blocked, id=8464, stack(0x000000153bc00000,0x000000153bd00000) (1024K)]
  0x00000151783e3540 JavaThread "Cache worker for journal cache (C:\Users\Administrador\.gradle\caches\journal-1)"        [_thread_blocked, id=21072, stack(0x000000153b800000,0x000000153b900000) (1024K)]
  0x00000151783e3bd0 JavaThread "File lock request listener"        [_thread_in_native, id=2680, stack(0x000000153bd00000,0x000000153be00000) (1024K)]
  0x00000151783e1470 JavaThread "Cache worker for file hash cache (C:\Users\Administrador\.gradle\caches\9.3.1\fileHashes)"        [_thread_blocked, id=23320, stack(0x000000153be00000,0x000000153bf00000) (1024K)]
  0x000001517a608a10 JavaThread "Cache worker for file hash cache (C:\Users\Administrador\AndroidStudioProjects\Transporte_Interiorano\.gradle\9.3.1\fileHashes)"        [_thread_blocked, id=10352, stack(0x000000153c100000,0x000000153c200000) (1024K)]
  0x000001517a607cf0 JavaThread "Cache worker for Build Output Cleanup Cache (C:\Users\Administrador\AndroidStudioProjects\Transporte_Interiorano\.gradle\buildOutputCleanup)"        [_thread_blocked, id=22400, stack(0x000000153c200000,0x000000153c300000) (1024K)]
  0x000001517a6090a0 JavaThread "File watcher server"        daemon [_thread_in_native, id=20292, stack(0x000000153bf00000,0x000000153c000000) (1024K)]
  0x000001517a604870 JavaThread "File watcher consumer"      daemon [_thread_blocked, id=10688, stack(0x000000153c400000,0x000000153c500000) (1024K)]
  0x000001517a609730 JavaThread "Cache worker for checksums cache (C:\Users\Administrador\AndroidStudioProjects\Transporte_Interiorano\.gradle\9.3.1\checksums)"        [_thread_blocked, id=20880, stack(0x000000153c600000,0x000000153c700000) (1024K)]
  0x000001517a605590 JavaThread "Cache worker for file content cache (C:\Users\Administrador\.gradle\caches\9.3.1\fileContent)"        [_thread_blocked, id=20972, stack(0x000000153c300000,0x000000153c400000) (1024K)]
  0x000001517a6041e0 JavaThread "Cache worker for cache directory md-supplier (C:\Users\Administrador\.gradle\caches\9.3.1\md-supplier)"        [_thread_blocked, id=6080, stack(0x000000153c500000,0x000000153c600000) (1024K)]
  0x000001517a609dc0 JavaThread "Cache worker for cache directory md-rule (C:\Users\Administrador\.gradle\caches\9.3.1\md-rule)"        [_thread_blocked, id=18708, stack(0x000000153c700000,0x000000153c800000) (1024K)]
  0x000001517a60a450 JavaThread "Unconstrained build operations"        [_thread_blocked, id=4576, stack(0x000000153c800000,0x000000153c900000) (1024K)]
  0x000001517a606fd0 JavaThread "Unconstrained build operations Thread 2"        [_thread_blocked, id=11496, stack(0x000000153c900000,0x000000153ca00000) (1024K)]
  0x000001517a60aae0 JavaThread "Unconstrained build operations Thread 3"        [_thread_blocked, id=13820, stack(0x000000153ca00000,0x000000153cb00000) (1024K)]
  0x000001517a60b170 JavaThread "Unconstrained build operations Thread 4"        [_thread_blocked, id=556, stack(0x000000153b200000,0x000000153b300000) (1024K)]
  0x000001517a604f00 JavaThread "Unconstrained build operations Thread 5"        [_thread_blocked, id=17752, stack(0x000000153c000000,0x000000153c100000) (1024K)]
  0x000001517a605c20 JavaThread "Unconstrained build operations Thread 6"        [_thread_blocked, id=22800, stack(0x000000153cb00000,0x000000153cc00000) (1024K)]
  0x000001517a6062b0 JavaThread "Unconstrained build operations Thread 7"        [_thread_blocked, id=15644, stack(0x000000153cc00000,0x000000153cd00000) (1024K)]
  0x000001517a607660 JavaThread "Unconstrained build operations Thread 8"        [_thread_blocked, id=2444, stack(0x000000153cd00000,0x000000153ce00000) (1024K)]
  0x000001517a606940 JavaThread "Unconstrained build operations Thread 9"        [_thread_blocked, id=22372, stack(0x000000153ce00000,0x000000153cf00000) (1024K)]
  0x000001517a608380 JavaThread "Unconstrained build operations Thread 10"        [_thread_blocked, id=10056, stack(0x000000153cf00000,0x000000153d000000) (1024K)]
  0x00000151783e1b00 JavaThread "Unconstrained build operations Thread 11"        [_thread_blocked, id=19136, stack(0x000000153d000000,0x000000153d100000) (1024K)]
  0x000001517a8ba080 JavaThread "Unconstrained build operations Thread 12"        [_thread_blocked, id=8660, stack(0x000000153d100000,0x000000153d200000) (1024K)]
  0x000001517a8bdb90 JavaThread "Memory manager"                    [_thread_blocked, id=19992, stack(0x000000153d200000,0x000000153d300000) (1024K)]
  0x000001517a8bbac0 JavaThread "build event listener"              [_thread_blocked, id=896, stack(0x000000153d300000,0x000000153d400000) (1024K)]
Total: 47

Other Threads:
  0x0000015132f32290 VMThread "VM Thread"                           [id=12600, stack(0x000000153a200000,0x000000153a300000) (1024K)]
  0x0000015132f1e610 WatcherThread "VM Periodic Task Thread"        [id=20536, stack(0x000000153a100000,0x000000153a200000) (1024K)]
  0x0000015116bb0510 WorkerThread "GC Thread#0"                     [id=16388, stack(0x0000001539c00000,0x0000001539d00000) (1024K)]
  0x00000151782cb1b0 WorkerThread "GC Thread#1"                     [id=4612, stack(0x000000153ad00000,0x000000153ae00000) (1024K)]
  0x00000151782cb550 WorkerThread "GC Thread#2"                     [id=11864, stack(0x000000153ae00000,0x000000153af00000) (1024K)]
  0x00000151783b2640 WorkerThread "GC Thread#3"                     [id=11500, stack(0x000000153af00000,0x000000153b000000) (1024K)]
  0x0000015116bc1770 ConcurrentGCThread "G1 Main Marker"            [id=17244, stack(0x0000001539d00000,0x0000001539e00000) (1024K)]
  0x0000015116bc2a10 WorkerThread "G1 Conc#0"                       [id=9680, stack(0x0000001539e00000,0x0000001539f00000) (1024K)]
  0x0000015132dee9e0 ConcurrentGCThread "G1 Refine#0"               [id=21040, stack(0x0000001539f00000,0x000000153a000000) (1024K)]
  0x0000015132df0400 ConcurrentGCThread "G1 Service"                [id=15964, stack(0x000000153a000000,0x000000153a100000) (1024K)]
Total: 10

Threads with active compile tasks:
C2 CompilerThread0  27090 10305   !   4       java.net.URLClassLoader::findClass (47 bytes)
Total: 1

VM state: not at safepoint (normal execution)

VM Mutex/Monitor currently owned by a thread:  ([mutex/lock_event])
[0x00007fff9c3ee988] SystemDictionary_lock - owner thread: 0x00000151783e4260

Heap address: 0x0000000080000000, size: 2048 MB, Compressed Oops mode: 32-bit

CDS archive(s) mapped at: [0x0000015133000000-0x0000015133c80000-0x0000015133c80000), size 13107200, SharedBaseAddress: 0x0000015133000000, ArchiveRelocationMode: 1.
Compressed class space mapped at: 0x0000015134000000-0x0000015174000000, reserved size: 1073741824
Narrow klass base: 0x0000015133000000, Narrow klass shift: 0, Narrow klass range: 0x100000000

GC Precious Log:
 CardTable entry size: 512
 Card Set container configuration: InlinePtr #cards 5 size 8 Array Of Cards #cards 12 size 40 Howl #buckets 4 coarsen threshold 1843 Howl Bitmap #cards 512 size 80 coarsen threshold 460 Card regions per heap region 1 cards per card region 2048
 CPUs: 4 total, 4 available
 Memory: 12083M
 Large Page Support: Disabled
 NUMA Support: Disabled
 Compressed Oops: Enabled (32-bit)
 Heap Region Size: 1M
 Heap Min Capacity: 8M
 Heap Initial Capacity: 190M
 Heap Max Capacity: 2G
 Pre-touch: Disabled
 Parallel Workers: 4
 Concurrent Workers: 1
 Concurrent Refinement Workers: 4
 Periodic GC: Disabled

Heap:
 garbage-first heap   total 156672K, used 125506K [0x0000000080000000, 0x0000000100000000)
  region size 1024K, 45 young (46080K), 7 survivors (7168K)
 Metaspace       used 88396K, committed 90688K, reserved 1179648K
  class space    used 12404K, committed 13568K, reserved 1048576K

Heap Regions: E=young(eden), S=young(survivor), O=old, HS=humongous(starts), HC=humongous(continues), CS=collection set, F=free, TAMS=top-at-mark-start, PB=parsable bottom
|   0|0x0000000080000000, 0x0000000080100000, 0x0000000080100000|100%|HS|  |TAMS 0x0000000080000000| PB 0x0000000080000000| Complete 
|   1|0x0000000080100000, 0x0000000080200000, 0x0000000080200000|100%|HC|  |TAMS 0x0000000080100000| PB 0x0000000080100000| Complete 
|   2|0x0000000080200000, 0x0000000080300000, 0x0000000080300000|100%|HC|  |TAMS 0x0000000080200000| PB 0x0000000080200000| Complete 
|   3|0x0000000080300000, 0x0000000080400000, 0x0000000080400000|100%|HC|  |TAMS 0x0000000080300000| PB 0x0000000080300000| Complete 
|   4|0x0000000080400000, 0x0000000080500000, 0x0000000080500000|100%| O|  |TAMS 0x0000000080400000| PB 0x0000000080400000| Untracked 
|   5|0x0000000080500000, 0x0000000080600000, 0x0000000080600000|100%| O|  |TAMS 0x0000000080500000| PB 0x0000000080500000| Untracked 
|   6|0x0000000080600000, 0x0000000080700000, 0x0000000080700000|100%| O|  |TAMS 0x0000000080600000| PB 0x0000000080600000| Untracked 
|   7|0x0000000080700000, 0x0000000080800000, 0x0000000080800000|100%|HS|  |TAMS 0x0000000080700000| PB 0x0000000080700000| Complete 
|   8|0x0000000080800000, 0x0000000080900000, 0x0000000080900000|100%| O|  |TAMS 0x0000000080800000| PB 0x0000000080800000| Untracked 
|   9|0x0000000080900000, 0x0000000080a00000, 0x0000000080a00000|100%| O|  |TAMS 0x0000000080900000| PB 0x0000000080900000| Untracked 
|  10|0x0000000080a00000, 0x0000000080b00000, 0x0000000080b00000|100%| O|  |TAMS 0x0000000080a00000| PB 0x0000000080a00000| Untracked 
|  11|0x0000000080b00000, 0x0000000080c00000, 0x0000000080c00000|100%| O|  |TAMS 0x0000000080b00000| PB 0x0000000080b00000| Untracked 
|  12|0x0000000080c00000, 0x0000000080d00000, 0x0000000080d00000|100%| O|  |TAMS 0x0000000080c00000| PB 0x0000000080c00000| Untracked 
|  13|0x0000000080d00000, 0x0000000080e00000, 0x0000000080e00000|100%| O|  |TAMS 0x0000000080d00000| PB 0x0000000080d00000| Untracked 
|  14|0x0000000080e00000, 0x0000000080f00000, 0x0000000080f00000|100%| O|  |TAMS 0x0000000080e00000| PB 0x0000000080e00000| Untracked 
|  15|0x0000000080f00000, 0x0000000081000000, 0x0000000081000000|100%| O|  |TAMS 0x0000000080f00000| PB 0x0000000080f00000| Untracked 
|  16|0x0000000081000000, 0x0000000081100000, 0x0000000081100000|100%| O|  |TAMS 0x0000000081000000| PB 0x0000000081000000| Untracked 
|  17|0x0000000081100000, 0x0000000081200000, 0x0000000081200000|100%| O|  |TAMS 0x0000000081100000| PB 0x0000000081100000| Untracked 
|  18|0x0000000081200000, 0x0000000081300000, 0x0000000081300000|100%| O|  |TAMS 0x0000000081200000| PB 0x0000000081200000| Untracked 
|  19|0x0000000081300000, 0x0000000081400000, 0x0000000081400000|100%| O|  |TAMS 0x0000000081300000| PB 0x0000000081300000| Untracked 
|  20|0x0000000081400000, 0x0000000081500000, 0x0000000081500000|100%| O|  |TAMS 0x0000000081400000| PB 0x0000000081400000| Untracked 
|  21|0x0000000081500000, 0x0000000081600000, 0x0000000081600000|100%| O|  |TAMS 0x0000000081500000| PB 0x0000000081500000| Untracked 
|  22|0x0000000081600000, 0x0000000081700000, 0x0000000081700000|100%| O|  |TAMS 0x0000000081600000| PB 0x0000000081600000| Untracked 
|  23|0x0000000081700000, 0x0000000081800000, 0x0000000081800000|100%| O|  |TAMS 0x0000000081700000| PB 0x0000000081700000| Untracked 
|  24|0x0000000081800000, 0x0000000081900000, 0x0000000081900000|100%| O|  |TAMS 0x0000000081800000| PB 0x0000000081800000| Untracked 
|  25|0x0000000081900000, 0x0000000081a00000, 0x0000000081a00000|100%| O|  |TAMS 0x0000000081900000| PB 0x0000000081900000| Untracked 
|  26|0x0000000081a00000, 0x0000000081b00000, 0x0000000081b00000|100%| O|  |TAMS 0x0000000081a00000| PB 0x0000000081a00000| Untracked 
|  27|0x0000000081b00000, 0x0000000081c00000, 0x0000000081c00000|100%| O|  |TAMS 0x0000000081b00000| PB 0x0000000081b00000| Untracked 
|  28|0x0000000081c00000, 0x0000000081c00000, 0x0000000081d00000|  0%| F|  |TAMS 0x0000000081c00000| PB 0x0000000081c00000| Untracked 
|  29|0x0000000081d00000, 0x0000000081e00000, 0x0000000081e00000|100%| O|  |TAMS 0x0000000081d00000| PB 0x0000000081d00000| Untracked 
|  30|0x0000000081e00000, 0x0000000081f00000, 0x0000000081f00000|100%| O|  |TAMS 0x0000000081e00000| PB 0x0000000081e00000| Untracked 
|  31|0x0000000081f00000, 0x0000000082000000, 0x0000000082000000|100%| O|  |TAMS 0x0000000081f00000| PB 0x0000000081f00000| Untracked 
|  32|0x0000000082000000, 0x0000000082100000, 0x0000000082100000|100%| O|  |TAMS 0x0000000082000000| PB 0x0000000082000000| Untracked 
|  33|0x0000000082100000, 0x0000000082200000, 0x0000000082200000|100%| O|  |TAMS 0x0000000082100000| PB 0x0000000082100000| Untracked 
|  34|0x0000000082200000, 0x0000000082300000, 0x0000000082300000|100%| O|  |TAMS 0x0000000082200000| PB 0x0000000082200000| Untracked 
|  35|0x0000000082300000, 0x0000000082400000, 0x0000000082400000|100%| O|  |TAMS 0x0000000082300000| PB 0x0000000082300000| Untracked 
|  36|0x0000000082400000, 0x0000000082500000, 0x0000000082500000|100%| O|  |TAMS 0x0000000082400000| PB 0x0000000082400000| Untracked 
|  37|0x0000000082500000, 0x0000000082600000, 0x0000000082600000|100%| O|  |TAMS 0x0000000082500000| PB 0x0000000082500000| Untracked 
|  38|0x0000000082600000, 0x0000000082700000, 0x0000000082700000|100%| O|  |TAMS 0x0000000082600000| PB 0x0000000082600000| Untracked 
|  39|0x0000000082700000, 0x0000000082800000, 0x0000000082800000|100%| O|  |TAMS 0x0000000082700000| PB 0x0000000082700000| Untracked 
|  40|0x0000000082800000, 0x0000000082900000, 0x0000000082900000|100%| O|  |TAMS 0x0000000082800000| PB 0x0000000082800000| Untracked 
|  41|0x0000000082900000, 0x0000000082a00000, 0x0000000082a00000|100%| O|  |TAMS 0x0000000082900000| PB 0x0000000082900000| Untracked 
|  42|0x0000000082a00000, 0x0000000082a00000, 0x0000000082b00000|  0%| F|  |TAMS 0x0000000082a00000| PB 0x0000000082a00000| Untracked 
|  43|0x0000000082b00000, 0x0000000082c00000, 0x0000000082c00000|100%| O|  |TAMS 0x0000000082b00000| PB 0x0000000082b00000| Untracked 
|  44|0x0000000082c00000, 0x0000000082d00000, 0x0000000082d00000|100%| O|  |TAMS 0x0000000082c00000| PB 0x0000000082c00000| Untracked 
|  45|0x0000000082d00000, 0x0000000082e00000, 0x0000000082e00000|100%| O|  |TAMS 0x0000000082d00000| PB 0x0000000082d00000| Untracked 
|  46|0x0000000082e00000, 0x0000000082f00000, 0x0000000082f00000|100%| O|  |TAMS 0x0000000082e00000| PB 0x0000000082e00000| Untracked 
|  47|0x0000000082f00000, 0x0000000083000000, 0x0000000083000000|100%|HS|  |TAMS 0x0000000082f00000| PB 0x0000000082f00000| Complete 
|  48|0x0000000083000000, 0x0000000083100000, 0x0000000083100000|100%|HS|  |TAMS 0x0000000083000000| PB 0x0000000083000000| Complete 
|  49|0x0000000083100000, 0x0000000083200000, 0x0000000083200000|100%| O|  |TAMS 0x0000000083100000| PB 0x0000000083100000| Untracked 
|  50|0x0000000083200000, 0x0000000083300000, 0x0000000083300000|100%| O|  |TAMS 0x0000000083200000| PB 0x0000000083200000| Untracked 
|  51|0x0000000083300000, 0x0000000083400000, 0x0000000083400000|100%|HS|  |TAMS 0x0000000083300000| PB 0x0000000083300000| Complete 
|  52|0x0000000083400000, 0x0000000083500000, 0x0000000083500000|100%|HC|  |TAMS 0x0000000083400000| PB 0x0000000083400000| Complete 
|  53|0x0000000083500000, 0x0000000083600000, 0x0000000083600000|100%| O|  |TAMS 0x0000000083500000| PB 0x0000000083500000| Untracked 
|  54|0x0000000083600000, 0x0000000083700000, 0x0000000083700000|100%| O|  |TAMS 0x0000000083600000| PB 0x0000000083600000| Untracked 
|  55|0x0000000083700000, 0x0000000083800000, 0x0000000083800000|100%|HS|  |TAMS 0x0000000083700000| PB 0x0000000083700000| Complete 
|  56|0x0000000083800000, 0x0000000083900000, 0x0000000083900000|100%|HS|  |TAMS 0x0000000083800000| PB 0x0000000083800000| Complete 
|  57|0x0000000083900000, 0x0000000083a00000, 0x0000000083a00000|100%| O|  |TAMS 0x0000000083900000| PB 0x0000000083900000| Untracked 
|  58|0x0000000083a00000, 0x0000000083b00000, 0x0000000083b00000|100%|HS|  |TAMS 0x0000000083a00000| PB 0x0000000083a00000| Complete 
|  59|0x0000000083b00000, 0x0000000083c00000, 0x0000000083c00000|100%|HS|  |TAMS 0x0000000083b00000| PB 0x0000000083b00000| Complete 
|  60|0x0000000083c00000, 0x0000000083d00000, 0x0000000083d00000|100%| O|  |TAMS 0x0000000083c00000| PB 0x0000000083c00000| Untracked 
|  61|0x0000000083d00000, 0x0000000083e00000, 0x0000000083e00000|100%| O|  |TAMS 0x0000000083d00000| PB 0x0000000083d00000| Untracked 
|  62|0x0000000083e00000, 0x0000000083f00000, 0x0000000083f00000|100%| O|  |TAMS 0x0000000083e00000| PB 0x0000000083e00000| Untracked 
|  63|0x0000000083f00000, 0x0000000084000000, 0x0000000084000000|100%| O|  |TAMS 0x0000000083f00000| PB 0x0000000083f00000| Untracked 
|  64|0x0000000084000000, 0x0000000084100000, 0x0000000084100000|100%| O|  |TAMS 0x0000000084000000| PB 0x0000000084000000| Untracked 
|  65|0x0000000084100000, 0x0000000084200000, 0x0000000084200000|100%|HS|  |TAMS 0x0000000084100000| PB 0x0000000084100000| Complete 
|  66|0x0000000084200000, 0x0000000084300000, 0x0000000084300000|100%|HC|  |TAMS 0x0000000084200000| PB 0x0000000084200000| Complete 
|  67|0x0000000084300000, 0x0000000084400000, 0x0000000084400000|100%| O|  |TAMS 0x0000000084300000| PB 0x0000000084300000| Untracked 
|  68|0x0000000084400000, 0x0000000084500000, 0x0000000084500000|100%| O|  |TAMS 0x0000000084400000| PB 0x0000000084400000| Untracked 
|  69|0x0000000084500000, 0x0000000084600000, 0x0000000084600000|100%| O|  |TAMS 0x0000000084500000| PB 0x0000000084500000| Untracked 
|  70|0x0000000084600000, 0x0000000084700000, 0x0000000084700000|100%| O|  |TAMS 0x0000000084600000| PB 0x0000000084600000| Untracked 
|  71|0x0000000084700000, 0x0000000084800000, 0x0000000084800000|100%|HS|  |TAMS 0x0000000084700000| PB 0x0000000084700000| Complete 
|  72|0x0000000084800000, 0x0000000084900000, 0x0000000084900000|100%| O|  |TAMS 0x0000000084800000| PB 0x0000000084800000| Untracked 
|  73|0x0000000084900000, 0x0000000084a00000, 0x0000000084a00000|100%| O|  |TAMS 0x0000000084900000| PB 0x0000000084900000| Untracked 
|  74|0x0000000084a00000, 0x0000000084b00000, 0x0000000084b00000|100%| O|  |TAMS 0x0000000084a00000| PB 0x0000000084a00000| Untracked 
|  75|0x0000000084b00000, 0x0000000084c00000, 0x0000000084c00000|100%| O|  |TAMS 0x0000000084b00000| PB 0x0000000084b00000| Untracked 
|  76|0x0000000084c00000, 0x0000000084d00000, 0x0000000084d00000|100%| O|  |TAMS 0x0000000084c00000| PB 0x0000000084c00000| Untracked 
|  77|0x0000000084d00000, 0x0000000084e00000, 0x0000000084e00000|100%| O|  |TAMS 0x0000000084d00000| PB 0x0000000084d00000| Untracked 
|  78|0x0000000084e00000, 0x0000000084f00000, 0x0000000084f00000|100%| O|  |TAMS 0x0000000084e00000| PB 0x0000000084e00000| Untracked 
|  79|0x0000000084f00000, 0x0000000085000000, 0x0000000085000000|100%| O|  |TAMS 0x0000000084f00000| PB 0x0000000084f00000| Untracked 
|  80|0x0000000085000000, 0x000000008509fec0, 0x0000000085100000| 62%| O|  |TAMS 0x0000000085000000| PB 0x0000000085000000| Untracked 
|  81|0x0000000085100000, 0x0000000085100000, 0x0000000085200000|  0%| F|  |TAMS 0x0000000085100000| PB 0x0000000085100000| Untracked 
|  82|0x0000000085200000, 0x0000000085200000, 0x0000000085300000|  0%| F|  |TAMS 0x0000000085200000| PB 0x0000000085200000| Untracked 
|  83|0x0000000085300000, 0x0000000085300000, 0x0000000085400000|  0%| F|  |TAMS 0x0000000085300000| PB 0x0000000085300000| Untracked 
|  84|0x0000000085400000, 0x0000000085400000, 0x0000000085500000|  0%| F|  |TAMS 0x0000000085400000| PB 0x0000000085400000| Untracked 
|  85|0x0000000085500000, 0x0000000085500000, 0x0000000085600000|  0%| F|  |TAMS 0x0000000085500000| PB 0x0000000085500000| Untracked 
|  86|0x0000000085600000, 0x0000000085600000, 0x0000000085700000|  0%| F|  |TAMS 0x0000000085600000| PB 0x0000000085600000| Untracked 
|  87|0x0000000085700000, 0x0000000085700000, 0x0000000085800000|  0%| F|  |TAMS 0x0000000085700000| PB 0x0000000085700000| Untracked 
|  88|0x0000000085800000, 0x0000000085800000, 0x0000000085900000|  0%| F|  |TAMS 0x0000000085800000| PB 0x0000000085800000| Untracked 
|  89|0x0000000085900000, 0x00000000859f0b40, 0x0000000085a00000| 94%| S|CS|TAMS 0x0000000085900000| PB 0x0000000085900000| Complete 
|  90|0x0000000085a00000, 0x0000000085b00000, 0x0000000085b00000|100%| S|CS|TAMS 0x0000000085a00000| PB 0x0000000085a00000| Complete 
|  91|0x0000000085b00000, 0x0000000085c00000, 0x0000000085c00000|100%| S|CS|TAMS 0x0000000085b00000| PB 0x0000000085b00000| Complete 
|  92|0x0000000085c00000, 0x0000000085d00000, 0x0000000085d00000|100%| S|CS|TAMS 0x0000000085c00000| PB 0x0000000085c00000| Complete 
|  93|0x0000000085d00000, 0x0000000085d00000, 0x0000000085e00000|  0%| F|  |TAMS 0x0000000085d00000| PB 0x0000000085d00000| Untracked 
|  94|0x0000000085e00000, 0x0000000085e00000, 0x0000000085f00000|  0%| F|  |TAMS 0x0000000085e00000| PB 0x0000000085e00000| Untracked 
|  95|0x0000000085f00000, 0x0000000085f00000, 0x0000000086000000|  0%| F|  |TAMS 0x0000000085f00000| PB 0x0000000085f00000| Untracked 
|  96|0x0000000086000000, 0x0000000086000000, 0x0000000086100000|  0%| F|  |TAMS 0x0000000086000000| PB 0x0000000086000000| Untracked 
|  97|0x0000000086100000, 0x0000000086200000, 0x0000000086200000|100%| S|CS|TAMS 0x0000000086100000| PB 0x0000000086100000| Complete 
|  98|0x0000000086200000, 0x0000000086300000, 0x0000000086300000|100%| S|CS|TAMS 0x0000000086200000| PB 0x0000000086200000| Complete 
|  99|0x0000000086300000, 0x0000000086400000, 0x0000000086400000|100%| S|CS|TAMS 0x0000000086300000| PB 0x0000000086300000| Complete 
| 100|0x0000000086400000, 0x0000000086400000, 0x0000000086500000|  0%| F|  |TAMS 0x0000000086400000| PB 0x0000000086400000| Untracked 
| 101|0x0000000086500000, 0x0000000086500000, 0x0000000086600000|  0%| F|  |TAMS 0x0000000086500000| PB 0x0000000086500000| Untracked 
| 102|0x0000000086600000, 0x0000000086600000, 0x0000000086700000|  0%| F|  |TAMS 0x0000000086600000| PB 0x0000000086600000| Untracked 
| 103|0x0000000086700000, 0x0000000086700000, 0x0000000086800000|  0%| F|  |TAMS 0x0000000086700000| PB 0x0000000086700000| Untracked 
| 104|0x0000000086800000, 0x0000000086800000, 0x0000000086900000|  0%| F|  |TAMS 0x0000000086800000| PB 0x0000000086800000| Untracked 
| 105|0x0000000086900000, 0x0000000086900000, 0x0000000086a00000|  0%| F|  |TAMS 0x0000000086900000| PB 0x0000000086900000| Untracked 
| 106|0x0000000086a00000, 0x0000000086a00000, 0x0000000086b00000|  0%| F|  |TAMS 0x0000000086a00000| PB 0x0000000086a00000| Untracked 
| 107|0x0000000086b00000, 0x0000000086b00000, 0x0000000086c00000|  0%| F|  |TAMS 0x0000000086b00000| PB 0x0000000086b00000| Untracked 
| 108|0x0000000086c00000, 0x0000000086c00000, 0x0000000086d00000|  0%| F|  |TAMS 0x0000000086c00000| PB 0x0000000086c00000| Untracked 
| 109|0x0000000086d00000, 0x0000000086d00000, 0x0000000086e00000|  0%| F|  |TAMS 0x0000000086d00000| PB 0x0000000086d00000| Untracked 
| 110|0x0000000086e00000, 0x0000000086e00000, 0x0000000086f00000|  0%| F|  |TAMS 0x0000000086e00000| PB 0x0000000086e00000| Untracked 
| 111|0x0000000086f00000, 0x0000000086f00000, 0x0000000087000000|  0%| F|  |TAMS 0x0000000086f00000| PB 0x0000000086f00000| Untracked 
| 112|0x0000000087000000, 0x0000000087000000, 0x0000000087100000|  0%| F|  |TAMS 0x0000000087000000| PB 0x0000000087000000| Untracked 
| 113|0x0000000087100000, 0x0000000087100000, 0x0000000087200000|  0%| F|  |TAMS 0x0000000087100000| PB 0x0000000087100000| Untracked 
| 114|0x0000000087200000, 0x0000000087200000, 0x0000000087300000|  0%| F|  |TAMS 0x0000000087200000| PB 0x0000000087200000| Untracked 
| 115|0x0000000087300000, 0x0000000087400000, 0x0000000087400000|100%| E|  |TAMS 0x0000000087300000| PB 0x0000000087300000| Complete 
| 116|0x0000000087400000, 0x0000000087500000, 0x0000000087500000|100%| E|CS|TAMS 0x0000000087400000| PB 0x0000000087400000| Complete 
| 117|0x0000000087500000, 0x0000000087600000, 0x0000000087600000|100%| E|CS|TAMS 0x0000000087500000| PB 0x0000000087500000| Complete 
| 118|0x0000000087600000, 0x0000000087700000, 0x0000000087700000|100%| E|CS|TAMS 0x0000000087600000| PB 0x0000000087600000| Complete 
| 119|0x0000000087700000, 0x0000000087800000, 0x0000000087800000|100%| E|CS|TAMS 0x0000000087700000| PB 0x0000000087700000| Complete 
| 120|0x0000000087800000, 0x0000000087900000, 0x0000000087900000|100%| E|CS|TAMS 0x0000000087800000| PB 0x0000000087800000| Complete 
| 121|0x0000000087900000, 0x0000000087a00000, 0x0000000087a00000|100%| E|CS|TAMS 0x0000000087900000| PB 0x0000000087900000| Complete 
| 122|0x0000000087a00000, 0x0000000087b00000, 0x0000000087b00000|100%| E|CS|TAMS 0x0000000087a00000| PB 0x0000000087a00000| Complete 
| 123|0x0000000087b00000, 0x0000000087c00000, 0x0000000087c00000|100%| E|CS|TAMS 0x0000000087b00000| PB 0x0000000087b00000| Complete 
| 124|0x0000000087c00000, 0x0000000087d00000, 0x0000000087d00000|100%| E|CS|TAMS 0x0000000087c00000| PB 0x0000000087c00000| Complete 
| 125|0x0000000087d00000, 0x0000000087e00000, 0x0000000087e00000|100%| E|CS|TAMS 0x0000000087d00000| PB 0x0000000087d00000| Complete 
| 126|0x0000000087e00000, 0x0000000087f00000, 0x0000000087f00000|100%| E|CS|TAMS 0x0000000087e00000| PB 0x0000000087e00000| Complete 
| 127|0x0000000087f00000, 0x0000000088000000, 0x0000000088000000|100%| E|CS|TAMS 0x0000000087f00000| PB 0x0000000087f00000| Complete 
| 128|0x0000000088000000, 0x0000000088100000, 0x0000000088100000|100%| E|CS|TAMS 0x0000000088000000| PB 0x0000000088000000| Complete 
| 129|0x0000000088100000, 0x0000000088200000, 0x0000000088200000|100%| E|CS|TAMS 0x0000000088100000| PB 0x0000000088100000| Complete 
| 130|0x0000000088200000, 0x0000000088300000, 0x0000000088300000|100%| E|CS|TAMS 0x0000000088200000| PB 0x0000000088200000| Complete 
| 131|0x0000000088300000, 0x0000000088400000, 0x0000000088400000|100%| E|CS|TAMS 0x0000000088300000| PB 0x0000000088300000| Complete 
| 132|0x0000000088400000, 0x0000000088500000, 0x0000000088500000|100%| E|CS|TAMS 0x0000000088400000| PB 0x0000000088400000| Complete 
| 133|0x0000000088500000, 0x0000000088600000, 0x0000000088600000|100%| E|CS|TAMS 0x0000000088500000| PB 0x0000000088500000| Complete 
| 134|0x0000000088600000, 0x0000000088700000, 0x0000000088700000|100%| E|CS|TAMS 0x0000000088600000| PB 0x0000000088600000| Complete 
| 135|0x0000000088700000, 0x0000000088800000, 0x0000000088800000|100%| E|CS|TAMS 0x0000000088700000| PB 0x0000000088700000| Complete 
| 136|0x0000000088800000, 0x0000000088900000, 0x0000000088900000|100%| E|CS|TAMS 0x0000000088800000| PB 0x0000000088800000| Complete 
| 137|0x0000000088900000, 0x0000000088a00000, 0x0000000088a00000|100%| E|CS|TAMS 0x0000000088900000| PB 0x0000000088900000| Complete 
| 138|0x0000000088a00000, 0x0000000088b00000, 0x0000000088b00000|100%| E|CS|TAMS 0x0000000088a00000| PB 0x0000000088a00000| Complete 
| 139|0x0000000088b00000, 0x0000000088c00000, 0x0000000088c00000|100%| E|CS|TAMS 0x0000000088b00000| PB 0x0000000088b00000| Complete 
| 140|0x0000000088c00000, 0x0000000088d00000, 0x0000000088d00000|100%| E|CS|TAMS 0x0000000088c00000| PB 0x0000000088c00000| Complete 
| 141|0x0000000088d00000, 0x0000000088e00000, 0x0000000088e00000|100%| E|CS|TAMS 0x0000000088d00000| PB 0x0000000088d00000| Complete 
| 142|0x0000000088e00000, 0x0000000088f00000, 0x0000000088f00000|100%| E|CS|TAMS 0x0000000088e00000| PB 0x0000000088e00000| Complete 
| 143|0x0000000088f00000, 0x0000000089000000, 0x0000000089000000|100%| E|CS|TAMS 0x0000000088f00000| PB 0x0000000088f00000| Complete 
| 144|0x0000000089000000, 0x0000000089100000, 0x0000000089100000|100%| E|CS|TAMS 0x0000000089000000| PB 0x0000000089000000| Complete 
| 145|0x0000000089100000, 0x0000000089200000, 0x0000000089200000|100%| E|CS|TAMS 0x0000000089100000| PB 0x0000000089100000| Complete 
| 146|0x0000000089200000, 0x0000000089300000, 0x0000000089300000|100%| E|CS|TAMS 0x0000000089200000| PB 0x0000000089200000| Complete 
| 147|0x0000000089300000, 0x0000000089400000, 0x0000000089400000|100%| E|CS|TAMS 0x0000000089300000| PB 0x0000000089300000| Complete 
| 148|0x0000000089400000, 0x0000000089500000, 0x0000000089500000|100%| E|CS|TAMS 0x0000000089400000| PB 0x0000000089400000| Complete 
| 149|0x0000000089500000, 0x0000000089600000, 0x0000000089600000|100%| E|CS|TAMS 0x0000000089500000| PB 0x0000000089500000| Complete 
| 150|0x0000000089600000, 0x0000000089700000, 0x0000000089700000|100%| E|CS|TAMS 0x0000000089600000| PB 0x0000000089600000| Complete 
| 188|0x000000008bc00000, 0x000000008bd00000, 0x000000008bd00000|100%| E|CS|TAMS 0x000000008bc00000| PB 0x000000008bc00000| Complete 
| 189|0x000000008bd00000, 0x000000008be00000, 0x000000008be00000|100%| E|CS|TAMS 0x000000008bd00000| PB 0x000000008bd00000| Complete 

Card table byte_map: [0x000001512e650000,0x000001512ea50000] _byte_map_base: 0x000001512e250000

Marking Bits: (CMBitMap*) 0x0000015116bb0c10
 Bits: [0x000001512ea50000, 0x0000015130a50000)

Polling page: 0x00000151148e0000

Metaspace:

Usage:
  Non-class:     74.24 MB used.
      Class:     12.12 MB used.
       Both:     86.36 MB used.

Virtual space:
  Non-class space:      128.00 MB reserved,      75.38 MB ( 59%) committed,  2 nodes.
      Class space:        1.00 GB reserved,      13.25 MB (  1%) committed,  1 nodes.
             Both:        1.12 GB reserved,      88.62 MB (  8%) committed. 

Chunk freelists:
   Non-Class:  4.55 MB
       Class:  2.72 MB
        Both:  7.27 MB

MaxMetaspaceSize: unlimited
CompressedClassSpaceSize: 1.00 GB
Initial GC threshold: 21.00 MB
Current GC threshold: 125.25 MB
CDS: on
 - commit_granule_bytes: 65536.
 - commit_granule_words: 8192.
 - virtual_space_node_default_size: 8388608.
 - enlarge_chunks_in_place: 1.
 - use_allocation_guard: 0.


Internal statistics:

num_allocs_failed_limit: 6.
num_arena_births: 4104.
num_arena_deaths: 0.
num_vsnodes_births: 3.
num_vsnodes_deaths: 0.
num_space_committed: 1418.
num_space_uncommitted: 0.
num_chunks_returned_to_freelist: 6.
num_chunks_taken_from_freelist: 8262.
num_chunk_merges: 3.
num_chunk_splits: 5402.
num_chunks_enlarged: 3404.
num_inconsistent_stats: 0.

CodeHeap 'non-profiled nmethods': size=120000Kb used=4893Kb max_used=4893Kb free=115106Kb
 bounds [0x0000015126d20000, 0x00000151271f0000, 0x000001512e250000]
CodeHeap 'profiled nmethods': size=120000Kb used=17121Kb max_used=17121Kb free=102878Kb
 bounds [0x000001511f250000, 0x0000015120310000, 0x0000015126780000]
CodeHeap 'non-nmethods': size=5760Kb used=2386Kb max_used=2405Kb free=3373Kb
 bounds [0x0000015126780000, 0x00000151269f0000, 0x0000015126d20000]
 total_blobs=10003 nmethods=9143 adapters=764
 compilation: enabled
              stopped_count=0, restarted_count=0
 full_count=0

Compilation events (20 events):
Event: 27.047 Thread 0x0000015132f594e0 10422       3       com.sun.xml.bind.v2.model.impl.ClassInfoImpl::ensureNoAnnotation (76 bytes)
Event: 27.047 Thread 0x0000015132f594e0 nmethod 10422 0x00000151202f3b90 code [0x00000151202f3e00, 0x00000151202f4910]
Event: 27.047 Thread 0x0000015132f594e0 10420       3       com.sun.xml.bind.v2.model.impl.PropertyInfoImpl::getApplicableAdapter (202 bytes)
Event: 27.048 Thread 0x0000015132f594e0 nmethod 10420 0x00000151202f4d90 code [0x00000151202f5160, 0x00000151202f6c10]
Event: 27.048 Thread 0x0000015132f594e0 10424       3       com.sun.xml.bind.v2.model.nav.ReflectionNavigator$1::onParameterizdType (10 bytes)
Event: 27.049 Thread 0x0000015132f594e0 nmethod 10424 0x00000151202f7590 code [0x00000151202f7740, 0x00000151202f7988]
Event: 27.049 Thread 0x0000015132f594e0 10421       3       com.sun.xml.bind.v2.model.impl.PropertyInfoImpl::isApplicable (117 bytes)
Event: 27.049 Thread 0x0000015132f594e0 nmethod 10421 0x00000151202f7a90 code [0x00000151202f7e80, 0x00000151202f9b50]
Event: 27.050 Thread 0x0000015132f594e0 10425   !   3       jdk.proxy4.$Proxy119::annotationType (29 bytes)
Event: 27.050 Thread 0x0000015132f594e0 nmethod 10425 0x00000151202fa710 code [0x00000151202fa8e0, 0x00000151202face0]
Event: 27.050 Thread 0x0000015132f594e0 10426       1       com.sun.xml.bind.v2.model.impl.ClassInfoImpl::access$100 (5 bytes)
Event: 27.050 Thread 0x0000015132f594e0 nmethod 10426 0x00000151271e6e90 code [0x00000151271e7020, 0x00000151271e70d0]
Event: 27.054 Thread 0x0000015132f594e0 10427   !   3       jdk.proxy4.$Proxy118::annotationType (29 bytes)
Event: 27.054 Thread 0x0000015132f594e0 nmethod 10427 0x00000151202fae90 code [0x00000151202fb060, 0x00000151202fb460]
Event: 27.054 Thread 0x0000015132f594e0 10428       3       com.sun.xml.bind.v2.model.impl.ElementPropertyInfoImpl::kind (4 bytes)
Event: 27.054 Thread 0x0000015132f594e0 nmethod 10428 0x00000151202fb610 code [0x00000151202fb7a0, 0x00000151202fb8b8]
Event: 27.054 Thread 0x0000015132f594e0 10430       3       com.sun.xml.bind.v2.model.impl.ElementPropertyInfoImpl$1::size (13 bytes)
Event: 27.054 Thread 0x0000015132f594e0 nmethod 10430 0x00000151202fb990 code [0x00000151202fbb60, 0x00000151202fbdf8]
Event: 27.054 Thread 0x0000015132f594e0 10429       1       com.sun.xml.bind.v2.model.impl.ElementPropertyInfoImpl::ref (5 bytes)
Event: 27.054 Thread 0x0000015132f594e0 nmethod 10429 0x00000151271e7190 code [0x00000151271e7320, 0x00000151271e73e8]

GC Heap History (20 events):
Event: 20.599 GC heap before
{Heap before GC invocations=23 (full 0):
 garbage-first heap   total 119808K, used 95274K [0x0000000080000000, 0x0000000100000000)
  region size 1024K, 32 young (32768K), 2 survivors (2048K)
 Metaspace       used 59925K, committed 61824K, reserved 1114112K
  class space    used 8320K, committed 9280K, reserved 1048576K
}
Event: 20.601 GC heap after
{Heap after GC invocations=24 (full 0):
 garbage-first heap   total 119808K, used 66215K [0x0000000080000000, 0x0000000100000000)
  region size 1024K, 2 young (2048K), 2 survivors (2048K)
 Metaspace       used 59925K, committed 61824K, reserved 1114112K
  class space    used 8320K, committed 9280K, reserved 1048576K
}
Event: 20.907 GC heap before
{Heap before GC invocations=24 (full 0):
 garbage-first heap   total 119808K, used 82599K [0x0000000080000000, 0x0000000100000000)
  region size 1024K, 19 young (19456K), 2 survivors (2048K)
 Metaspace       used 61774K, committed 63744K, reserved 1114112K
  class space    used 8637K, committed 9600K, reserved 1048576K
}
Event: 20.910 GC heap after
{Heap after GC invocations=25 (full 0):
 garbage-first heap   total 119808K, used 66996K [0x0000000080000000, 0x0000000100000000)
  region size 1024K, 3 young (3072K), 3 survivors (3072K)
 Metaspace       used 61774K, committed 63744K, reserved 1114112K
  class space    used 8637K, committed 9600K, reserved 1048576K
}
Event: 21.681 GC heap before
{Heap before GC invocations=25 (full 0):
 garbage-first heap   total 119808K, used 103860K [0x0000000080000000, 0x0000000100000000)
  region size 1024K, 37 young (37888K), 3 survivors (3072K)
 Metaspace       used 65437K, committed 67456K, reserved 1114112K
  class space    used 9083K, committed 10112K, reserved 1048576K
}
Event: 21.685 GC heap after
{Heap after GC invocations=26 (full 0):
 garbage-first heap   total 119808K, used 70565K [0x0000000080000000, 0x0000000100000000)
  region size 1024K, 4 young (4096K), 4 survivors (4096K)
 Metaspace       used 65437K, committed 67456K, reserved 1114112K
  class space    used 9083K, committed 10112K, reserved 1048576K
}
Event: 22.337 GC heap before
{Heap before GC invocations=26 (full 0):
 garbage-first heap   total 119808K, used 99237K [0x0000000080000000, 0x0000000100000000)
  region size 1024K, 33 young (33792K), 4 survivors (4096K)
 Metaspace       used 68293K, committed 70272K, reserved 1114112K
  class space    used 9451K, committed 10432K, reserved 1048576K
}
Event: 22.341 GC heap after
{Heap after GC invocations=27 (full 0):
 garbage-first heap   total 119808K, used 72850K [0x0000000080000000, 0x0000000100000000)
  region size 1024K, 5 young (5120K), 5 survivors (5120K)
 Metaspace       used 68293K, committed 70272K, reserved 1114112K
  class space    used 9451K, committed 10432K, reserved 1048576K
}
Event: 22.862 GC heap before
{Heap before GC invocations=28 (full 0):
 garbage-first heap   total 130048K, used 110738K [0x0000000080000000, 0x0000000100000000)
  region size 1024K, 37 young (37888K), 5 survivors (5120K)
 Metaspace       used 69675K, committed 71680K, reserved 1114112K
  class space    used 9650K, committed 10624K, reserved 1048576K
}
Event: 22.867 GC heap after
{Heap after GC invocations=29 (full 0):
 garbage-first heap   total 130048K, used 76800K [0x0000000080000000, 0x0000000100000000)
  region size 1024K, 5 young (5120K), 5 survivors (5120K)
 Metaspace       used 69675K, committed 71680K, reserved 1114112K
  class space    used 9650K, committed 10624K, reserved 1048576K
}
Event: 23.348 GC heap before
{Heap before GC invocations=29 (full 0):
 garbage-first heap   total 130048K, used 112640K [0x0000000080000000, 0x0000000100000000)
  region size 1024K, 40 young (40960K), 5 survivors (5120K)
 Metaspace       used 72088K, committed 74112K, reserved 1114112K
  class space    used 9942K, committed 10944K, reserved 1048576K
}
Event: 23.353 GC heap after
{Heap after GC invocations=30 (full 0):
 garbage-first heap   total 130048K, used 78806K [0x0000000080000000, 0x0000000100000000)
  region size 1024K, 3 young (3072K), 3 survivors (3072K)
 Metaspace       used 72088K, committed 74112K, reserved 1114112K
  class space    used 9942K, committed 10944K, reserved 1048576K
}
Event: 23.951 GC heap before
{Heap before GC invocations=30 (full 0):
 garbage-first heap   total 130048K, used 114646K [0x0000000080000000, 0x0000000100000000)
  region size 1024K, 38 young (38912K), 3 survivors (3072K)
 Metaspace       used 74274K, committed 76352K, reserved 1179648K
  class space    used 10230K, committed 11264K, reserved 1048576K
}
Event: 23.958 GC heap after
{Heap after GC invocations=31 (full 0):
 garbage-first heap   total 156672K, used 81609K [0x0000000080000000, 0x0000000100000000)
  region size 1024K, 5 young (5120K), 5 survivors (5120K)
 Metaspace       used 74274K, committed 76352K, reserved 1179648K
  class space    used 10230K, committed 11264K, reserved 1048576K
}
Event: 25.022 GC heap before
{Heap before GC invocations=32 (full 0):
 garbage-first heap   total 156672K, used 132809K [0x0000000080000000, 0x0000000100000000)
  region size 1024K, 55 young (56320K), 5 survivors (5120K)
 Metaspace       used 77917K, committed 80000K, reserved 1179648K
  class space    used 10808K, committed 11840K, reserved 1048576K
}
Event: 25.027 GC heap after
{Heap after GC invocations=33 (full 0):
 garbage-first heap   total 156672K, used 83609K [0x0000000080000000, 0x0000000100000000)
  region size 1024K, 5 young (5120K), 5 survivors (5120K)
 Metaspace       used 77917K, committed 80000K, reserved 1179648K
  class space    used 10808K, committed 11840K, reserved 1048576K
}
Event: 26.029 GC heap before
{Heap before GC invocations=33 (full 0):
 garbage-first heap   total 156672K, used 135833K [0x0000000080000000, 0x0000000100000000)
  region size 1024K, 56 young (57344K), 5 survivors (5120K)
 Metaspace       used 81613K, committed 83712K, reserved 1179648K
  class space    used 11423K, committed 12480K, reserved 1048576K
}
Event: 26.035 GC heap after
{Heap after GC invocations=34 (full 0):
 garbage-first heap   total 156672K, used 84607K [0x0000000080000000, 0x0000000100000000)
  region size 1024K, 4 young (4096K), 4 survivors (4096K)
 Metaspace       used 81613K, committed 83712K, reserved 1179648K
  class space    used 11423K, committed 12480K, reserved 1048576K
}
Event: 26.654 GC heap before
{Heap before GC invocations=34 (full 0):
 garbage-first heap   total 156672K, used 138879K [0x0000000080000000, 0x0000000100000000)
  region size 1024K, 57 young (58368K), 4 survivors (4096K)
 Metaspace       used 85661K, committed 88000K, reserved 1179648K
  class space    used 11994K, committed 13184K, reserved 1048576K
}
Event: 26.661 GC heap after
{Heap after GC invocations=35 (full 0):
 garbage-first heap   total 156672K, used 87618K [0x0000000080000000, 0x0000000100000000)
  region size 1024K, 7 young (7168K), 7 survivors (7168K)
 Metaspace       used 85661K, committed 88000K, reserved 1179648K
  class space    used 11994K, committed 13184K, reserved 1048576K
}

Dll operation events (15 events):
Event: 0.019 Loaded shared library C:\Users\Administrador\.gradle\jdks\eclipse_adoptium-21-amd64-windows.2\bin\java.dll
Event: 0.057 Loaded shared library C:\Users\Administrador\.gradle\jdks\eclipse_adoptium-21-amd64-windows.2\bin\jsvml.dll
Event: 0.123 Loaded shared library C:\Users\Administrador\.gradle\jdks\eclipse_adoptium-21-amd64-windows.2\bin\zip.dll
Event: 0.126 Loaded shared library C:\Users\Administrador\.gradle\jdks\eclipse_adoptium-21-amd64-windows.2\bin\instrument.dll
Event: 0.141 Loaded shared library C:\Users\Administrador\.gradle\jdks\eclipse_adoptium-21-amd64-windows.2\bin\net.dll
Event: 0.154 Loaded shared library C:\Users\Administrador\.gradle\jdks\eclipse_adoptium-21-amd64-windows.2\bin\nio.dll
Event: 0.156 Loaded shared library C:\Users\Administrador\.gradle\jdks\eclipse_adoptium-21-amd64-windows.2\bin\zip.dll
Event: 0.492 Loaded shared library C:\Users\Administrador\.gradle\jdks\eclipse_adoptium-21-amd64-windows.2\bin\jimage.dll
Event: 0.857 Loaded shared library C:\Users\Administrador\.gradle\jdks\eclipse_adoptium-21-amd64-windows.2\bin\verify.dll
Event: 0.896 Loaded shared library C:\Users\Administrador\.gradle\native\660c5614fbf4a5f2a75b1949f50a0caf5cd603558e7d8a26e50b933a0cfb79d1\windows-amd64\native-platform.dll
Event: 0.913 Loaded shared library C:\Users\Administrador\.gradle\native\0.2.8\x86_64-windows-gnu\gradle-fileevents.dll
Event: 1.908 Loaded shared library C:\Users\Administrador\.gradle\jdks\eclipse_adoptium-21-amd64-windows.2\bin\management.dll
Event: 1.921 Loaded shared library C:\Users\Administrador\.gradle\jdks\eclipse_adoptium-21-amd64-windows.2\bin\management_ext.dll
Event: 2.220 Loaded shared library C:\Users\Administrador\.gradle\jdks\eclipse_adoptium-21-amd64-windows.2\bin\extnet.dll
Event: 10.873 Loaded shared library C:\Users\Administrador\.gradle\jdks\eclipse_adoptium-21-amd64-windows.2\bin\sunmscapi.dll

Deoptimization events (20 events):
Event: 26.428 Thread 0x00000151783e4260 DEOPT PACKING pc=0x0000015126f96170 sp=0x000000153b9f8710
Event: 26.428 Thread 0x00000151783e4260 DEOPT UNPACKING pc=0x00000151267d7da2 sp=0x000000153b9f8698 mode 2
Event: 26.444 Thread 0x00000151783e4260 Uncommon trap: trap_request=0xffffffc6 fr.pc=0x0000015126d53e98 relative=0x0000000000000878
Event: 26.444 Thread 0x00000151783e4260 Uncommon trap: reason=bimorphic_or_optimized_type_check action=maybe_recompile pc=0x0000015126d53e98 method=java.util.concurrent.CopyOnWriteArrayList.indexOfRange(Ljava/lang/Object;[Ljava/lang/Object;II)I @ 46 c2
Event: 26.444 Thread 0x00000151783e4260 DEOPT PACKING pc=0x0000015126d53e98 sp=0x000000153b9f8000
Event: 26.444 Thread 0x00000151783e4260 DEOPT UNPACKING pc=0x00000151267d7da2 sp=0x000000153b9f7fc0 mode 2
Event: 26.597 Thread 0x00000151783e4260 Uncommon trap: trap_request=0xfffffff4 fr.pc=0x00000151271b8ea0 relative=0x0000000000000b60
Event: 26.597 Thread 0x00000151783e4260 Uncommon trap: reason=null_check action=make_not_entrant pc=0x00000151271b8ea0 method=org.gradle.internal.instantiation.generator.AbstractClassGenerator.isAttachableType(Ljava/lang/Class;Ljava/util/function/Predicate;)Z @ 4 c2
Event: 26.597 Thread 0x00000151783e4260 DEOPT PACKING pc=0x00000151271b8ea0 sp=0x000000153b9f89c0
Event: 26.597 Thread 0x00000151783e4260 DEOPT UNPACKING pc=0x00000151267d7da2 sp=0x000000153b9f8928 mode 2
Event: 26.598 Thread 0x00000151783e4260 DEOPT PACKING pc=0x000001512014da9e sp=0x000000153b9f8600
Event: 26.598 Thread 0x00000151783e4260 DEOPT UNPACKING pc=0x00000151267d88e2 sp=0x000000153b9f7ae8 mode 0
Event: 26.688 Thread 0x00000151783e4260 Uncommon trap: trap_request=0xffffff45 fr.pc=0x0000015126db98d8 relative=0x0000000000001878
Event: 26.688 Thread 0x00000151783e4260 Uncommon trap: reason=unstable_if action=reinterpret pc=0x0000015126db98d8 method=sun.nio.fs.WindowsPathParser.isSlash(C)Z @ 9 c2
Event: 26.688 Thread 0x00000151783e4260 DEOPT PACKING pc=0x0000015126db98d8 sp=0x000000153b9f8360
Event: 26.688 Thread 0x00000151783e4260 DEOPT UNPACKING pc=0x00000151267d7da2 sp=0x000000153b9f8300 mode 2
Event: 26.989 Thread 0x00000151783e4260 Uncommon trap: trap_request=0xffffff45 fr.pc=0x0000015126ed7c6c relative=0x000000000000020c
Event: 26.989 Thread 0x00000151783e4260 Uncommon trap: reason=unstable_if action=reinterpret pc=0x0000015126ed7c6c method=java.util.concurrent.ConcurrentHashMap.get(Ljava/lang/Object;)Ljava/lang/Object; @ 76 c2
Event: 26.989 Thread 0x00000151783e4260 DEOPT PACKING pc=0x0000015126ed7c6c sp=0x000000153b9f59e0
Event: 26.989 Thread 0x00000151783e4260 DEOPT UNPACKING pc=0x00000151267d7da2 sp=0x000000153b9f5958 mode 2

Classes loaded (20 events):
Event: 26.892 Loading class java/awt/datatransfer/Transferable
Event: 26.892 Loading class java/awt/datatransfer/Transferable done
Event: 26.894 Loading class javax/xml/transform/Result
Event: 26.894 Loading class javax/xml/transform/Result done
Event: 26.894 Loading class javax/xml/datatype/XMLGregorianCalendar
Event: 26.895 Loading class javax/xml/datatype/XMLGregorianCalendar done
Event: 26.899 Loading class javax/xml/namespace/NamespaceContext
Event: 26.899 Loading class javax/xml/namespace/NamespaceContext done
Event: 26.899 Loading class javax/xml/datatype/Duration
Event: 26.900 Loading class javax/xml/datatype/Duration done
Event: 26.953 Loading class java/util/AbstractList$ListItr
Event: 26.954 Loading class java/util/AbstractList$ListItr done
Event: 26.958 Loading class java/lang/Short$ShortCache
Event: 26.959 Loading class java/lang/Short$ShortCache done
Event: 26.979 Loading class sun/reflect/generics/repository/FieldRepository
Event: 26.980 Loading class sun/reflect/generics/repository/FieldRepository done
Event: 26.989 Loading class jdk/internal/ValueBased
Event: 26.989 Loading class jdk/internal/ValueBased done
Event: 27.005 Loading class java/lang/Package$1PackageInfoProxy
Event: 27.005 Loading class java/lang/Package$1PackageInfoProxy done

Classes unloaded (0 events):
No events

Classes redefined (0 events):
No events

Internal exceptions (20 events):
Event: 23.624 Thread 0x00000151783e4260 Exception <a 'java/lang/NoSuchMethodError'{0x0000000086de2ca0}: 'java.lang.Object java.lang.invoke.DirectMethodHandle$Holder.invokeVirtual(java.lang.Object, java.lang.Object, java.lang.Object, java.lang.Object, java.lang.Object, java.lang.Object, java.lang.Object, java.lang.Object, java.lang.Object, java.lang.Object, java.lang.Object, java.lang.Object, java.lang.Object, java.lang.Object, java.lang.Object, java.lang.Object, java.lang.Object)'> (0x0000000086de2ca0) 
thrown [s\src\hotspot\share\interpreter\li
Event: 23.625 Thread 0x00000151783e4260 Exception <a 'java/lang/NoSuchMethodError'{0x0000000086de8f58}: 'java.lang.Object java.lang.invoke.DirectMethodHandle$Holder.invokeSpecial(java.lang.Object, java.lang.Object, java.lang.Object, java.lang.Object, java.lang.Object, java.lang.Object, java.lang.Object, java.lang.Object, java.lang.Object, java.lang.Object, java.lang.Object, java.lang.Object, java.lang.Object, java.lang.Object, java.lang.Object, java.lang.Object, java.lang.Object, java.lang.Object)'> (0x0000000086de8f58) 
thrown [s\src\hotspot\sh
Event: 23.626 Thread 0x00000151783e4260 Exception <a 'java/lang/NoSuchMethodError'{0x0000000086dee760}: 'java.lang.Object java.lang.invoke.DelegatingMethodHandle$Holder.reinvoke_L(java.lang.Object, java.lang.Object, java.lang.Object, java.lang.Object, java.lang.Object, java.lang.Object, java.lang.Object, java.lang.Object, java.lang.Object, java.lang.Object, java.lang.Object, java.lang.Object, java.lang.Object, java.lang.Object, java.lang.Object, java.lang.Object, java.lang.Object)'> (0x0000000086dee760) 
thrown [s\src\hotspot\share\interpreter\l
Event: 24.060 Thread 0x00000151783e4260 Implicit null exception at 0x0000015127149a5e to 0x0000015127149ae1
Event: 24.065 Thread 0x00000151783e4260 Exception <a 'java/lang/NoSuchMethodError'{0x0000000089143918}: 'java.lang.Object java.lang.invoke.DirectMethodHandle$Holder.newInvokeSpecial(java.lang.Object, java.lang.Object, java.lang.Object, java.lang.Object, java.lang.Object, java.lang.Object, java.lang.Object, java.lang.Object, java.lang.Object, java.lang.Object, java.lang.Object, java.lang.Object, java.lang.Object, java.lang.Object)'> (0x0000000089143918) 
thrown [s\src\hotspot\share\interpreter\linkResolver.cpp, line 773]
Event: 26.084 Thread 0x00000151783e4260 Exception <a 'java/lang/NoSuchMethodError'{0x00000000895efe70}: 'java.lang.Object java.lang.invoke.Invokers$Holder.invokeExact_MT(java.lang.Object, java.lang.Object, java.lang.Object, int, java.lang.Object, java.lang.Object)'> (0x00000000895efe70) 
thrown [s\src\hotspot\share\interpreter\linkResolver.cpp, line 773]
Event: 26.216 Thread 0x00000151783e4260 Implicit null exception at 0x0000015126fc8cba to 0x0000015126fc8cf4
Event: 26.287 Thread 0x00000151783e4260 Exception <a 'java/lang/ClassNotFoundException'{0x000000008825dd18}: com/android/build/gradle/internal/api/ApkVariantOutputImpl_DecoratedBeanInfo> (0x000000008825dd18) 
thrown [s\src\hotspot\share\classfile\systemDictionary.cpp, line 312]
Event: 26.288 Thread 0x00000151783e4260 Exception <a 'java/lang/ClassNotFoundException'{0x000000008826ddc0}: com/android/build/gradle/internal/api/ApkVariantOutputImplBeanInfo> (0x000000008826ddc0) 
thrown [s\src\hotspot\share\classfile\systemDictionary.cpp, line 312]
Event: 26.289 Thread 0x00000151783e4260 Exception <a 'java/lang/ClassNotFoundException'{0x000000008827de90}: com/android/build/gradle/internal/api/BaseVariantOutputImplBeanInfo> (0x000000008827de90) 
thrown [s\src\hotspot\share\classfile\systemDictionary.cpp, line 312]
Event: 26.289 Thread 0x00000151783e4260 Exception <a 'java/lang/ClassNotFoundException'{0x000000008828e1d8}: com/android/build/gradle/internal/api/BaseVariantOutputImplCustomizer> (0x000000008828e1d8) 
thrown [s\src\hotspot\share\classfile\systemDictionary.cpp, line 312]
Event: 26.291 Thread 0x00000151783e4260 Exception <a 'java/lang/ClassNotFoundException'{0x00000000882b1548}: com/android/build/gradle/internal/api/ApkVariantOutputImplCustomizer> (0x00000000882b1548) 
thrown [s\src\hotspot\share\classfile\systemDictionary.cpp, line 312]
Event: 26.292 Thread 0x00000151783e4260 Exception <a 'java/lang/ClassNotFoundException'{0x00000000882cfd40}: com/android/build/gradle/internal/api/ApkVariantOutputImpl_DecoratedCustomizer> (0x00000000882cfd40) 
thrown [s\src\hotspot\share\classfile\systemDictionary.cpp, line 312]
Event: 26.594 Thread 0x00000151783e4260 Exception <a 'java/lang/IncompatibleClassChangeError'{0x00000000868c24f0}: Found class java.lang.Object, but interface was expected> (0x00000000868c24f0) 
thrown [s\src\hotspot\share\interpreter\linkResolver.cpp, line 840]
Event: 26.597 Thread 0x00000151783e4260 Implicit null exception at 0x00000151271b861d to 0x00000151271b8e90
Event: 26.698 Thread 0x00000151783e4260 Exception <a 'sun/nio/fs/WindowsException'{0x000000008954a2c0}> (0x000000008954a2c0) 
thrown [s\src\hotspot\share\prims\jni.cpp, line 520]
Event: 26.698 Thread 0x00000151783e4260 Exception <a 'sun/nio/fs/WindowsException'{0x000000008954bc08}> (0x000000008954bc08) 
thrown [s\src\hotspot\share\prims\jni.cpp, line 520]
Event: 26.698 Thread 0x00000151783e4260 Exception <a 'sun/nio/fs/WindowsException'{0x000000008954d5a0}> (0x000000008954d5a0) 
thrown [s\src\hotspot\share\prims\jni.cpp, line 520]
Event: 26.698 Thread 0x00000151783e4260 Exception <a 'sun/nio/fs/WindowsException'{0x000000008954ef38}> (0x000000008954ef38) 
thrown [s\src\hotspot\share\prims\jni.cpp, line 520]
Event: 26.857 Thread 0x00000151783e4260 Exception <a 'java/lang/NullPointerException'{0x000000008876adf0}> (0x000000008876adf0) 
thrown [s\src\hotspot\share\interpreter\linkResolver.cpp, line 1456]

ZGC Phase Switch (0 events):
No events

VM Operations (20 events):
Event: 24.850 Executing VM operation: HandshakeAllThreads (Deoptimize)
Event: 24.850 Executing VM operation: HandshakeAllThreads (Deoptimize) done
Event: 25.021 Executing VM operation: G1CollectForAllocation (G1 Evacuation Pause)
Event: 25.027 Executing VM operation: G1CollectForAllocation (G1 Evacuation Pause) done
Event: 26.029 Executing VM operation: G1CollectForAllocation (G1 Evacuation Pause)
Event: 26.035 Executing VM operation: G1CollectForAllocation (G1 Evacuation Pause) done
Event: 26.484 Executing VM operation: ICBufferFull
Event: 26.484 Executing VM operation: ICBufferFull done
Event: 26.530 Executing VM operation: HandshakeAllThreads (Deoptimize)
Event: 26.530 Executing VM operation: HandshakeAllThreads (Deoptimize) done
Event: 26.611 Executing VM operation: HandshakeAllThreads (Deoptimize)
Event: 26.611 Executing VM operation: HandshakeAllThreads (Deoptimize) done
Event: 26.654 Executing VM operation: G1CollectForAllocation (G1 Evacuation Pause)
Event: 26.661 Executing VM operation: G1CollectForAllocation (G1 Evacuation Pause) done
Event: 26.802 Executing VM operation: HandshakeAllThreads (Deoptimize)
Event: 26.802 Executing VM operation: HandshakeAllThreads (Deoptimize) done
Event: 26.887 Executing VM operation: HandshakeAllThreads (Deoptimize)
Event: 26.887 Executing VM operation: HandshakeAllThreads (Deoptimize) done
Event: 26.955 Executing VM operation: HandshakeAllThreads (Deoptimize)
Event: 26.955 Executing VM operation: HandshakeAllThreads (Deoptimize) done

Memory protections (0 events):
No events

Nmethod flushes (20 events):
Event: 24.074 Thread 0x0000015132f32290 flushing  nmethod 0x000001511f709b10
Event: 24.074 Thread 0x0000015132f32290 flushing  nmethod 0x000001511f7e2b10
Event: 24.074 Thread 0x0000015132f32290 flushing  nmethod 0x000001511f856210
Event: 24.074 Thread 0x0000015132f32290 flushing  nmethod 0x000001511f932310
Event: 24.074 Thread 0x0000015132f32290 flushing  nmethod 0x000001511fa52f90
Event: 24.074 Thread 0x0000015132f32290 flushing  nmethod 0x000001511fa53390
Event: 24.074 Thread 0x0000015132f32290 flushing  nmethod 0x000001511fdbaf10
Event: 24.074 Thread 0x0000015132f32290 flushing  nmethod 0x0000015126d87c90
Event: 24.074 Thread 0x0000015132f32290 flushing  nmethod 0x0000015126e9f610
Event: 24.074 Thread 0x0000015132f32290 flushing  nmethod 0x0000015126eaf210
Event: 24.074 Thread 0x0000015132f32290 flushing  nmethod 0x0000015126ffd790
Event: 24.074 Thread 0x0000015132f32290 flushing  nmethod 0x000001511f291210
Event: 24.074 Thread 0x0000015132f32290 flushing  nmethod 0x000001511f2aac90
Event: 24.074 Thread 0x0000015132f32290 flushing  nmethod 0x000001511f3a7710
Event: 24.074 Thread 0x0000015132f32290 flushing  nmethod 0x000001511f550690
Event: 24.074 Thread 0x0000015132f32290 flushing  nmethod 0x000001511f557e10
Event: 24.074 Thread 0x0000015132f32290 flushing  nmethod 0x000001511f558c90
Event: 24.074 Thread 0x0000015132f32290 flushing  nmethod 0x000001511f6fb690
Event: 24.074 Thread 0x0000015132f32290 flushing  nmethod 0x000001511f832590
Event: 24.074 Thread 0x0000015132f32290 flushing  nmethod 0x000001511f833390

Events (20 events):
Event: 15.444 Thread 0x000001517a605c20 Thread exited: 0x000001517a605c20
Event: 15.628 Thread 0x0000015178cd7210 Thread added: 0x000001517a604f00
Event: 15.671 Thread 0x000001517a1c98c0 Thread exited: 0x000001517a1c98c0
Event: 15.696 Thread 0x000001517a6062b0 Thread exited: 0x000001517a6062b0
Event: 15.879 Thread 0x0000015178cd7210 Thread added: 0x000001517a605c20
Event: 15.927 Thread 0x000001517a604f00 Thread exited: 0x000001517a604f00
Event: 16.129 Thread 0x0000015178cd7210 Thread added: 0x000001517a60b170
Event: 16.193 Thread 0x000001517a605c20 Thread exited: 0x000001517a605c20
Event: 16.439 Thread 0x000001517a60b170 Thread exited: 0x000001517a60b170
Event: 17.204 Thread 0x00000151783e4260 Thread added: 0x000001517a60b170
Event: 17.204 Thread 0x00000151783e4260 Thread added: 0x000001517a604f00
Event: 17.204 Thread 0x00000151783e4260 Thread added: 0x000001517a605c20
Event: 17.351 Thread 0x00000151783e4260 Thread added: 0x000001517a6062b0
Event: 17.352 Thread 0x00000151783e4260 Thread added: 0x000001517a607660
Event: 17.353 Thread 0x00000151783e4260 Thread added: 0x000001517a606940
Event: 17.676 Thread 0x00000151783e4260 Thread added: 0x000001517a608380
Event: 17.676 Thread 0x00000151783e4260 Thread added: 0x00000151783e1b00
Event: 17.677 Thread 0x00000151783e4260 Thread added: 0x000001517a8ba080
Event: 20.818 Thread 0x00000151783e4260 Thread added: 0x000001517a8bdb90
Event: 21.688 Thread 0x00000151783e4260 Thread added: 0x000001517a8bbac0


Dynamic libraries:
0x00007ff7abf10000 - 0x00007ff7abf1e000 	C:\Users\Administrador\.gradle\jdks\eclipse_adoptium-21-amd64-windows.2\bin\java.exe
0x00007ff88ccf0000 - 0x00007ff88cee9000 	C:\WINDOWS\SYSTEM32\ntdll.dll
0x00007ff84e0d0000 - 0x00007ff84e0f1000 	C:\Program Files\Avast Software\Avast\aswhook.dll
0x00007ff88be30000 - 0x00007ff88bef2000 	C:\WINDOWS\System32\KERNEL32.DLL
0x00007ff88a570000 - 0x00007ff88a867000 	C:\WINDOWS\System32\KERNELBASE.dll
0x00007ff88a9d0000 - 0x00007ff88aad0000 	C:\WINDOWS\System32\ucrtbase.dll
0x00007ff84f900000 - 0x00007ff84f91e000 	C:\Users\Administrador\.gradle\jdks\eclipse_adoptium-21-amd64-windows.2\bin\VCRUNTIME140.dll
0x00007ff852b70000 - 0x00007ff852b88000 	C:\Users\Administrador\.gradle\jdks\eclipse_adoptium-21-amd64-windows.2\bin\jli.dll
0x00007ff88ad30000 - 0x00007ff88aecd000 	C:\WINDOWS\System32\USER32.dll
0x00007ff88a400000 - 0x00007ff88a422000 	C:\WINDOWS\System32\win32u.dll
0x00007ff88acf0000 - 0x00007ff88ad1b000 	C:\WINDOWS\System32\GDI32.dll
0x00007ff873c20000 - 0x00007ff873ebb000 	C:\WINDOWS\WinSxS\amd64_microsoft.windows.common-controls_6595b64144ccf1df_6.0.19041.6926_none_60b5a53971f8f7e6\COMCTL32.dll
0x00007ff88aad0000 - 0x00007ff88abea000 	C:\WINDOWS\System32\gdi32full.dll
0x00007ff88aed0000 - 0x00007ff88af6e000 	C:\WINDOWS\System32\msvcrt.dll
0x00007ff88a360000 - 0x00007ff88a3fd000 	C:\WINDOWS\System32\msvcp_win.dll
0x00007ff88be00000 - 0x00007ff88be2f000 	C:\WINDOWS\System32\IMM32.DLL
0x00007ff876b00000 - 0x00007ff876b0c000 	C:\Users\Administrador\.gradle\jdks\eclipse_adoptium-21-amd64-windows.2\bin\vcruntime140_1.dll
0x00007ff84ab00000 - 0x00007ff84ab8d000 	C:\Users\Administrador\.gradle\jdks\eclipse_adoptium-21-amd64-windows.2\bin\msvcp140.dll
0x00007fff9b740000 - 0x00007fff9c4d0000 	C:\Users\Administrador\.gradle\jdks\eclipse_adoptium-21-amd64-windows.2\bin\server\jvm.dll
0x00007ff88cb40000 - 0x00007ff88cbf1000 	C:\WINDOWS\System32\ADVAPI32.dll
0x00007ff88c770000 - 0x00007ff88c80f000 	C:\WINDOWS\System32\sechost.dll
0x00007ff88b970000 - 0x00007ff88ba96000 	C:\WINDOWS\System32\RPCRT4.dll
0x00007ff88ac40000 - 0x00007ff88ac67000 	C:\WINDOWS\System32\bcrypt.dll
0x00007ff88b820000 - 0x00007ff88b88b000 	C:\WINDOWS\System32\WS2_32.dll
0x00007ff88a1b0000 - 0x00007ff88a1fb000 	C:\WINDOWS\SYSTEM32\POWRPROF.dll
0x00007ff8813b0000 - 0x00007ff8813d7000 	C:\WINDOWS\SYSTEM32\WINMM.dll
0x00007ff8828c0000 - 0x00007ff8828ca000 	C:\WINDOWS\SYSTEM32\VERSION.dll
0x00007ff88a190000 - 0x00007ff88a1a2000 	C:\WINDOWS\SYSTEM32\UMPDC.dll
0x00007ff888b30000 - 0x00007ff888b42000 	C:\WINDOWS\SYSTEM32\kernel.appcore.dll
0x00007ff86a280000 - 0x00007ff86a28a000 	C:\Users\Administrador\.gradle\jdks\eclipse_adoptium-21-amd64-windows.2\bin\jimage.dll
0x00007ff888050000 - 0x00007ff888251000 	C:\WINDOWS\SYSTEM32\DBGHELP.DLL
0x00007ff881f60000 - 0x00007ff881f94000 	C:\WINDOWS\SYSTEM32\dbgcore.DLL
0x00007ff88a430000 - 0x00007ff88a4b2000 	C:\WINDOWS\System32\bcryptPrimitives.dll
0x00007ff8693d0000 - 0x00007ff8693df000 	C:\Users\Administrador\.gradle\jdks\eclipse_adoptium-21-amd64-windows.2\bin\instrument.dll
0x00007ff84e110000 - 0x00007ff84e12f000 	C:\Users\Administrador\.gradle\jdks\eclipse_adoptium-21-amd64-windows.2\bin\java.dll
0x00007ff88bf00000 - 0x00007ff88c671000 	C:\WINDOWS\System32\SHELL32.dll
0x00007ff888370000 - 0x00007ff888b16000 	C:\WINDOWS\SYSTEM32\windows.storage.dll
0x00007ff88baa0000 - 0x00007ff88bdf3000 	C:\WINDOWS\System32\combase.dll
0x00007ff889bd0000 - 0x00007ff889bfb000 	C:\WINDOWS\SYSTEM32\Wldp.dll
0x00007ff88b890000 - 0x00007ff88b966000 	C:\WINDOWS\System32\OLEAUT32.dll
0x00007ff88b0f0000 - 0x00007ff88b19d000 	C:\WINDOWS\System32\SHCORE.dll
0x00007ff88c710000 - 0x00007ff88c76b000 	C:\WINDOWS\System32\shlwapi.dll
0x00007ff88a280000 - 0x00007ff88a2a4000 	C:\WINDOWS\SYSTEM32\profapi.dll
0x00007ff836190000 - 0x00007ff836267000 	C:\Users\Administrador\.gradle\jdks\eclipse_adoptium-21-amd64-windows.2\bin\jsvml.dll
0x00007ff84c6b0000 - 0x00007ff84c6c8000 	C:\Users\Administrador\.gradle\jdks\eclipse_adoptium-21-amd64-windows.2\bin\zip.dll
0x00007ff867fe0000 - 0x00007ff867ff0000 	C:\Users\Administrador\.gradle\jdks\eclipse_adoptium-21-amd64-windows.2\bin\net.dll
0x00007ff8821c0000 - 0x00007ff8822ca000 	C:\WINDOWS\SYSTEM32\WINHTTP.dll
0x00007ff889980000 - 0x00007ff8899ea000 	C:\WINDOWS\system32\mswsock.dll
0x00007ff84b820000 - 0x00007ff84b836000 	C:\Users\Administrador\.gradle\jdks\eclipse_adoptium-21-amd64-windows.2\bin\nio.dll
0x00007ff867cc0000 - 0x00007ff867cd0000 	C:\Users\Administrador\.gradle\jdks\eclipse_adoptium-21-amd64-windows.2\bin\verify.dll
0x00007ff858240000 - 0x00007ff858267000 	C:\Users\Administrador\.gradle\native\660c5614fbf4a5f2a75b1949f50a0caf5cd603558e7d8a26e50b933a0cfb79d1\windows-amd64\native-platform.dll
0x00007ff84aa80000 - 0x00007ff84aaf7000 	C:\Users\Administrador\.gradle\native\0.2.8\x86_64-windows-gnu\gradle-fileevents.dll
0x00007ff867b00000 - 0x00007ff867b0a000 	C:\Users\Administrador\.gradle\jdks\eclipse_adoptium-21-amd64-windows.2\bin\management.dll
0x00007ff867750000 - 0x00007ff86775b000 	C:\Users\Administrador\.gradle\jdks\eclipse_adoptium-21-amd64-windows.2\bin\management_ext.dll
0x00007ff88c810000 - 0x00007ff88c818000 	C:\WINDOWS\System32\PSAPI.DLL
0x00007ff889680000 - 0x00007ff8896bb000 	C:\WINDOWS\SYSTEM32\IPHLPAPI.DLL
0x00007ff88ad20000 - 0x00007ff88ad28000 	C:\WINDOWS\System32\NSI.dll
0x00007ff863dd0000 - 0x00007ff863dd9000 	C:\Users\Administrador\.gradle\jdks\eclipse_adoptium-21-amd64-windows.2\bin\extnet.dll
0x00007ff889f40000 - 0x00007ff889f58000 	C:\WINDOWS\SYSTEM32\CRYPTSP.dll
0x00007ff8892c0000 - 0x00007ff8892f8000 	C:\WINDOWS\system32\rsaenh.dll
0x00007ff88a200000 - 0x00007ff88a22e000 	C:\WINDOWS\SYSTEM32\USERENV.dll
0x00007ff876b30000 - 0x00007ff876b3e000 	C:\Users\Administrador\.gradle\jdks\eclipse_adoptium-21-amd64-windows.2\bin\sunmscapi.dll
0x00007ff88a870000 - 0x00007ff88a9cd000 	C:\WINDOWS\System32\CRYPT32.dll
0x00007ff889c40000 - 0x00007ff889c67000 	C:\WINDOWS\SYSTEM32\ncrypt.dll
0x00007ff889c00000 - 0x00007ff889c3b000 	C:\WINDOWS\SYSTEM32\NTASN1.dll
0x00007ff882460000 - 0x00007ff882467000 	C:\WINDOWS\system32\wshunix.dll

dbghelp: loaded successfully - version: 4.0.5 - missing functions: none
symbol engine: initialized successfully - sym options: 0x614 - pdb path: .;C:\Users\Administrador\.gradle\jdks\eclipse_adoptium-21-amd64-windows.2\bin;C:\WINDOWS\SYSTEM32;C:\Program Files\Avast Software\Avast;C:\WINDOWS\WinSxS\amd64_microsoft.windows.common-controls_6595b64144ccf1df_6.0.19041.6926_none_60b5a53971f8f7e6;C:\Users\Administrador\.gradle\jdks\eclipse_adoptium-21-amd64-windows.2\bin\server;C:\Users\Administrador\.gradle\native\660c5614fbf4a5f2a75b1949f50a0caf5cd603558e7d8a26e50b933a0cfb79d1\windows-amd64;C:\Users\Administrador\.gradle\native\0.2.8\x86_64-windows-gnu

VM Arguments:
jvm_args: --add-opens=java.base/java.lang=ALL-UNNAMED --add-opens=java.base/java.lang.invoke=ALL-UNNAMED --add-opens=java.base/java.util=ALL-UNNAMED --add-opens=java.prefs/java.util.prefs=ALL-UNNAMED --add-exports=jdk.compiler/com.sun.tools.javac.api=ALL-UNNAMED --add-exports=jdk.compiler/com.sun.tools.javac.util=ALL-UNNAMED --add-opens=java.base/java.util=ALL-UNNAMED --add-opens=java.prefs/java.util.prefs=ALL-UNNAMED --add-opens=java.base/java.nio.charset=ALL-UNNAMED --add-opens=java.base/java.net=ALL-UNNAMED --add-opens=java.base/java.util.concurrent=ALL-UNNAMED --add-opens=java.base/java.util.concurrent.atomic=ALL-UNNAMED --add-opens=java.xml/javax.xml.namespace=ALL-UNNAMED --add-opens=java.base/java.time=ALL-UNNAMED -Xmx2048m -Dfile.encoding=UTF-8 -Duser.country=BR -Duser.language=pt -Duser.variant -javaagent:C:\Users\Administrador\.gradle\wrapper\dists\gradle-9.3.1-bin\23ovyewtku6u96viwx3xl3oks\gradle-9.3.1\lib\agents\gradle-instrumentation-agent-9.3.1.jar 
java_command: org.gradle.launcher.daemon.bootstrap.GradleDaemon 9.3.1
java_class_path (initial): C:\Users\Administrador\.gradle\wrapper\dists\gradle-9.3.1-bin\23ovyewtku6u96viwx3xl3oks\gradle-9.3.1\lib\gradle-daemon-main-9.3.1.jar
Launcher Type: SUN_STANDARD

[Global flags]
     intx CICompilerCount                          = 3                                         {product} {ergonomic}
     uint ConcGCThreads                            = 1                                         {product} {ergonomic}
     uint G1ConcRefinementThreads                  = 4                                         {product} {ergonomic}
   size_t G1HeapRegionSize                         = 1048576                                   {product} {ergonomic}
    uintx GCDrainStackTargetSize                   = 64                                        {product} {ergonomic}
   size_t InitialHeapSize                          = 199229440                                 {product} {ergonomic}
   size_t MarkStackSize                            = 4194304                                   {product} {ergonomic}
   size_t MaxHeapSize                              = 2147483648                                {product} {command line}
   size_t MaxNewSize                               = 1287651328                                {product} {ergonomic}
   size_t MinHeapDeltaBytes                        = 1048576                                   {product} {ergonomic}
   size_t MinHeapSize                              = 8388608                                   {product} {ergonomic}
    uintx NonNMethodCodeHeapSize                   = 5832780                                {pd product} {ergonomic}
    uintx NonProfiledCodeHeapSize                  = 122912730                              {pd product} {ergonomic}
    uintx ProfiledCodeHeapSize                     = 122912730                              {pd product} {ergonomic}
    uintx ReservedCodeCacheSize                    = 251658240                              {pd product} {ergonomic}
     bool SegmentedCodeCache                       = true                                      {product} {ergonomic}
   size_t SoftMaxHeapSize                          = 2147483648                             {manageable} {ergonomic}
     bool UseCompressedOops                        = true                           {product lp64_product} {ergonomic}
     bool UseG1GC                                  = true                                      {product} {ergonomic}
     bool UseLargePagesIndividualAllocation        = false                                  {pd product} {ergonomic}

Logging:
Log output configuration:
 #0: stdout all=warning uptime,level,tags foldmultilines=false
 #1: stderr all=off uptime,level,tags foldmultilines=false

Environment Variables:
PATH=C:\Program Files\Microsoft MPI\Bin\;C:\Program Files\Common Files\Oracle\Java\javapath;C:\Program Files (x86)\Common Files\Oracle\Java\java8path;C:\Program Files (x86)\Common Files\Oracle\Java\javapath;C:\WINDOWS\system32;C:\WINDOWS;C:\WINDOWS\System32\Wbem;C:\WINDOWS\System32\WindowsPowerShell\v1.0\;C:\WINDOWS\System32\OpenSSH\;C:\Program Files (x86)\Microsoft SQL Server\170\Tools\Binn\;C:\Program Files\Microsoft SQL Server\170\Tools\Binn\;C:\Program Files\Microsoft SQL Server\Client SDK\ODBC\180\Tools\Binn\;C:\Program Files\Microsoft SQL Server\170\DTS\Binn\;C:\Program Files\nodejs\;C:\Program Files\Git\cmd;C:\Users\Administrador\AppData\Local\Programs\Python\Python313\Scripts\;C:\Users\Administrador\AppData\Local\Programs\Python\Python313\;C:\Users\Administrador\AppData\Local\Microsoft\WindowsApps;C:\Users\Administrador\AppData\Local\Programs\Microsoft VS Code\bin;C:\Users\Administrador\AppData\Local\Python\bin;C:\Users\Administrador\AppData\Roaming\npm;C:\Users\Administrador\.lmstudio\bin
USERNAME=Administrador
TERM=xterm
OS=Windows_NT
PROCESSOR_IDENTIFIER=Intel64 Family 6 Model 126 Stepping 5, GenuineIntel
TMP=C:\Users\ADMINI~1\AppData\Local\Temp
TEMP=C:\Users\ADMINI~1\AppData\Local\Temp




Periodic native trim disabled

---------------  S Y S T E M  ---------------

OS:
 Windows 10 , 64 bit Build 19041 (10.0.19041.7291)
OS uptime: 2 days 0:30 hours
Hyper-V role detected

CPU: total 4 (initial active 4) (4 cores per cpu, 2 threads per core) family 6 model 126 stepping 5 microcode 0xa6, cx8, cmov, fxsr, ht, mmx, 3dnowpref, sse, sse2, sse3, ssse3, sse4.1, sse4.2, popcnt, lzcnt, tsc, tscinvbit, avx, avx2, aes, erms, clmul, bmi1, bmi2, adx, avx512f, avx512dq, avx512cd, avx512bw, avx512vl, sha, fma, vzeroupper, avx512_vpopcntdq, avx512_vpclmulqdq, avx512_vaes, avx512_vnni, clflush, clflushopt, avx512_vbmi2, avx512_vbmi, hv, rdtscp, rdpid, fsrm, gfni, avx512_bitalg, f16c, avx512_ifma
Processor Information for the first 4 processors :
  Max Mhz: 1190, Current Mhz: 991, Mhz Limit: 987

Memory: 4k page, system-wide physical 12083M (221M free)
TotalPageFile size 48947M (AvailPageFile size 7M)
current process WorkingSet (physical memory assigned to process): 404M, peak: 404M
current process commit charge ("private bytes"): 440M, peak: 441M

vm_info: OpenJDK 64-Bit Server VM (21.0.7+6-LTS) for windows-amd64 JRE (21.0.7+6-LTS), built on 2025-04-15T00:00:00Z by "admin" with MS VC++ 17.7 (VS2022)

END.
